=== PART A: liveness / markers / slots / toff / tref (NF=20) ===
  sel0 records>1000                                          PASS 
  sel0 I/Q not all zero                                      PASS 
  sel0 demod marks per frame ~1                              PASS 
  sel0 tx marks per frame ~1                                 PASS 
  sel0 slot cycles 0..3                                      PASS 
  sel0 toff in range and steady                              PASS mode=12323 frac=1.000
  sel0 tref slot monotone mod 12333                          PASS 
  sel1 records>1000                                          PASS 
  sel1 I/Q not all zero                                      PASS 
  sel1 demod marks per frame ~1                              PASS 
  sel1 tx marks per frame ~1                                 PASS 
  sel1 slot cycles 0..3                                      PASS 
  sel1 toff in range and steady                              PASS mode=12323 frac=1.000
  sel1 tref slot monotone mod 12333                          PASS 
  sel2 records>1000                                          PASS 
  sel2 I/Q not all zero                                      PASS 
  sel2 demod marks per frame ~1                              PASS 
  sel2 tx marks per frame ~1                                 PASS 
  sel2 slot cycles 0..3                                      PASS 
  sel2 toff in range and steady                              PASS mode=12323 frac=1.000
  sel2 tref slot monotone mod 12333                          PASS 
  sel3 records>1000                                          PASS 
  sel3 I/Q not all zero                                      PASS 
  sel3 demod marks per frame ~1                              PASS 
  sel3 tx marks per frame ~1                                 PASS 
  sel3 slot cycles 0..3                                      PASS 
  sel3 toff in range and steady                              PASS mode=12323 frac=1.000
  sel3 tref slot monotone mod 12333                          PASS 
  sel4 records>1000                                          PASS 
  sel4 I/Q not all zero                                      PASS 
  sel4 demod marks per frame ~1                              PASS 
  sel4 tx marks per frame ~1                                 PASS 
  sel4 slot cycles 0..3                                      PASS 
  sel4 toff in range and steady                              PASS mode=12323 frac=1.000
  sel4 tref slot monotone mod 12333                          PASS 
  sel5 records>1000                                          PASS 
  sel5 I/Q not all zero                                      PASS 
  sel5 demod marks per frame ~1                              PASS 
  sel5 tx marks per frame ~1                                 PASS 
  sel5 slot cycles 0..3                                      PASS 
  sel5 toff in range and steady                              PASS mode=12323 frac=1.000
  sel5 tref slot monotone mod 12333                          PASS 
  sel6 records>1000                                          PASS 
  sel6 I/Q not all zero                                      PASS 
  sel6 demod marks per frame ~1                              PASS 
  sel6 tx marks per frame ~1                                 PASS 
  sel6 slot cycles 0..3                                      PASS 
  sel6 toff in range and steady                              PASS mode=12323 frac=1.000
  sel6 tref slot monotone mod 12333                          PASS 
  sel8 records>1000                                          PASS 
  sel8 I/Q not all zero                                      PASS 
  sel8 demod marks per frame ~1                              PASS 
  sel8 tx marks per frame ~1                                 PASS 
  sel8 slot cycles 0..3                                      PASS 
  sel8 toff in range and steady                              PASS mode=12323 frac=1.000
  sel8 tref slot monotone mod 12333                          PASS 
  sel9 records>200                                           PASS 
  sel9 I/Q not all zero                                      PASS 
  sel9 demod marks per frame ~1                              PASS 
  sel9 tx marks per frame ~1                                 PASS 
  sel9 slot cycles 0..3                                      PASS 
  sel9 toff in range and steady                              PASS mode=12323 frac=1.000
  sel9 tref slot monotone mod 12333                          PASS 
  sel10 records>200                                          PASS 
  sel10 I/Q not all zero                                     PASS 
  sel10 demod marks per frame ~1                             PASS 
  sel10 tx marks per frame ~1                                PASS 
  sel10 slot cycles 0..3                                     PASS 
  sel10 toff in range and steady                             PASS mode=12323 frac=1.000
  sel10 tref slot monotone mod 12333                         PASS 
  sel11 records>200                                          PASS 
  sel11 I/Q not all zero                                     PASS 
  sel11 demod marks per frame ~1                             PASS 
  sel11 tx marks per frame ~1                                PASS 
  sel11 slot cycles 0..3                                     PASS 
  sel11 toff in range and steady                             PASS mode=12323 frac=1.000
  sel11 tref slot monotone mod 12333                         PASS 
  # NOTE: sel12 rows below are from the NF=40 re-verify run (ddrcap2_sel12_recheck.log), not this NF=20 sweep -- see task-4-report.md provenance note
  sel12 records>1000                                         PASS 
  sel12 I/Q not all zero                                     PASS 
  sel12 demod marks per frame ~1                             PASS 
  sel12 tx marks per frame ~1                                PASS 
  sel12 slot cycles 0..3                                     PASS 
  sel12 toff in range and steady                             PASS mode=12323 frac=1.000
  sel12 tref slot monotone mod 12333                         PASS 
  sel12 secondary-peak census (data, not a gate)             PASS secondaries(0.45x-0.8x)/frame mean=16.0 largest_secondary_ratio=0.61 offset_from_main=-1399 records frames_checked=66
  sel12 correlator single main peak (>0.8x max)              PASS frames_checked=66
  sel13 records>1000                                         PASS n=1331660
  sel13 I/Q not all zero                                     PASS 
  sel13 demod marks per frame ~1                             PASS 
  sel13 tx marks per frame ~1                                PASS 
  sel13 slot cycles 0..3                                     PASS 
  sel13 toff in range and steady                             PASS mode=12323 frac=1.000
  sel13 tref slot monotone mod 12333                         PASS 
  sel13 countReg not constant                                PASS distinct=272
  sel13 underflow bit mean ~0.25 (4 records/symbol)          PASS underflow mean=0.250 (want 0.25+/-0.03)
  sel14 records>1000                                         PASS 
  sel14 I/Q not all zero                                     PASS 
  sel14 demod marks per frame ~1                             PASS 
  sel14 tx marks per frame ~1                                PASS 
  sel14 slot cycles 0..3                                     PASS 
  sel14 toff in range and steady                             PASS mode=12323 frac=1.000
  sel14 tref slot monotone mod 12333                         PASS 
  sel15 records>1000                                         PASS n=1331660
  sel15 I/Q not all zero                                     PASS 
  sel15 demod marks per frame ~1                             PASS 
  sel15 tx marks per frame ~1                                PASS 
  sel15 slot cycles 0..3                                     PASS 
  sel15 toff in range and steady                             PASS mode=12323 frac=1.000
  sel15 tref slot monotone mod 12333                         PASS 
  sel15 push counter advances (not constant)                 PASS distinct=32 (+1 mod32 beat-to-beat=332915/1331659, context only)
  sel15 RhCtr cycles within 0..3                             PASS distinct=4 maxval=3
DDRCAP2_GATE_A PASS
=== PART B: forced non-null per field (flat build, NF=8) ===
  force timingOffset=0x2ABC -> ch2[13:0]                     PASS expect=0x2ABC mask=0xFFFF K=8 maxRun=16 window=[1086012,1086142)
  force heldTs=0x12345 -> slot0 = 0x2345                     PASS expect=0x2345 mask=0xFFFF K=3 maxRun=4 window=[1086012,1086142)
  force tref=0x1234 -> slot1                                 PASS expect=0x1234 mask=0xFFFF K=3 maxRun=4 window=[1086012,1086142)
  tref no-force (falsifiability control)                     PASS NO FORCE: expect=0x1234 mask=0xFFFF K=3 maxRun=0 (must stay <K) -> FAIL-AS-EXPECTED
  force runMax=0x2AAC0000 -> slot2 = 0x0AAB                  PASS expect=0xAAB mask=0xFFFF K=3 maxRun=4 window=[1086012,1086142)
  force threshold=0x15540000 -> slot3 = 0x0555               PASS expect=0x555 mask=0xFFFF K=3 maxRun=4 window=[1086012,1086142)
  force corr=0x01234567 -> sel12 I=0x0123                    PASS expect=0x123 mask=0xFFFF K=8 maxRun=16 window=[1086012,1086142)
  ... sel12 Q=0x4567                                         PASS expect=0x4567 mask=0xFFFF K=8 maxRun=16 window=[1086012,1086142)
  force muReg=0x155 -> sel13 Q                               PASS expect=0x155 mask=0xFFFF K=8 maxRun=65 window=[1086012,1086142)
  force Rate_Handle FIFO push=0x15 -> sel15 I[7:3]           PASS expect=0xA8 mask=0xF8 K=8 maxRun=65 window=[1086012,1086142)
  FIFO push no-force (falsifiability control)                PASS NO FORCE: expect=0xA8 mask=0xF8 K=8 maxRun=5 (must stay <K) -> FAIL-AS-EXPECTED
DDRCAP2_GATE_B PASS
=== PART C: sel14 differs golden vs perturbed TX words ===
  sel14 golden vs perturbed differ                           PASS diff=1181864/1331660
DDRCAP2_GATE_C PASS
DDRCAP2_GATE PASS
