RX drain budget: 4 slices/pump call (0 = unbounded; TX can be fed between chunks)
RX queued-request mode ON (no reset between transfers; wdog 3.0s)
QPSK_TXLOG: ring of last 1048576 tx frames (32 MiB, 32 B/rec) -> /dev/shm/txlog.bin (also on SIGUSR1)
QPSK_FAILHDR: ring of last 65536 failed headers (2 MiB, 32 B/rec) -> /dev/shm/failhdr.bin
framelog: /dev/shm/frames.bin (48 B/frame)
irq mode: uio2/uio1
READY tun0
rx_queued: no ENGINE event for 3.0s -- re-arming (recovery #1)
qpsk_tun stats: tunA_rx=2 tunA_tx=0 tunB_rx=0 tunB_tx=0 dma_tx=6228 dma_rx_ok=0 crc_drop=6224 seq_gap=0 idle_tx=6226 idle_rx=0 tun_drop=0 oversize=0 tx_stall=0 b_drop=0 retx=0 dups=0 recovered=0 naks_tx=0 naks_rx=0 arq_lost=0
qpsk_tun txgap: n=6228 empty=0 gt20us=0 gt50us=0 gt200us=0 max_us=0 p99_us=0 mean_us=0.0 idle_batch=0
qpsk_tun stats: tunA_rx=2 tunA_tx=0 tunB_rx=0 tunB_tx=0 dma_tx=12456 dma_rx_ok=0 crc_drop=10488 seq_gap=0 idle_tx=12454 idle_rx=1957 tun_drop=0 oversize=0 tx_stall=0 b_drop=0 retx=0 dups=0 recovered=0 naks_tx=0 naks_rx=0 arq_lost=0
qpsk_tun txgap: n=6228 empty=1 gt20us=1 gt50us=0 gt200us=0 max_us=44 p99_us=47 mean_us=44.0 idle_batch=0
qpsk_tun stats: tunA_rx=3 tunA_tx=0 tunB_rx=0 tunB_tx=1 dma_tx=18684 dma_rx_ok=1 crc_drop=11986 seq_gap=0 idle_tx=18681 idle_rx=6685 tun_drop=0 oversize=0 tx_stall=0 b_drop=0 retx=0 dups=0 recovered=0 naks_tx=0 naks_rx=0 arq_lost=0
qpsk_tun txgap: n=6228 empty=0 gt20us=0 gt50us=0 gt200us=0 max_us=0 p99_us=0 mean_us=0.0 idle_batch=0
qpsk_tun stats: tunA_rx=3 tunA_tx=0 tunB_rx=0 tunB_tx=1 dma_tx=24912 dma_rx_ok=1 crc_drop=12384 seq_gap=0 idle_tx=24909 idle_rx=12516 tun_drop=0 oversize=0 tx_stall=0 b_drop=0 retx=0 dups=0 recovered=0 naks_tx=0 naks_rx=0 arq_lost=0
qpsk_tun txgap: n=6228 empty=0 gt20us=0 gt50us=0 gt200us=0 max_us=0 p99_us=0 mean_us=0.0 idle_batch=0
qpsk_tun stats: tunA_rx=3 tunA_tx=0 tunB_rx=0 tunB_tx=1 dma_tx=31140 dma_rx_ok=1 crc_drop=12566 seq_gap=0 idle_tx=31137 idle_rx=18562 tun_drop=0 oversize=0 tx_stall=0 b_drop=0 retx=0 dups=0 recovered=0 naks_tx=0 naks_rx=0 arq_lost=0
qpsk_tun txgap: n=6228 empty=0 gt20us=0 gt50us=0 gt200us=0 max_us=0 p99_us=0 mean_us=0.0 idle_batch=0
qpsk_tun stats: tunA_rx=4 tunA_tx=0 tunB_rx=0 tunB_tx=1497 dma_tx=37368 dma_rx_ok=1497 crc_drop=12763 seq_gap=45 idle_tx=37364 idle_rx=23045 tun_drop=0 oversize=0 tx_stall=0 b_drop=0 retx=0 dups=0 recovered=0 naks_tx=0 naks_rx=0 arq_lost=0
qpsk_tun txgap: n=6228 empty=4 gt20us=4 gt50us=4 gt200us=4 max_us=472 p99_us=511 mean_us=461.0 idle_batch=0
qpsk_tun stats: tunA_rx=4 tunA_tx=0 tunB_rx=0 tunB_tx=7502 dma_tx=43596 dma_rx_ok=7502 crc_drop=12987 seq_gap=230 idle_tx=43592 idle_rx=23045 tun_drop=0 oversize=0 tx_stall=0 b_drop=0 retx=0 dups=0 recovered=0 naks_tx=0 naks_rx=0 arq_lost=0
qpsk_tun txgap: n=6228 empty=4 gt20us=4 gt50us=4 gt200us=4 max_us=630 p99_us=767 mean_us=570.5 idle_batch=0
qpsk_tun stats: tunA_rx=4 tunA_tx=0 tunB_rx=0 tunB_tx=13502 dma_tx=49824 dma_rx_ok=13502 crc_drop=13212 seq_gap=413 idle_tx=49820 idle_rx=23045 tun_drop=0 oversize=0 tx_stall=0 b_drop=0 retx=0 dups=0 recovered=0 naks_tx=0 naks_rx=0 arq_lost=0
qpsk_tun txgap: n=6228 empty=0 gt20us=0 gt50us=0 gt200us=0 max_us=0 p99_us=0 mean_us=0.0 idle_batch=0
qpsk_tun stats: tunA_rx=4 tunA_tx=0 tunB_rx=0 tunB_tx=19485 dma_tx=56052 dma_rx_ok=19485 crc_drop=13448 seq_gap=602 idle_tx=56048 idle_rx=23045 tun_drop=0 oversize=0 tx_stall=0 b_drop=0 retx=0 dups=0 recovered=0 naks_tx=0 naks_rx=0 arq_lost=0
qpsk_tun txgap: n=6228 empty=0 gt20us=0 gt50us=0 gt200us=0 max_us=0 p99_us=0 mean_us=0.0 idle_batch=0
qpsk_tun stats: tunA_rx=4 tunA_tx=0 tunB_rx=0 tunB_tx=25481 dma_tx=62280 dma_rx_ok=25481 crc_drop=13658 seq_gap=784 idle_tx=62276 idle_rx=23045 tun_drop=0 oversize=0 tx_stall=0 b_drop=0 retx=0 dups=0 recovered=0 naks_tx=0 naks_rx=0 arq_lost=0
qpsk_tun txgap: n=6228 empty=3 gt20us=3 gt50us=3 gt200us=3 max_us=16928 p99_us=24575 mean_us=5804.4 idle_batch=0
qpsk_tun stats: tunA_rx=4 tunA_tx=0 tunB_rx=0 tunB_tx=31501 dma_tx=68508 dma_rx_ok=31501 crc_drop=13859 seq_gap=956 idle_tx=68504 idle_rx=23045 tun_drop=0 oversize=0 tx_stall=0 b_drop=0 retx=0 dups=0 recovered=0 naks_tx=0 naks_rx=0 arq_lost=0
qpsk_tun txgap: n=6228 empty=0 gt20us=0 gt50us=0 gt200us=0 max_us=0 p99_us=0 mean_us=0.0 idle_batch=0
qpsk_tun stats: tunA_rx=4 tunA_tx=0 tunB_rx=0 tunB_tx=37500 dma_tx=74736 dma_rx_ok=37500 crc_drop=14080 seq_gap=1143 idle_tx=74732 idle_rx=23045 tun_drop=0 oversize=0 tx_stall=0 b_drop=0 retx=0 dups=0 recovered=0 naks_tx=0 naks_rx=0 arq_lost=0
qpsk_tun txgap: n=6228 empty=0 gt20us=0 gt50us=0 gt200us=0 max_us=0 p99_us=0 mean_us=0.0 idle_batch=0
qpsk_tun stats: tunA_rx=5 tunA_tx=0 tunB_rx=0 tunB_tx=43502 dma_tx=80964 dma_rx_ok=43502 crc_drop=14305 seq_gap=1321 idle_tx=80959 idle_rx=23045 tun_drop=0 oversize=0 tx_stall=0 b_drop=0 retx=0 dups=0 recovered=0 naks_tx=0 naks_rx=0 arq_lost=0
qpsk_tun txgap: n=6228 empty=0 gt20us=0 gt50us=0 gt200us=0 max_us=0 p99_us=0 mean_us=0.0 idle_batch=0
qpsk_tun stats: tunA_rx=5 tunA_tx=0 tunB_rx=0 tunB_tx=49517 dma_tx=87192 dma_rx_ok=49517 crc_drop=14517 seq_gap=1504 idle_tx=87187 idle_rx=23045 tun_drop=0 oversize=0 tx_stall=0 b_drop=0 retx=0 dups=0 recovered=0 naks_tx=0 naks_rx=0 arq_lost=0
qpsk_tun txgap: n=6228 empty=0 gt20us=0 gt50us=0 gt200us=0 max_us=0 p99_us=0 mean_us=0.0 idle_batch=0
qpsk_tun stats: tunA_rx=5 tunA_tx=0 tunB_rx=0 tunB_tx=55529 dma_tx=93420 dma_rx_ok=55529 crc_drop=14733 seq_gap=1687 idle_tx=93415 idle_rx=23045 tun_drop=0 oversize=0 tx_stall=0 b_drop=0 retx=0 dups=0 recovered=0 naks_tx=0 naks_rx=0 arq_lost=0
qpsk_tun txgap: n=6228 empty=0 gt20us=0 gt50us=0 gt200us=0 max_us=0 p99_us=0 mean_us=0.0 idle_batch=0
qpsk_tun stats: tunA_rx=5 tunA_tx=0 tunB_rx=0 tunB_tx=61538 dma_tx=99648 dma_rx_ok=61538 crc_drop=14952 seq_gap=1868 idle_tx=99643 idle_rx=23045 tun_drop=0 oversize=0 tx_stall=0 b_drop=0 retx=0 dups=0 recovered=0 naks_tx=0 naks_rx=0 arq_lost=0
qpsk_tun txgap: n=6228 empty=0 gt20us=0 gt50us=0 gt200us=0 max_us=0 p99_us=0 mean_us=0.0 idle_batch=0
qpsk_tun stats: tunA_rx=5 tunA_tx=0 tunB_rx=0 tunB_tx=67535 dma_tx=105876 dma_rx_ok=67535 crc_drop=15182 seq_gap=2052 idle_tx=105871 idle_rx=23045 tun_drop=0 oversize=0 tx_stall=0 b_drop=0 retx=0 dups=0 recovered=0 naks_tx=0 naks_rx=0 arq_lost=0
qpsk_tun txgap: n=6228 empty=0 gt20us=0 gt50us=0 gt200us=0 max_us=0 p99_us=0 mean_us=0.0 idle_batch=0
qpsk_tun stats: tunA_rx=5 tunA_tx=0 tunB_rx=0 tunB_tx=73535 dma_tx=112104 dma_rx_ok=73535 crc_drop=15409 seq_gap=2233 idle_tx=112099 idle_rx=23045 tun_drop=0 oversize=0 tx_stall=0 b_drop=0 retx=0 dups=0 recovered=0 naks_tx=0 naks_rx=0 arq_lost=0
qpsk_tun txgap: n=6228 empty=0 gt20us=0 gt50us=0 gt200us=0 max_us=0 p99_us=0 mean_us=0.0 idle_batch=0
qpsk_tun stats: tunA_rx=5 tunA_tx=0 tunB_rx=0 tunB_tx=79546 dma_tx=118332 dma_rx_ok=79546 crc_drop=15626 seq_gap=2416 idle_tx=118327 idle_rx=23045 tun_drop=0 oversize=0 tx_stall=0 b_drop=0 retx=0 dups=0 recovered=0 naks_tx=0 naks_rx=0 arq_lost=0
qpsk_tun txgap: n=6228 empty=0 gt20us=0 gt50us=0 gt200us=0 max_us=0 p99_us=0 mean_us=0.0 idle_batch=0
qpsk_tun stats: tunA_rx=5 tunA_tx=0 tunB_rx=0 tunB_tx=85467 dma_tx=124560 dma_rx_ok=85467 crc_drop=15911 seq_gap=2623 idle_tx=124555 idle_rx=23045 tun_drop=0 oversize=0 tx_stall=0 b_drop=0 retx=0 dups=0 recovered=0 naks_tx=0 naks_rx=0 arq_lost=0
qpsk_tun txgap: n=6228 empty=0 gt20us=0 gt50us=0 gt200us=0 max_us=0 p99_us=0 mean_us=0.0 idle_batch=0
qpsk_tun stats: tunA_rx=5 tunA_tx=0 tunB_rx=0 tunB_tx=91459 dma_tx=130788 dma_rx_ok=91459 crc_drop=16141 seq_gap=2809 idle_tx=130783 idle_rx=23045 tun_drop=0 oversize=0 tx_stall=0 b_drop=0 retx=0 dups=0 recovered=0 naks_tx=0 naks_rx=0 arq_lost=0
qpsk_tun txgap: n=6228 empty=20 gt20us=20 gt50us=20 gt200us=20 max_us=589 p99_us=767 mean_us=508.4 idle_batch=0
qpsk_tun stats: tunA_rx=5 tunA_tx=0 tunB_rx=0 tunB_tx=97449 dma_tx=137016 dma_rx_ok=97449 crc_drop=16373 seq_gap=2995 idle_tx=137011 idle_rx=23045 tun_drop=0 oversize=0 tx_stall=0 b_drop=0 retx=0 dups=0 recovered=0 naks_tx=0 naks_rx=0 arq_lost=0
qpsk_tun txgap: n=6228 empty=3 gt20us=3 gt50us=3 gt200us=3 max_us=616 p99_us=767 mean_us=561.9 idle_batch=0
qpsk_tun stats: tunA_rx=5 tunA_tx=0 tunB_rx=0 tunB_tx=103443 dma_tx=143244 dma_rx_ok=103443 crc_drop=16606 seq_gap=3177 idle_tx=143239 idle_rx=23045 tun_drop=0 oversize=0 tx_stall=0 b_drop=0 retx=0 dups=0 recovered=0 naks_tx=0 naks_rx=0 arq_lost=0
qpsk_tun txgap: n=6228 empty=0 gt20us=0 gt50us=0 gt200us=0 max_us=0 p99_us=0 mean_us=0.0 idle_batch=0
qpsk_tun stats: tunA_rx=5 tunA_tx=0 tunB_rx=0 tunB_tx=109385 dma_tx=149472 dma_rx_ok=109385 crc_drop=16873 seq_gap=3389 idle_tx=149467 idle_rx=23045 tun_drop=0 oversize=0 tx_stall=0 b_drop=0 retx=0 dups=0 recovered=0 naks_tx=0 naks_rx=0 arq_lost=0
qpsk_tun txgap: n=6228 empty=1 gt20us=1 gt50us=1 gt200us=1 max_us=665 p99_us=767 mean_us=664.6 idle_batch=0
qpsk_tun stats: tunA_rx=5 tunA_tx=0 tunB_rx=0 tunB_tx=115388 dma_tx=155700 dma_rx_ok=115388 crc_drop=17098 seq_gap=3574 idle_tx=155695 idle_rx=23045 tun_drop=0 oversize=0 tx_stall=0 b_drop=0 retx=0 dups=0 recovered=0 naks_tx=0 naks_rx=0 arq_lost=0
qpsk_tun txgap: n=6228 empty=0 gt20us=0 gt50us=0 gt200us=0 max_us=0 p99_us=0 mean_us=0.0 idle_batch=0
qpsk_tun stats: tunA_rx=5 tunA_tx=0 tunB_rx=0 tunB_tx=121392 dma_tx=161928 dma_rx_ok=121392 crc_drop=17321 seq_gap=3759 idle_tx=161923 idle_rx=23045 tun_drop=0 oversize=0 tx_stall=0 b_drop=0 retx=0 dups=0 recovered=0 naks_tx=0 naks_rx=0 arq_lost=0
qpsk_tun txgap: n=6228 empty=0 gt20us=0 gt50us=0 gt200us=0 max_us=0 p99_us=0 mean_us=0.0 idle_batch=0
qpsk_tun stats: tunA_rx=6 tunA_tx=0 tunB_rx=0 tunB_tx=127394 dma_tx=168156 dma_rx_ok=127394 crc_drop=17546 seq_gap=3938 idle_tx=168150 idle_rx=23045 tun_drop=0 oversize=0 tx_stall=0 b_drop=0 retx=0 dups=0 recovered=0 naks_tx=0 naks_rx=0 arq_lost=0
qpsk_tun txgap: n=6228 empty=0 gt20us=0 gt50us=0 gt200us=0 max_us=0 p99_us=0 mean_us=0.0 idle_batch=0
qpsk_tun stats: tunA_rx=6 tunA_tx=0 tunB_rx=0 tunB_tx=133384 dma_tx=174384 dma_rx_ok=133384 crc_drop=17784 seq_gap=4122 idle_tx=174378 idle_rx=23045 tun_drop=0 oversize=0 tx_stall=0 b_drop=0 retx=0 dups=0 recovered=0 naks_tx=0 naks_rx=0 arq_lost=0
qpsk_tun txgap: n=6228 empty=0 gt20us=0 gt50us=0 gt200us=0 max_us=0 p99_us=0 mean_us=0.0 idle_batch=0
qpsk_tun stats: tunA_rx=6 tunA_tx=0 tunB_rx=0 tunB_tx=139388 dma_tx=180612 dma_rx_ok=139388 crc_drop=18008 seq_gap=4300 idle_tx=180606 idle_rx=23045 tun_drop=0 oversize=0 tx_stall=0 b_drop=0 retx=0 dups=0 recovered=0 naks_tx=0 naks_rx=0 arq_lost=0
qpsk_tun txgap: n=6228 empty=0 gt20us=0 gt50us=0 gt200us=0 max_us=0 p99_us=0 mean_us=0.0 idle_batch=0
qpsk_tun stats: tunA_rx=6 tunA_tx=0 tunB_rx=0 tunB_tx=145393 dma_tx=186840 dma_rx_ok=145393 crc_drop=18231 seq_gap=4485 idle_tx=186834 idle_rx=23045 tun_drop=0 oversize=0 tx_stall=0 b_drop=0 retx=0 dups=0 recovered=0 naks_tx=0 naks_rx=0 arq_lost=0
qpsk_tun txgap: n=6228 empty=0 gt20us=0 gt50us=0 gt200us=0 max_us=0 p99_us=0 mean_us=0.0 idle_batch=0
qpsk_tun stats: tunA_rx=6 tunA_tx=0 tunB_rx=0 tunB_tx=151394 dma_tx=193068 dma_rx_ok=151394 crc_drop=18457 seq_gap=4666 idle_tx=193062 idle_rx=23045 tun_drop=0 oversize=0 tx_stall=0 b_drop=0 retx=0 dups=0 recovered=0 naks_tx=0 naks_rx=0 arq_lost=0
qpsk_tun txgap: n=6228 empty=0 gt20us=0 gt50us=0 gt200us=0 max_us=0 p99_us=0 mean_us=0.0 idle_batch=0
qpsk_tun stats: tunA_rx=6 tunA_tx=0 tunB_rx=0 tunB_tx=157398 dma_tx=199296 dma_rx_ok=157398 crc_drop=18682 seq_gap=4848 idle_tx=199290 idle_rx=23045 tun_drop=0 oversize=0 tx_stall=0 b_drop=0 retx=0 dups=0 recovered=0 naks_tx=0 naks_rx=0 arq_lost=0
qpsk_tun txgap: n=6228 empty=0 gt20us=0 gt50us=0 gt200us=0 max_us=0 p99_us=0 mean_us=0.0 idle_batch=0
qpsk_tun stats: tunA_rx=6 tunA_tx=0 tunB_rx=0 tunB_tx=163403 dma_tx=205524 dma_rx_ok=163403 crc_drop=18904 seq_gap=5028 idle_tx=205518 idle_rx=23045 tun_drop=0 oversize=0 tx_stall=0 b_drop=0 retx=0 dups=0 recovered=0 naks_tx=0 naks_rx=0 arq_lost=0
qpsk_tun txgap: n=6228 empty=0 gt20us=0 gt50us=0 gt200us=0 max_us=0 p99_us=0 mean_us=0.0 idle_batch=0
qpsk_tun stats: tunA_rx=6 tunA_tx=0 tunB_rx=0 tunB_tx=169415 dma_tx=211752 dma_rx_ok=169415 crc_drop=19120 seq_gap=5210 idle_tx=211746 idle_rx=23045 tun_drop=0 oversize=0 tx_stall=0 b_drop=0 retx=0 dups=0 recovered=0 naks_tx=0 naks_rx=0 arq_lost=0
qpsk_tun txgap: n=6228 empty=0 gt20us=0 gt50us=0 gt200us=0 max_us=0 p99_us=0 mean_us=0.0 idle_batch=0
qpsk_tun stats: tunA_rx=6 tunA_tx=0 tunB_rx=0 tunB_tx=175403 dma_tx=217980 dma_rx_ok=175403 crc_drop=19360 seq_gap=5398 idle_tx=217974 idle_rx=23045 tun_drop=0 oversize=0 tx_stall=0 b_drop=0 retx=0 dups=0 recovered=0 naks_tx=0 naks_rx=0 arq_lost=0
qpsk_tun txgap: n=6228 empty=21 gt20us=21 gt50us=21 gt200us=21 max_us=610 p99_us=767 mean_us=521.7 idle_batch=0
qpsk_tun stats: tunA_rx=6 tunA_tx=0 tunB_rx=0 tunB_tx=181412 dma_tx=224208 dma_rx_ok=181412 crc_drop=19577 seq_gap=5578 idle_tx=224202 idle_rx=23045 tun_drop=0 oversize=0 tx_stall=0 b_drop=0 retx=0 dups=0 recovered=0 naks_tx=0 naks_rx=0 arq_lost=0
qpsk_tun txgap: n=6228 empty=9 gt20us=9 gt50us=9 gt200us=9 max_us=616 p99_us=767 mean_us=551.8 idle_batch=0
qpsk_tun stats: tunA_rx=6 tunA_tx=0 tunB_rx=0 tunB_tx=187419 dma_tx=230436 dma_rx_ok=187419 crc_drop=19800 seq_gap=5758 idle_tx=230430 idle_rx=23045 tun_drop=0 oversize=0 tx_stall=0 b_drop=0 retx=0 dups=0 recovered=0 naks_tx=0 naks_rx=0 arq_lost=0
qpsk_tun txgap: n=6228 empty=0 gt20us=0 gt50us=0 gt200us=0 max_us=0 p99_us=0 mean_us=0.0 idle_batch=0
qpsk_tun stats: tunA_rx=6 tunA_tx=0 tunB_rx=0 tunB_tx=193422 dma_tx=236664 dma_rx_ok=193422 crc_drop=20020 seq_gap=5945 idle_tx=236658 idle_rx=23045 tun_drop=0 oversize=0 tx_stall=0 b_drop=0 retx=0 dups=0 recovered=0 naks_tx=0 naks_rx=0 arq_lost=0
qpsk_tun txgap: n=6228 empty=0 gt20us=0 gt50us=0 gt200us=0 max_us=0 p99_us=0 mean_us=0.0 idle_batch=0
qpsk_tun stats: tunA_rx=6 tunA_tx=0 tunB_rx=0 tunB_tx=199407 dma_tx=242892 dma_rx_ok=199407 crc_drop=20254 seq_gap=6142 idle_tx=242886 idle_rx=23045 tun_drop=0 oversize=0 tx_stall=0 b_drop=0 retx=0 dups=0 recovered=0 naks_tx=0 naks_rx=0 arq_lost=0
qpsk_tun txgap: n=6228 empty=0 gt20us=0 gt50us=0 gt200us=0 max_us=0 p99_us=0 mean_us=0.0 idle_batch=0
qpsk_tun stats: tunA_rx=6 tunA_tx=0 tunB_rx=0 tunB_tx=205397 dma_tx=249120 dma_rx_ok=205397 crc_drop=20480 seq_gap=6339 idle_tx=249114 idle_rx=23045 tun_drop=0 oversize=0 tx_stall=0 b_drop=0 retx=0 dups=0 recovered=0 naks_tx=0 naks_rx=0 arq_lost=0
qpsk_tun txgap: n=6228 empty=0 gt20us=0 gt50us=0 gt200us=0 max_us=0 p99_us=0 mean_us=0.0 idle_batch=0
qpsk_tun stats: tunA_rx=6 tunA_tx=0 tunB_rx=0 tunB_tx=211396 dma_tx=255348 dma_rx_ok=211396 crc_drop=20704 seq_gap=6520 idle_tx=255342 idle_rx=23045 tun_drop=0 oversize=0 tx_stall=0 b_drop=0 retx=0 dups=0 recovered=0 naks_tx=0 naks_rx=0 arq_lost=0
qpsk_tun txgap: n=6228 empty=0 gt20us=0 gt50us=0 gt200us=0 max_us=0 p99_us=0 mean_us=0.0 idle_batch=0
qpsk_tun stats: tunA_rx=6 tunA_tx=0 tunB_rx=0 tunB_tx=217398 dma_tx=261576 dma_rx_ok=217398 crc_drop=20926 seq_gap=6702 idle_tx=261570 idle_rx=23045 tun_drop=0 oversize=0 tx_stall=0 b_drop=0 retx=0 dups=0 recovered=0 naks_tx=0 naks_rx=0 arq_lost=0
qpsk_tun txgap: n=6228 empty=0 gt20us=0 gt50us=0 gt200us=0 max_us=0 p99_us=0 mean_us=0.0 idle_batch=0
qpsk_tun stats: tunA_rx=6 tunA_tx=0 tunB_rx=0 tunB_tx=223371 dma_tx=267804 dma_rx_ok=223371 crc_drop=21177 seq_gap=6890 idle_tx=267798 idle_rx=23045 tun_drop=0 oversize=0 tx_stall=0 b_drop=0 retx=0 dups=0 recovered=0 naks_tx=0 naks_rx=0 arq_lost=0
qpsk_tun txgap: n=6228 empty=0 gt20us=0 gt50us=0 gt200us=0 max_us=0 p99_us=0 mean_us=0.0 idle_batch=0
qpsk_tun stats: tunA_rx=6 tunA_tx=0 tunB_rx=0 tunB_tx=229387 dma_tx=274032 dma_rx_ok=229387 crc_drop=21389 seq_gap=7072 idle_tx=274026 idle_rx=23045 tun_drop=0 oversize=0 tx_stall=0 b_drop=0 retx=0 dups=0 recovered=0 naks_tx=0 naks_rx=0 arq_lost=0
qpsk_tun txgap: n=6228 empty=0 gt20us=0 gt50us=0 gt200us=0 max_us=0 p99_us=0 mean_us=0.0 idle_batch=0
qpsk_tun stats: tunA_rx=6 tunA_tx=0 tunB_rx=0 tunB_tx=235407 dma_tx=280260 dma_rx_ok=235407 crc_drop=21597 seq_gap=7242 idle_tx=280254 idle_rx=23045 tun_drop=0 oversize=0 tx_stall=0 b_drop=0 retx=0 dups=0 recovered=0 naks_tx=0 naks_rx=0 arq_lost=0
qpsk_tun txgap: n=6228 empty=0 gt20us=0 gt50us=0 gt200us=0 max_us=0 p99_us=0 mean_us=0.0 idle_batch=0
qpsk_tun stats: tunA_rx=6 tunA_tx=0 tunB_rx=0 tunB_tx=241398 dma_tx=286488 dma_rx_ok=241398 crc_drop=21831 seq_gap=7425 idle_tx=286482 idle_rx=23045 tun_drop=0 oversize=0 tx_stall=0 b_drop=0 retx=0 dups=0 recovered=0 naks_tx=0 naks_rx=0 arq_lost=0
qpsk_tun txgap: n=6228 empty=0 gt20us=0 gt50us=0 gt200us=0 max_us=0 p99_us=0 mean_us=0.0 idle_batch=0
qpsk_tun stats: tunA_rx=6 tunA_tx=0 tunB_rx=0 tunB_tx=247397 dma_tx=292716 dma_rx_ok=247397 crc_drop=22058 seq_gap=7607 idle_tx=292710 idle_rx=23045 tun_drop=0 oversize=0 tx_stall=0 b_drop=0 retx=0 dups=0 recovered=0 naks_tx=0 naks_rx=0 arq_lost=0
qpsk_tun txgap: n=6228 empty=0 gt20us=0 gt50us=0 gt200us=0 max_us=0 p99_us=0 mean_us=0.0 idle_batch=0
qpsk_tun stats: tunA_rx=6 tunA_tx=0 tunB_rx=0 tunB_tx=253381 dma_tx=298944 dma_rx_ok=253381 crc_drop=22289 seq_gap=7801 idle_tx=298938 idle_rx=23045 tun_drop=0 oversize=0 tx_stall=0 b_drop=0 retx=0 dups=0 recovered=0 naks_tx=0 naks_rx=0 arq_lost=0
qpsk_tun txgap: n=6228 empty=0 gt20us=0 gt50us=0 gt200us=0 max_us=0 p99_us=0 mean_us=0.0 idle_batch=0
qpsk_tun stats: tunA_rx=6 tunA_tx=0 tunB_rx=0 tunB_tx=259382 dma_tx=305172 dma_rx_ok=259382 crc_drop=22508 seq_gap=7990 idle_tx=305166 idle_rx=23045 tun_drop=0 oversize=0 tx_stall=0 b_drop=0 retx=0 dups=0 recovered=0 naks_tx=0 naks_rx=0 arq_lost=0
qpsk_tun txgap: n=6228 empty=14 gt20us=10 gt50us=10 gt200us=10 max_us=527 p99_us=767 mean_us=353.9 idle_batch=0
qpsk_tun stats: tunA_rx=6 tunA_tx=0 tunB_rx=0 tunB_tx=265368 dma_tx=311400 dma_rx_ok=265368 crc_drop=22739 seq_gap=8180 idle_tx=311394 idle_rx=23045 tun_drop=0 oversize=0 tx_stall=0 b_drop=0 retx=0 dups=0 recovered=0 naks_tx=0 naks_rx=0 arq_lost=0
qpsk_tun txgap: n=6228 empty=16 gt20us=16 gt50us=16 gt200us=16 max_us=613 p99_us=767 mean_us=533.9 idle_batch=0
qpsk_tun stats: tunA_rx=6 tunA_tx=0 tunB_rx=0 tunB_tx=271367 dma_tx=317628 dma_rx_ok=271367 crc_drop=22965 seq_gap=8365 idle_tx=317622 idle_rx=23045 tun_drop=0 oversize=0 tx_stall=0 b_drop=0 retx=0 dups=0 recovered=0 naks_tx=0 naks_rx=0 arq_lost=0
qpsk_tun txgap: n=6228 empty=0 gt20us=0 gt50us=0 gt200us=0 max_us=0 p99_us=0 mean_us=0.0 idle_batch=0
qpsk_tun stats: tunA_rx=6 tunA_tx=0 tunB_rx=0 tunB_tx=277377 dma_tx=323856 dma_rx_ok=277377 crc_drop=23180 seq_gap=8542 idle_tx=323850 idle_rx=23045 tun_drop=0 oversize=0 tx_stall=0 b_drop=0 retx=0 dups=0 recovered=0 naks_tx=0 naks_rx=0 arq_lost=0
qpsk_tun txgap: n=6228 empty=1 gt20us=1 gt50us=1 gt200us=1 max_us=646 p99_us=767 mean_us=646.5 idle_batch=0
qpsk_tun stats: tunA_rx=7 tunA_tx=0 tunB_rx=0 tunB_tx=283383 dma_tx=330084 dma_rx_ok=283383 crc_drop=23402 seq_gap=8726 idle_tx=330077 idle_rx=23045 tun_drop=0 oversize=0 tx_stall=0 b_drop=0 retx=0 dups=0 recovered=0 naks_tx=0 naks_rx=0 arq_lost=0
qpsk_tun txgap: n=6228 empty=0 gt20us=0 gt50us=0 gt200us=0 max_us=0 p99_us=0 mean_us=0.0 idle_batch=0
qpsk_tun stats: tunA_rx=7 tunA_tx=0 tunB_rx=0 tunB_tx=289392 dma_tx=336312 dma_rx_ok=289392 crc_drop=23621 seq_gap=8907 idle_tx=336305 idle_rx=23045 tun_drop=0 oversize=0 tx_stall=0 b_drop=0 retx=0 dups=0 recovered=0 naks_tx=0 naks_rx=0 arq_lost=0
qpsk_tun txgap: n=6228 empty=0 gt20us=0 gt50us=0 gt200us=0 max_us=0 p99_us=0 mean_us=0.0 idle_batch=0
qpsk_tun stats: tunA_rx=7 tunA_tx=0 tunB_rx=0 tunB_tx=295392 dma_tx=342540 dma_rx_ok=295392 crc_drop=23848 seq_gap=9090 idle_tx=342533 idle_rx=23045 tun_drop=0 oversize=0 tx_stall=0 b_drop=0 retx=0 dups=0 recovered=0 naks_tx=0 naks_rx=0 arq_lost=0
qpsk_tun txgap: n=6228 empty=0 gt20us=0 gt50us=0 gt200us=0 max_us=0 p99_us=0 mean_us=0.0 idle_batch=0
qpsk_tun stats: tunA_rx=7 tunA_tx=0 tunB_rx=0 tunB_tx=301398 dma_tx=348768 dma_rx_ok=301398 crc_drop=24070 seq_gap=9275 idle_tx=348761 idle_rx=23045 tun_drop=0 oversize=0 tx_stall=0 b_drop=0 retx=0 dups=0 recovered=0 naks_tx=0 naks_rx=0 arq_lost=0
qpsk_tun txgap: n=6228 empty=0 gt20us=0 gt50us=0 gt200us=0 max_us=0 p99_us=0 mean_us=0.0 idle_batch=0
qpsk_tun stats: tunA_rx=7 tunA_tx=0 tunB_rx=0 tunB_tx=307391 dma_tx=354996 dma_rx_ok=307391 crc_drop=24299 seq_gap=9462 idle_tx=354989 idle_rx=23045 tun_drop=0 oversize=0 tx_stall=0 b_drop=0 retx=0 dups=0 recovered=0 naks_tx=0 naks_rx=0 arq_lost=0
qpsk_tun txgap: n=6228 empty=0 gt20us=0 gt50us=0 gt200us=0 max_us=0 p99_us=0 mean_us=0.0 idle_batch=0
qpsk_tun stats: tunA_rx=7 tunA_tx=0 tunB_rx=0 tunB_tx=313387 dma_tx=361224 dma_rx_ok=313387 crc_drop=24526 seq_gap=9649 idle_tx=361217 idle_rx=23045 tun_drop=0 oversize=0 tx_stall=0 b_drop=0 retx=0 dups=0 recovered=0 naks_tx=0 naks_rx=0 arq_lost=0
qpsk_tun txgap: n=6228 empty=0 gt20us=0 gt50us=0 gt200us=0 max_us=0 p99_us=0 mean_us=0.0 idle_batch=0
qpsk_tun stats: tunA_rx=7 tunA_tx=0 tunB_rx=0 tunB_tx=319384 dma_tx=367452 dma_rx_ok=319384 crc_drop=24750 seq_gap=9835 idle_tx=367445 idle_rx=23045 tun_drop=0 oversize=0 tx_stall=0 b_drop=0 retx=0 dups=0 recovered=0 naks_tx=0 naks_rx=0 arq_lost=0
qpsk_tun txgap: n=6228 empty=0 gt20us=0 gt50us=0 gt200us=0 max_us=0 p99_us=0 mean_us=0.0 idle_batch=0
qpsk_tun stats: tunA_rx=7 tunA_tx=0 tunB_rx=0 tunB_tx=325383 dma_tx=373680 dma_rx_ok=325383 crc_drop=24978 seq_gap=10030 idle_tx=373673 idle_rx=23045 tun_drop=0 oversize=0 tx_stall=0 b_drop=0 retx=0 dups=0 recovered=0 naks_tx=0 naks_rx=0 arq_lost=0
qpsk_tun txgap: n=6228 empty=0 gt20us=0 gt50us=0 gt200us=0 max_us=0 p99_us=0 mean_us=0.0 idle_batch=0
qpsk_tun stats: tunA_rx=7 tunA_tx=0 tunB_rx=0 tunB_tx=331384 dma_tx=379908 dma_rx_ok=331384 crc_drop=25203 seq_gap=10213 idle_tx=379901 idle_rx=23045 tun_drop=0 oversize=0 tx_stall=0 b_drop=0 retx=0 dups=0 recovered=0 naks_tx=0 naks_rx=0 arq_lost=0
qpsk_tun txgap: n=6228 empty=0 gt20us=0 gt50us=0 gt200us=0 max_us=0 p99_us=0 mean_us=0.0 idle_batch=0
qpsk_tun stats: tunA_rx=7 tunA_tx=0 tunB_rx=0 tunB_tx=337372 dma_tx=386136 dma_rx_ok=337372 crc_drop=25438 seq_gap=10394 idle_tx=386129 idle_rx=23045 tun_drop=0 oversize=0 tx_stall=0 b_drop=0 retx=0 dups=0 recovered=0 naks_tx=0 naks_rx=0 arq_lost=0
qpsk_tun txgap: n=6228 empty=0 gt20us=0 gt50us=0 gt200us=0 max_us=0 p99_us=0 mean_us=0.0 idle_batch=0
qpsk_tun stats: tunA_rx=7 tunA_tx=0 tunB_rx=0 tunB_tx=343381 dma_tx=392364 dma_rx_ok=343381 crc_drop=25656 seq_gap=10575 idle_tx=392357 idle_rx=23045 tun_drop=0 oversize=0 tx_stall=0 b_drop=0 retx=0 dups=0 recovered=0 naks_tx=0 naks_rx=0 arq_lost=0
qpsk_tun txgap: n=6228 empty=0 gt20us=0 gt50us=0 gt200us=0 max_us=0 p99_us=0 mean_us=0.0 idle_batch=0
qpsk_tun stats: tunA_rx=7 tunA_tx=0 tunB_rx=0 tunB_tx=349379 dma_tx=398592 dma_rx_ok=349379 crc_drop=25884 seq_gap=10758 idle_tx=398585 idle_rx=23045 tun_drop=0 oversize=0 tx_stall=0 b_drop=0 retx=0 dups=0 recovered=0 naks_tx=0 naks_rx=0 arq_lost=0
qpsk_tun txgap: n=6228 empty=100 gt20us=14 gt50us=6 gt200us=6 max_us=533 p99_us=767 mean_us=30.3 idle_batch=0
qpsk_tun stats: tunA_rx=7 tunA_tx=0 tunB_rx=0 tunB_tx=355391 dma_tx=404820 dma_rx_ok=355391 crc_drop=26100 seq_gap=10939 idle_tx=404813 idle_rx=23045 tun_drop=0 oversize=0 tx_stall=0 b_drop=0 retx=0 dups=0 recovered=0 naks_tx=0 naks_rx=0 arq_lost=0
qpsk_tun txgap: n=6228 empty=1 gt20us=1 gt50us=1 gt200us=1 max_us=609 p99_us=767 mean_us=608.7 idle_batch=0
qpsk_tun stats: tunA_rx=7 tunA_tx=0 tunB_rx=0 tunB_tx=361374 dma_tx=411048 dma_rx_ok=361374 crc_drop=26344 seq_gap=11125 idle_tx=411041 idle_rx=23045 tun_drop=0 oversize=0 tx_stall=0 b_drop=0 retx=0 dups=0 recovered=0 naks_tx=0 naks_rx=0 arq_lost=0
qpsk_tun txgap: n=6228 empty=0 gt20us=0 gt50us=0 gt200us=0 max_us=0 p99_us=0 mean_us=0.0 idle_batch=0
qpsk_tun stats: tunA_rx=7 tunA_tx=0 tunB_rx=0 tunB_tx=367382 dma_tx=417276 dma_rx_ok=367382 crc_drop=26563 seq_gap=11309 idle_tx=417269 idle_rx=23045 tun_drop=0 oversize=0 tx_stall=0 b_drop=0 retx=0 dups=0 recovered=0 naks_tx=0 naks_rx=0 arq_lost=0
qpsk_tun txgap: n=6228 empty=0 gt20us=0 gt50us=0 gt200us=0 max_us=0 p99_us=0 mean_us=0.0 idle_batch=0
qpsk_tun stats: tunA_rx=7 tunA_tx=0 tunB_rx=0 tunB_tx=373362 dma_tx=423504 dma_rx_ok=373362 crc_drop=26809 seq_gap=11495 idle_tx=423497 idle_rx=23045 tun_drop=0 oversize=0 tx_stall=0 b_drop=0 retx=0 dups=0 recovered=0 naks_tx=0 naks_rx=0 arq_lost=0
qpsk_tun txgap: n=6228 empty=0 gt20us=0 gt50us=0 gt200us=0 max_us=0 p99_us=0 mean_us=0.0 idle_batch=0
qpsk_tun stats: tunA_rx=7 tunA_tx=0 tunB_rx=0 tunB_tx=379312 dma_tx=429732 dma_rx_ok=379312 crc_drop=27037 seq_gap=11690 idle_tx=429725 idle_rx=23045 tun_drop=0 oversize=0 tx_stall=0 b_drop=0 retx=0 dups=0 recovered=0 naks_tx=0 naks_rx=0 arq_lost=0
qpsk_tun txgap: n=6228 empty=0 gt20us=0 gt50us=0 gt200us=0 max_us=0 p99_us=0 mean_us=0.0 idle_batch=0
qpsk_tun stats: tunA_rx=7 tunA_tx=0 tunB_rx=0 tunB_tx=385325 dma_tx=435960 dma_rx_ok=385325 crc_drop=27254 seq_gap=11870 idle_tx=435953 idle_rx=23045 tun_drop=0 oversize=0 tx_stall=0 b_drop=0 retx=0 dups=0 recovered=0 naks_tx=0 naks_rx=0 arq_lost=0
qpsk_tun txgap: n=6228 empty=0 gt20us=0 gt50us=0 gt200us=0 max_us=0 p99_us=0 mean_us=0.0 idle_batch=0
qpsk_tun stats: tunA_rx=7 tunA_tx=0 tunB_rx=0 tunB_tx=391327 dma_tx=442188 dma_rx_ok=391327 crc_drop=27477 seq_gap=12050 idle_tx=442181 idle_rx=23045 tun_drop=0 oversize=0 tx_stall=0 b_drop=0 retx=0 dups=0 recovered=0 naks_tx=0 naks_rx=0 arq_lost=0
qpsk_tun txgap: n=6228 empty=0 gt20us=0 gt50us=0 gt200us=0 max_us=0 p99_us=0 mean_us=0.0 idle_batch=0
qpsk_tun stats: tunA_rx=7 tunA_tx=0 tunB_rx=0 tunB_tx=397333 dma_tx=448416 dma_rx_ok=397333 crc_drop=27702 seq_gap=12232 idle_tx=448409 idle_rx=23045 tun_drop=0 oversize=0 tx_stall=0 b_drop=0 retx=0 dups=0 recovered=0 naks_tx=0 naks_rx=0 arq_lost=0
qpsk_tun txgap: n=6228 empty=0 gt20us=0 gt50us=0 gt200us=0 max_us=0 p99_us=0 mean_us=0.0 idle_batch=0
qpsk_tun stats: tunA_rx=7 tunA_tx=0 tunB_rx=0 tunB_tx=403345 dma_tx=454644 dma_rx_ok=403345 crc_drop=27917 seq_gap=12409 idle_tx=454637 idle_rx=23045 tun_drop=0 oversize=0 tx_stall=0 b_drop=0 retx=0 dups=0 recovered=0 naks_tx=0 naks_rx=0 arq_lost=0
qpsk_tun txgap: n=6228 empty=0 gt20us=0 gt50us=0 gt200us=0 max_us=0 p99_us=0 mean_us=0.0 idle_batch=0
qpsk_tun stats: tunA_rx=7 tunA_tx=0 tunB_rx=0 tunB_tx=409361 dma_tx=460872 dma_rx_ok=409361 crc_drop=28130 seq_gap=12586 idle_tx=460865 idle_rx=23045 tun_drop=0 oversize=0 tx_stall=0 b_drop=0 retx=0 dups=0 recovered=0 naks_tx=0 naks_rx=0 arq_lost=0
qpsk_tun txgap: n=6228 empty=0 gt20us=0 gt50us=0 gt200us=0 max_us=0 p99_us=0 mean_us=0.0 idle_batch=0
qpsk_tun stats: tunA_rx=7 tunA_tx=0 tunB_rx=0 tunB_tx=415372 dma_tx=467100 dma_rx_ok=415372 crc_drop=28347 seq_gap=12762 idle_tx=467093 idle_rx=23045 tun_drop=0 oversize=0 tx_stall=0 b_drop=0 retx=0 dups=0 recovered=0 naks_tx=0 naks_rx=0 arq_lost=0
qpsk_tun txgap: n=6228 empty=0 gt20us=0 gt50us=0 gt200us=0 max_us=0 p99_us=0 mean_us=0.0 idle_batch=0
qpsk_tun stats: tunA_rx=7 tunA_tx=0 tunB_rx=0 tunB_tx=421382 dma_tx=473328 dma_rx_ok=421382 crc_drop=28565 seq_gap=12942 idle_tx=473321 idle_rx=23045 tun_drop=0 oversize=0 tx_stall=0 b_drop=0 retx=0 dups=0 recovered=0 naks_tx=0 naks_rx=0 arq_lost=0
qpsk_tun txgap: n=6228 empty=0 gt20us=0 gt50us=0 gt200us=0 max_us=0 p99_us=0 mean_us=0.0 idle_batch=0
qpsk_tun stats: tunA_rx=7 tunA_tx=0 tunB_rx=0 tunB_tx=427385 dma_tx=479556 dma_rx_ok=427385 crc_drop=28790 seq_gap=13125 idle_tx=479549 idle_rx=23045 tun_drop=0 oversize=0 tx_stall=0 b_drop=0 retx=0 dups=0 recovered=0 naks_tx=0 naks_rx=0 arq_lost=0
qpsk_tun txgap: n=6228 empty=0 gt20us=0 gt50us=0 gt200us=0 max_us=0 p99_us=0 mean_us=0.0 idle_batch=0
qpsk_tun stats: tunA_rx=7 tunA_tx=0 tunB_rx=0 tunB_tx=433257 dma_tx=485784 dma_rx_ok=433257 crc_drop=29104 seq_gap=13335 idle_tx=485777 idle_rx=23045 tun_drop=0 oversize=0 tx_stall=0 b_drop=0 retx=0 dups=0 recovered=0 naks_tx=0 naks_rx=0 arq_lost=0
qpsk_tun txgap: n=6228 empty=78 gt20us=21 gt50us=19 gt200us=19 max_us=635 p99_us=767 mean_us=126.1 idle_batch=0
qpsk_tun stats: tunA_rx=7 tunA_tx=0 tunB_rx=0 tunB_tx=439229 dma_tx=492012 dma_rx_ok=439229 crc_drop=29354 seq_gap=13532 idle_tx=492005 idle_rx=23045 tun_drop=0 oversize=0 tx_stall=0 b_drop=0 retx=0 dups=0 recovered=0 naks_tx=0 naks_rx=0 arq_lost=0
qpsk_tun txgap: n=6228 empty=21 gt20us=11 gt50us=10 gt200us=10 max_us=621 p99_us=767 mean_us=264.2 idle_batch=0
qpsk_tun stats: tunA_rx=7 tunA_tx=0 tunB_rx=0 tunB_tx=445226 dma_tx=498240 dma_rx_ok=445226 crc_drop=29578 seq_gap=13719 idle_tx=498233 idle_rx=23045 tun_drop=0 oversize=0 tx_stall=0 b_drop=0 retx=0 dups=0 recovered=0 naks_tx=0 naks_rx=0 arq_lost=0
qpsk_tun txgap: n=6228 empty=0 gt20us=0 gt50us=0 gt200us=0 max_us=0 p99_us=0 mean_us=0.0 idle_batch=0
qpsk_tun stats: tunA_rx=7 tunA_tx=0 tunB_rx=0 tunB_tx=451225 dma_tx=504468 dma_rx_ok=451225 crc_drop=29800 seq_gap=13910 idle_tx=504461 idle_rx=23045 tun_drop=0 oversize=0 tx_stall=0 b_drop=0 retx=0 dups=0 recovered=0 naks_tx=0 naks_rx=0 arq_lost=0
qpsk_tun txgap: n=6228 empty=2 gt20us=2 gt50us=2 gt200us=2 max_us=659 p99_us=767 mean_us=639.7 idle_batch=0
qpsk_tun stats: tunA_rx=7 tunA_tx=0 tunB_rx=0 tunB_tx=457230 dma_tx=510696 dma_rx_ok=457230 crc_drop=30023 seq_gap=14091 idle_tx=510689 idle_rx=23045 tun_drop=0 oversize=0 tx_stall=0 b_drop=0 retx=0 dups=0 recovered=0 naks_tx=0 naks_rx=0 arq_lost=0
qpsk_tun txgap: n=6228 empty=0 gt20us=0 gt50us=0 gt200us=0 max_us=0 p99_us=0 mean_us=0.0 idle_batch=0
qpsk_tun stats: tunA_rx=7 tunA_tx=0 tunB_rx=0 tunB_tx=463228 dma_tx=516924 dma_rx_ok=463228 crc_drop=30251 seq_gap=14273 idle_tx=516917 idle_rx=23045 tun_drop=0 oversize=0 tx_stall=0 b_drop=0 retx=0 dups=0 recovered=0 naks_tx=0 naks_rx=0 arq_lost=0
qpsk_tun txgap: n=6228 empty=0 gt20us=0 gt50us=0 gt200us=0 max_us=0 p99_us=0 mean_us=0.0 idle_batch=0
qpsk_tun stats: tunA_rx=7 tunA_tx=0 tunB_rx=0 tunB_tx=469227 dma_tx=523152 dma_rx_ok=469227 crc_drop=30480 seq_gap=14452 idle_tx=523145 idle_rx=23045 tun_drop=0 oversize=0 tx_stall=0 b_drop=0 retx=0 dups=0 recovered=0 naks_tx=0 naks_rx=0 arq_lost=0
qpsk_tun txgap: n=6228 empty=0 gt20us=0 gt50us=0 gt200us=0 max_us=0 p99_us=0 mean_us=0.0 idle_batch=0
qpsk_tun stats: tunA_rx=7 tunA_tx=0 tunB_rx=0 tunB_tx=475228 dma_tx=529380 dma_rx_ok=475228 crc_drop=30705 seq_gap=14631 idle_tx=529373 idle_rx=23045 tun_drop=0 oversize=0 tx_stall=0 b_drop=0 retx=0 dups=0 recovered=0 naks_tx=0 naks_rx=0 arq_lost=0
qpsk_tun txgap: n=6228 empty=0 gt20us=0 gt50us=0 gt200us=0 max_us=0 p99_us=0 mean_us=0.0 idle_batch=0
qpsk_tun stats: tunA_rx=7 tunA_tx=0 tunB_rx=0 tunB_tx=481241 dma_tx=535608 dma_rx_ok=481241 crc_drop=30918 seq_gap=14815 idle_tx=535601 idle_rx=23045 tun_drop=0 oversize=0 tx_stall=0 b_drop=0 retx=0 dups=0 recovered=0 naks_tx=0 naks_rx=0 arq_lost=0
qpsk_tun txgap: n=6228 empty=0 gt20us=0 gt50us=0 gt200us=0 max_us=0 p99_us=0 mean_us=0.0 idle_batch=0
qpsk_tun stats: tunA_rx=7 tunA_tx=0 tunB_rx=0 tunB_tx=487211 dma_tx=541836 dma_rx_ok=487211 crc_drop=31160 seq_gap=15007 idle_tx=541829 idle_rx=23045 tun_drop=0 oversize=0 tx_stall=0 b_drop=0 retx=0 dups=0 recovered=0 naks_tx=0 naks_rx=0 arq_lost=0
qpsk_tun txgap: n=6228 empty=0 gt20us=0 gt50us=0 gt200us=0 max_us=0 p99_us=0 mean_us=0.0 idle_batch=0
qpsk_tun stats: tunA_rx=7 tunA_tx=0 tunB_rx=0 tunB_tx=493208 dma_tx=548064 dma_rx_ok=493208 crc_drop=31382 seq_gap=15198 idle_tx=548057 idle_rx=23045 tun_drop=0 oversize=0 tx_stall=0 b_drop=0 retx=0 dups=0 recovered=0 naks_tx=0 naks_rx=0 arq_lost=0
qpsk_tun txgap: n=6228 empty=0 gt20us=0 gt50us=0 gt200us=0 max_us=0 p99_us=0 mean_us=0.0 idle_batch=0
qpsk_tun stats: tunA_rx=7 tunA_tx=0 tunB_rx=0 tunB_tx=499203 dma_tx=554292 dma_rx_ok=499203 crc_drop=31613 seq_gap=15383 idle_tx=554285 idle_rx=23045 tun_drop=0 oversize=0 tx_stall=0 b_drop=0 retx=0 dups=0 recovered=0 naks_tx=0 naks_rx=0 arq_lost=0
qpsk_tun txgap: n=6228 empty=0 gt20us=0 gt50us=0 gt200us=0 max_us=0 p99_us=0 mean_us=0.0 idle_batch=0
qpsk_tun stats: tunA_rx=7 tunA_tx=0 tunB_rx=0 tunB_tx=505188 dma_tx=560520 dma_rx_ok=505188 crc_drop=31846 seq_gap=15576 idle_tx=560513 idle_rx=23045 tun_drop=0 oversize=0 tx_stall=0 b_drop=0 retx=0 dups=0 recovered=0 naks_tx=0 naks_rx=0 arq_lost=0
qpsk_tun txgap: n=6228 empty=0 gt20us=0 gt50us=0 gt200us=0 max_us=0 p99_us=0 mean_us=0.0 idle_batch=0
qpsk_tun stats: tunA_rx=7 tunA_tx=0 tunB_rx=0 tunB_tx=511191 dma_tx=566748 dma_rx_ok=511191 crc_drop=32071 seq_gap=15760 idle_tx=566741 idle_rx=23045 tun_drop=0 oversize=0 tx_stall=0 b_drop=0 retx=0 dups=0 recovered=0 naks_tx=0 naks_rx=0 arq_lost=0
qpsk_tun txgap: n=6228 empty=0 gt20us=0 gt50us=0 gt200us=0 max_us=0 p99_us=0 mean_us=0.0 idle_batch=0
qpsk_tun stats: tunA_rx=7 tunA_tx=0 tunB_rx=0 tunB_tx=517190 dma_tx=572976 dma_rx_ok=517190 crc_drop=32295 seq_gap=15939 idle_tx=572969 idle_rx=23045 tun_drop=0 oversize=0 tx_stall=0 b_drop=0 retx=0 dups=0 recovered=0 naks_tx=0 naks_rx=0 arq_lost=0
qpsk_tun txgap: n=6228 empty=167 gt20us=32 gt50us=22 gt200us=16 max_us=564 p99_us=767 mean_us=53.6 idle_batch=0
qpsk_tun stats: tunA_rx=7 tunA_tx=0 tunB_rx=0 tunB_tx=523196 dma_tx=579204 dma_rx_ok=523196 crc_drop=32522 seq_gap=16123 idle_tx=579197 idle_rx=23045 tun_drop=0 oversize=0 tx_stall=0 b_drop=0 retx=0 dups=0 recovered=0 naks_tx=0 naks_rx=0 arq_lost=0
qpsk_tun txgap: n=6228 empty=18 gt20us=18 gt50us=18 gt200us=18 max_us=591 p99_us=767 mean_us=527.9 idle_batch=0
qpsk_tun stats: tunA_rx=7 tunA_tx=0 tunB_rx=0 tunB_tx=529198 dma_tx=585432 dma_rx_ok=529198 crc_drop=32748 seq_gap=16303 idle_tx=585425 idle_rx=23045 tun_drop=0 oversize=0 tx_stall=0 b_drop=0 retx=0 dups=0 recovered=0 naks_tx=0 naks_rx=0 arq_lost=0
qpsk_tun txgap: n=6228 empty=0 gt20us=0 gt50us=0 gt200us=0 max_us=0 p99_us=0 mean_us=0.0 idle_batch=0
qpsk_tun stats: tunA_rx=7 tunA_tx=0 tunB_rx=0 tunB_tx=535214 dma_tx=591660 dma_rx_ok=535214 crc_drop=32960 seq_gap=16484 idle_tx=591653 idle_rx=23045 tun_drop=0 oversize=0 tx_stall=0 b_drop=0 retx=0 dups=0 recovered=0 naks_tx=0 naks_rx=0 arq_lost=0
qpsk_tun txgap: n=6228 empty=0 gt20us=0 gt50us=0 gt200us=0 max_us=0 p99_us=0 mean_us=0.0 idle_batch=0
qpsk_tun stats: tunA_rx=7 tunA_tx=0 tunB_rx=0 tunB_tx=541220 dma_tx=597888 dma_rx_ok=541220 crc_drop=33182 seq_gap=16668 idle_tx=597881 idle_rx=23045 tun_drop=0 oversize=0 tx_stall=0 b_drop=0 retx=0 dups=0 recovered=0 naks_tx=0 naks_rx=0 arq_lost=0
qpsk_tun txgap: n=6228 empty=0 gt20us=0 gt50us=0 gt200us=0 max_us=0 p99_us=0 mean_us=0.0 idle_batch=0
qpsk_tun stats: tunA_rx=7 tunA_tx=0 tunB_rx=0 tunB_tx=547237 dma_tx=604116 dma_rx_ok=547237 crc_drop=33393 seq_gap=16846 idle_tx=604109 idle_rx=23045 tun_drop=0 oversize=0 tx_stall=0 b_drop=0 retx=0 dups=0 recovered=0 naks_tx=0 naks_rx=0 arq_lost=0
qpsk_tun txgap: n=6228 empty=0 gt20us=0 gt50us=0 gt200us=0 max_us=0 p99_us=0 mean_us=0.0 idle_batch=0
qpsk_tun stats: tunA_rx=7 tunA_tx=0 tunB_rx=0 tunB_tx=553234 dma_tx=610344 dma_rx_ok=553234 crc_drop=33619 seq_gap=17028 idle_tx=610337 idle_rx=23045 tun_drop=0 oversize=0 tx_stall=0 b_drop=0 retx=0 dups=0 recovered=0 naks_tx=0 naks_rx=0 arq_lost=0
qpsk_tun txgap: n=6228 empty=0 gt20us=0 gt50us=0 gt200us=0 max_us=0 p99_us=0 mean_us=0.0 idle_batch=0
qpsk_tun stats: tunA_rx=7 tunA_tx=0 tunB_rx=0 tunB_tx=559244 dma_tx=616572 dma_rx_ok=559244 crc_drop=33842 seq_gap=17211 idle_tx=616565 idle_rx=23045 tun_drop=0 oversize=0 tx_stall=0 b_drop=0 retx=0 dups=0 recovered=0 naks_tx=0 naks_rx=0 arq_lost=0
qpsk_tun txgap: n=6228 empty=0 gt20us=0 gt50us=0 gt200us=0 max_us=0 p99_us=0 mean_us=0.0 idle_batch=0
qpsk_tun stats: tunA_rx=7 tunA_tx=0 tunB_rx=0 tunB_tx=565247 dma_tx=622800 dma_rx_ok=565247 crc_drop=34067 seq_gap=17393 idle_tx=622793 idle_rx=23045 tun_drop=0 oversize=0 tx_stall=0 b_drop=0 retx=0 dups=0 recovered=0 naks_tx=0 naks_rx=0 arq_lost=0
qpsk_tun txgap: n=6228 empty=0 gt20us=0 gt50us=0 gt200us=0 max_us=0 p99_us=0 mean_us=0.0 idle_batch=0
qpsk_tun stats: tunA_rx=7 tunA_tx=0 tunB_rx=0 tunB_tx=571245 dma_tx=629028 dma_rx_ok=571245 crc_drop=34296 seq_gap=17577 idle_tx=629021 idle_rx=23045 tun_drop=0 oversize=0 tx_stall=0 b_drop=0 retx=0 dups=0 recovered=0 naks_tx=0 naks_rx=0 arq_lost=0
qpsk_tun txgap: n=6228 empty=0 gt20us=0 gt50us=0 gt200us=0 max_us=0 p99_us=0 mean_us=0.0 idle_batch=0
qpsk_tun stats: tunA_rx=7 tunA_tx=0 tunB_rx=0 tunB_tx=577256 dma_tx=635256 dma_rx_ok=577256 crc_drop=34512 seq_gap=17755 idle_tx=635249 idle_rx=23045 tun_drop=0 oversize=0 tx_stall=0 b_drop=0 retx=0 dups=0 recovered=0 naks_tx=0 naks_rx=0 arq_lost=0
qpsk_tun txgap: n=6228 empty=0 gt20us=0 gt50us=0 gt200us=0 max_us=0 p99_us=0 mean_us=0.0 idle_batch=0
qpsk_tun stats: tunA_rx=7 tunA_tx=0 tunB_rx=0 tunB_tx=583265 dma_tx=641484 dma_rx_ok=583265 crc_drop=34731 seq_gap=17934 idle_tx=641477 idle_rx=23045 tun_drop=0 oversize=0 tx_stall=0 b_drop=0 retx=0 dups=0 recovered=0 naks_tx=0 naks_rx=0 arq_lost=0
qpsk_tun txgap: n=6228 empty=0 gt20us=0 gt50us=0 gt200us=0 max_us=0 p99_us=0 mean_us=0.0 idle_batch=0
qpsk_tun stats: tunA_rx=7 tunA_tx=0 tunB_rx=0 tunB_tx=589275 dma_tx=647712 dma_rx_ok=589275 crc_drop=34945 seq_gap=18113 idle_tx=647705 idle_rx=23045 tun_drop=0 oversize=0 tx_stall=0 b_drop=0 retx=0 dups=0 recovered=0 naks_tx=0 naks_rx=0 arq_lost=0
qpsk_tun txgap: n=6228 empty=0 gt20us=0 gt50us=0 gt200us=0 max_us=0 p99_us=0 mean_us=0.0 idle_batch=0
qpsk_tun stats: tunA_rx=7 tunA_tx=0 tunB_rx=0 tunB_tx=595281 dma_tx=653940 dma_rx_ok=595281 crc_drop=35171 seq_gap=18302 idle_tx=653933 idle_rx=23045 tun_drop=0 oversize=0 tx_stall=0 b_drop=0 retx=0 dups=0 recovered=0 naks_tx=0 naks_rx=0 arq_lost=0
qpsk_tun txgap: n=6228 empty=0 gt20us=0 gt50us=0 gt200us=0 max_us=0 p99_us=0 mean_us=0.0 idle_batch=0
qpsk_tun stats: tunA_rx=7 tunA_tx=0 tunB_rx=0 tunB_tx=601281 dma_tx=660168 dma_rx_ok=601281 crc_drop=35397 seq_gap=18487 idle_tx=660161 idle_rx=23045 tun_drop=0 oversize=0 tx_stall=0 b_drop=0 retx=0 dups=0 recovered=0 naks_tx=0 naks_rx=0 arq_lost=0
qpsk_tun txgap: n=6228 empty=0 gt20us=0 gt50us=0 gt200us=0 max_us=0 p99_us=0 mean_us=0.0 idle_batch=0
qpsk_tun stats: tunA_rx=7 tunA_tx=0 tunB_rx=0 tunB_tx=607273 dma_tx=666396 dma_rx_ok=607273 crc_drop=35623 seq_gap=18676 idle_tx=666389 idle_rx=23045 tun_drop=0 oversize=0 tx_stall=0 b_drop=0 retx=0 dups=0 recovered=0 naks_tx=0 naks_rx=0 arq_lost=0
qpsk_tun txgap: n=6228 empty=45 gt20us=30 gt50us=30 gt200us=19 max_us=614 p99_us=767 mean_us=242.8 idle_batch=0
qpsk_tun stats: tunA_rx=7 tunA_tx=0 tunB_rx=0 tunB_tx=613260 dma_tx=672624 dma_rx_ok=613260 crc_drop=35857 seq_gap=18867 idle_tx=672617 idle_rx=23045 tun_drop=0 oversize=0 tx_stall=0 b_drop=0 retx=0 dups=0 recovered=0 naks_tx=0 naks_rx=0 arq_lost=0
qpsk_tun txgap: n=6228 empty=8 gt20us=8 gt50us=8 gt200us=8 max_us=613 p99_us=767 mean_us=566.3 idle_batch=0
qpsk_tun stats: tunA_rx=8 tunA_tx=0 tunB_rx=0 tunB_tx=619257 dma_tx=678852 dma_rx_ok=619257 crc_drop=36076 seq_gap=19055 idle_tx=678844 idle_rx=23045 tun_drop=0 oversize=0 tx_stall=0 b_drop=0 retx=0 dups=0 recovered=0 naks_tx=0 naks_rx=0 arq_lost=0
qpsk_tun txgap: n=6228 empty=3 gt20us=3 gt50us=3 gt200us=3 max_us=699 p99_us=767 mean_us=641.9 idle_batch=0
qpsk_tun stats: tunA_rx=8 tunA_tx=0 tunB_rx=0 tunB_tx=625257 dma_tx=685080 dma_rx_ok=625257 crc_drop=36301 seq_gap=19243 idle_tx=685072 idle_rx=23045 tun_drop=0 oversize=0 tx_stall=0 b_drop=0 retx=0 dups=0 recovered=0 naks_tx=0 naks_rx=0 arq_lost=0
qpsk_tun txgap: n=6228 empty=0 gt20us=0 gt50us=0 gt200us=0 max_us=0 p99_us=0 mean_us=0.0 idle_batch=0
qpsk_tun stats: tunA_rx=8 tunA_tx=0 tunB_rx=0 tunB_tx=631254 dma_tx=691308 dma_rx_ok=631254 crc_drop=36527 seq_gap=19425 idle_tx=691300 idle_rx=23045 tun_drop=0 oversize=0 tx_stall=0 b_drop=0 retx=0 dups=0 recovered=0 naks_tx=0 naks_rx=0 arq_lost=0
qpsk_tun txgap: n=6228 empty=0 gt20us=0 gt50us=0 gt200us=0 max_us=0 p99_us=0 mean_us=0.0 idle_batch=0
qpsk_tun stats: tunA_rx=8 tunA_tx=0 tunB_rx=0 tunB_tx=637262 dma_tx=697536 dma_rx_ok=637262 crc_drop=36750 seq_gap=19608 idle_tx=697528 idle_rx=23045 tun_drop=0 oversize=0 tx_stall=0 b_drop=0 retx=0 dups=0 recovered=0 naks_tx=0 naks_rx=0 arq_lost=0
qpsk_tun txgap: n=6228 empty=0 gt20us=0 gt50us=0 gt200us=0 max_us=0 p99_us=0 mean_us=0.0 idle_batch=0
qpsk_tun stats: tunA_rx=8 tunA_tx=0 tunB_rx=0 tunB_tx=643270 dma_tx=703764 dma_rx_ok=643270 crc_drop=36970 seq_gap=19789 idle_tx=703756 idle_rx=23045 tun_drop=0 oversize=0 tx_stall=0 b_drop=0 retx=0 dups=0 recovered=0 naks_tx=0 naks_rx=0 arq_lost=0
qpsk_tun txgap: n=6228 empty=0 gt20us=0 gt50us=0 gt200us=0 max_us=0 p99_us=0 mean_us=0.0 idle_batch=0
qpsk_tun stats: tunA_rx=8 tunA_tx=0 tunB_rx=0 tunB_tx=649271 dma_tx=709992 dma_rx_ok=649271 crc_drop=37197 seq_gap=19972 idle_tx=709984 idle_rx=23045 tun_drop=0 oversize=0 tx_stall=0 b_drop=0 retx=0 dups=0 recovered=0 naks_tx=0 naks_rx=0 arq_lost=0
qpsk_tun txgap: n=6228 empty=0 gt20us=0 gt50us=0 gt200us=0 max_us=0 p99_us=0 mean_us=0.0 idle_batch=0
qpsk_tun stats: tunA_rx=8 tunA_tx=0 tunB_rx=0 tunB_tx=655275 dma_tx=716220 dma_rx_ok=655275 crc_drop=37417 seq_gap=20158 idle_tx=716212 idle_rx=23045 tun_drop=0 oversize=0 tx_stall=0 b_drop=0 retx=0 dups=0 recovered=0 naks_tx=0 naks_rx=0 arq_lost=0
qpsk_tun txgap: n=6228 empty=0 gt20us=0 gt50us=0 gt200us=0 max_us=0 p99_us=0 mean_us=0.0 idle_batch=0
qpsk_tun stats: tunA_rx=8 tunA_tx=0 tunB_rx=0 tunB_tx=661277 dma_tx=722448 dma_rx_ok=661277 crc_drop=37638 seq_gap=20343 idle_tx=722440 idle_rx=23045 tun_drop=0 oversize=0 tx_stall=0 b_drop=0 retx=0 dups=0 recovered=0 naks_tx=0 naks_rx=0 arq_lost=0
qpsk_tun txgap: n=6228 empty=0 gt20us=0 gt50us=0 gt200us=0 max_us=0 p99_us=0 mean_us=0.0 idle_batch=0
qpsk_tun stats: tunA_rx=8 tunA_tx=0 tunB_rx=0 tunB_tx=667285 dma_tx=728676 dma_rx_ok=667285 crc_drop=37849 seq_gap=20529 idle_tx=728668 idle_rx=23045 tun_drop=0 oversize=0 tx_stall=0 b_drop=0 retx=0 dups=0 recovered=0 naks_tx=0 naks_rx=0 arq_lost=0
qpsk_tun txgap: n=6228 empty=0 gt20us=0 gt50us=0 gt200us=0 max_us=0 p99_us=0 mean_us=0.0 idle_batch=0
qpsk_tun stats: tunA_rx=8 tunA_tx=0 tunB_rx=0 tunB_tx=673295 dma_tx=734904 dma_rx_ok=673295 crc_drop=38063 seq_gap=20713 idle_tx=734896 idle_rx=23045 tun_drop=0 oversize=0 tx_stall=0 b_drop=0 retx=0 dups=0 recovered=0 naks_tx=0 naks_rx=0 arq_lost=0
qpsk_tun txgap: n=6228 empty=0 gt20us=0 gt50us=0 gt200us=0 max_us=0 p99_us=0 mean_us=0.0 idle_batch=0
qpsk_tun stats: tunA_rx=8 tunA_tx=0 tunB_rx=0 tunB_tx=679300 dma_tx=741132 dma_rx_ok=679300 crc_drop=38277 seq_gap=20900 idle_tx=741124 idle_rx=23045 tun_drop=0 oversize=0 tx_stall=0 b_drop=0 retx=0 dups=0 recovered=0 naks_tx=0 naks_rx=0 arq_lost=0
qpsk_tun txgap: n=6228 empty=0 gt20us=0 gt50us=0 gt200us=0 max_us=0 p99_us=0 mean_us=0.0 idle_batch=0
qpsk_tun stats: tunA_rx=8 tunA_tx=0 tunB_rx=0 tunB_tx=685293 dma_tx=747360 dma_rx_ok=685293 crc_drop=38507 seq_gap=21087 idle_tx=747352 idle_rx=23045 tun_drop=0 oversize=0 tx_stall=0 b_drop=0 retx=0 dups=0 recovered=0 naks_tx=0 naks_rx=0 arq_lost=0
qpsk_tun txgap: n=6228 empty=0 gt20us=0 gt50us=0 gt200us=0 max_us=0 p99_us=0 mean_us=0.0 idle_batch=0
qpsk_tun stats: tunA_rx=8 tunA_tx=0 tunB_rx=0 tunB_tx=691296 dma_tx=753588 dma_rx_ok=691296 crc_drop=38729 seq_gap=21271 idle_tx=753580 idle_rx=23045 tun_drop=0 oversize=0 tx_stall=0 b_drop=0 retx=0 dups=0 recovered=0 naks_tx=0 naks_rx=0 arq_lost=0
qpsk_tun txgap: n=6228 empty=2 gt20us=2 gt50us=2 gt200us=2 max_us=554 p99_us=767 mean_us=542.3 idle_batch=0
qpsk_tun stats: tunA_rx=8 tunA_tx=0 tunB_rx=0 tunB_tx=697290 dma_tx=759816 dma_rx_ok=697290 crc_drop=38962 seq_gap=21454 idle_tx=759808 idle_rx=23045 tun_drop=0 oversize=0 tx_stall=0 b_drop=0 retx=0 dups=0 recovered=0 naks_tx=0 naks_rx=0 arq_lost=0
qpsk_tun txgap: n=6228 empty=1 gt20us=1 gt50us=1 gt200us=1 max_us=576 p99_us=767 mean_us=575.9 idle_batch=0
qpsk_tun stats: tunA_rx=8 tunA_tx=0 tunB_rx=0 tunB_tx=703309 dma_tx=766044 dma_rx_ok=703309 crc_drop=39170 seq_gap=21631 idle_tx=766036 idle_rx=23045 tun_drop=0 oversize=0 tx_stall=0 b_drop=0 retx=0 dups=0 recovered=0 naks_tx=0 naks_rx=0 arq_lost=0
qpsk_tun txgap: n=6228 empty=0 gt20us=0 gt50us=0 gt200us=0 max_us=0 p99_us=0 mean_us=0.0 idle_batch=0
qpsk_tun stats: tunA_rx=8 tunA_tx=0 tunB_rx=0 tunB_tx=709330 dma_tx=772272 dma_rx_ok=709330 crc_drop=39377 seq_gap=21809 idle_tx=772264 idle_rx=23045 tun_drop=0 oversize=0 tx_stall=0 b_drop=0 retx=0 dups=0 recovered=0 naks_tx=0 naks_rx=0 arq_lost=0
qpsk_tun txgap: n=6228 empty=0 gt20us=0 gt50us=0 gt200us=0 max_us=0 p99_us=0 mean_us=0.0 idle_batch=0
qpsk_tun stats: tunA_rx=8 tunA_tx=0 tunB_rx=0 tunB_tx=715327 dma_tx=778500 dma_rx_ok=715327 crc_drop=39605 seq_gap=21991 idle_tx=778492 idle_rx=23045 tun_drop=0 oversize=0 tx_stall=0 b_drop=0 retx=0 dups=0 recovered=0 naks_tx=0 naks_rx=0 arq_lost=0
qpsk_tun txgap: n=6228 empty=0 gt20us=0 gt50us=0 gt200us=0 max_us=0 p99_us=0 mean_us=0.0 idle_batch=0
qpsk_tun stats: tunA_rx=8 tunA_tx=0 tunB_rx=0 tunB_tx=721299 dma_tx=784728 dma_rx_ok=721299 crc_drop=39858 seq_gap=22178 idle_tx=784720 idle_rx=23045 tun_drop=0 oversize=0 tx_stall=0 b_drop=0 retx=0 dups=0 recovered=0 naks_tx=0 naks_rx=0 arq_lost=0
qpsk_tun txgap: n=6228 empty=0 gt20us=0 gt50us=0 gt200us=0 max_us=0 p99_us=0 mean_us=0.0 idle_batch=0
qpsk_tun stats: tunA_rx=8 tunA_tx=0 tunB_rx=0 tunB_tx=727300 dma_tx=790956 dma_rx_ok=727300 crc_drop=40084 seq_gap=22364 idle_tx=790948 idle_rx=23045 tun_drop=0 oversize=0 tx_stall=0 b_drop=0 retx=0 dups=0 recovered=0 naks_tx=0 naks_rx=0 arq_lost=0
qpsk_tun txgap: n=6228 empty=0 gt20us=0 gt50us=0 gt200us=0 max_us=0 p99_us=0 mean_us=0.0 idle_batch=0
qpsk_tun stats: tunA_rx=8 tunA_tx=0 tunB_rx=0 tunB_tx=733290 dma_tx=797184 dma_rx_ok=733290 crc_drop=40322 seq_gap=22549 idle_tx=797176 idle_rx=23045 tun_drop=0 oversize=0 tx_stall=0 b_drop=0 retx=0 dups=0 recovered=0 naks_tx=0 naks_rx=0 arq_lost=0
qpsk_tun txgap: n=6228 empty=0 gt20us=0 gt50us=0 gt200us=0 max_us=0 p99_us=0 mean_us=0.0 idle_batch=0
qpsk_tun stats: tunA_rx=8 tunA_tx=0 tunB_rx=0 tunB_tx=739290 dma_tx=803412 dma_rx_ok=739290 crc_drop=40547 seq_gap=22733 idle_tx=803404 idle_rx=23045 tun_drop=0 oversize=0 tx_stall=0 b_drop=0 retx=0 dups=0 recovered=0 naks_tx=0 naks_rx=0 arq_lost=0
qpsk_tun txgap: n=6228 empty=0 gt20us=0 gt50us=0 gt200us=0 max_us=0 p99_us=0 mean_us=0.0 idle_batch=0
qpsk_tun stats: tunA_rx=8 tunA_tx=0 tunB_rx=0 tunB_tx=745288 dma_tx=809640 dma_rx_ok=745288 crc_drop=40778 seq_gap=22918 idle_tx=809632 idle_rx=23045 tun_drop=0 oversize=0 tx_stall=0 b_drop=0 retx=0 dups=0 recovered=0 naks_tx=0 naks_rx=0 arq_lost=0
qpsk_tun txgap: n=6228 empty=0 gt20us=0 gt50us=0 gt200us=0 max_us=0 p99_us=0 mean_us=0.0 idle_batch=0
qpsk_tun stats: tunA_rx=8 tunA_tx=0 tunB_rx=0 tunB_tx=751288 dma_tx=815868 dma_rx_ok=751288 crc_drop=41005 seq_gap=23099 idle_tx=815860 idle_rx=23045 tun_drop=0 oversize=0 tx_stall=0 b_drop=0 retx=0 dups=0 recovered=0 naks_tx=0 naks_rx=0 arq_lost=0
qpsk_tun txgap: n=6228 empty=0 gt20us=0 gt50us=0 gt200us=0 max_us=0 p99_us=0 mean_us=0.0 idle_batch=0
qpsk_tun stats: tunA_rx=8 tunA_tx=0 tunB_rx=0 tunB_tx=757279 dma_tx=822096 dma_rx_ok=757279 crc_drop=41239 seq_gap=23288 idle_tx=822088 idle_rx=23045 tun_drop=0 oversize=0 tx_stall=0 b_drop=0 retx=0 dups=0 recovered=0 naks_tx=0 naks_rx=0 arq_lost=0
qpsk_tun txgap: n=6228 empty=0 gt20us=0 gt50us=0 gt200us=0 max_us=0 p99_us=0 mean_us=0.0 idle_batch=0
qpsk_tun stats: tunA_rx=8 tunA_tx=0 tunB_rx=0 tunB_tx=763224 dma_tx=828324 dma_rx_ok=763224 crc_drop=41473 seq_gap=23482 idle_tx=828316 idle_rx=23045 tun_drop=0 oversize=0 tx_stall=0 b_drop=0 retx=0 dups=0 recovered=0 naks_tx=0 naks_rx=0 arq_lost=0
qpsk_tun txgap: n=6228 empty=0 gt20us=0 gt50us=0 gt200us=0 max_us=0 p99_us=0 mean_us=0.0 idle_batch=0
qpsk_tun stats: tunA_rx=8 tunA_tx=0 tunB_rx=0 tunB_tx=769223 dma_tx=834552 dma_rx_ok=769223 crc_drop=41702 seq_gap=23666 idle_tx=834544 idle_rx=23045 tun_drop=0 oversize=0 tx_stall=0 b_drop=0 retx=0 dups=0 recovered=0 naks_tx=0 naks_rx=0 arq_lost=0
qpsk_tun txgap: n=6228 empty=0 gt20us=0 gt50us=0 gt200us=0 max_us=0 p99_us=0 mean_us=0.0 idle_batch=0
qpsk_tun stats: tunA_rx=8 tunA_tx=0 tunB_rx=0 tunB_tx=775229 dma_tx=840780 dma_rx_ok=775229 crc_drop=41924 seq_gap=23849 idle_tx=840772 idle_rx=23045 tun_drop=0 oversize=0 tx_stall=0 b_drop=0 retx=0 dups=0 recovered=0 naks_tx=0 naks_rx=0 arq_lost=0
qpsk_tun txgap: n=6228 empty=286 gt20us=16 gt50us=7 gt200us=7 max_us=444 p99_us=511 mean_us=11.4 idle_batch=0
qpsk_tun stats: tunA_rx=8 tunA_tx=0 tunB_rx=0 tunB_tx=781235 dma_tx=847008 dma_rx_ok=781235 crc_drop=42145 seq_gap=24030 idle_tx=847000 idle_rx=23045 tun_drop=0 oversize=0 tx_stall=0 b_drop=0 retx=0 dups=0 recovered=0 naks_tx=0 naks_rx=0 arq_lost=0
qpsk_tun txgap: n=6228 empty=7 gt20us=7 gt50us=7 gt200us=7 max_us=680 p99_us=767 mean_us=553.2 idle_batch=0
qpsk_tun stats: tunA_rx=8 tunA_tx=0 tunB_rx=0 tunB_tx=787242 dma_tx=853236 dma_rx_ok=787242 crc_drop=42367 seq_gap=24211 idle_tx=853228 idle_rx=23045 tun_drop=0 oversize=0 tx_stall=0 b_drop=0 retx=0 dups=0 recovered=0 naks_tx=0 naks_rx=0 arq_lost=0
qpsk_tun txgap: n=6228 empty=1 gt20us=1 gt50us=1 gt200us=1 max_us=689 p99_us=767 mean_us=688.7 idle_batch=0
qpsk_tun stats: tunA_rx=8 tunA_tx=0 tunB_rx=0 tunB_tx=793253 dma_tx=859464 dma_rx_ok=793253 crc_drop=42584 seq_gap=24387 idle_tx=859456 idle_rx=23045 tun_drop=0 oversize=0 tx_stall=0 b_drop=0 retx=0 dups=0 recovered=0 naks_tx=0 naks_rx=0 arq_lost=0
qpsk_tun txgap: n=6228 empty=0 gt20us=0 gt50us=0 gt200us=0 max_us=0 p99_us=0 mean_us=0.0 idle_batch=0
qpsk_tun stats: tunA_rx=8 tunA_tx=0 tunB_rx=0 tunB_tx=799261 dma_tx=865692 dma_rx_ok=799261 crc_drop=42804 seq_gap=24567 idle_tx=865684 idle_rx=23045 tun_drop=0 oversize=0 tx_stall=0 b_drop=0 retx=0 dups=0 recovered=0 naks_tx=0 naks_rx=0 arq_lost=0
qpsk_tun txgap: n=6228 empty=0 gt20us=0 gt50us=0 gt200us=0 max_us=0 p99_us=0 mean_us=0.0 idle_batch=0
qpsk_tun stats: tunA_rx=8 tunA_tx=0 tunB_rx=0 tunB_tx=805262 dma_tx=871920 dma_rx_ok=805262 crc_drop=43031 seq_gap=24747 idle_tx=871912 idle_rx=23045 tun_drop=0 oversize=0 tx_stall=0 b_drop=0 retx=0 dups=0 recovered=0 naks_tx=0 naks_rx=0 arq_lost=0
qpsk_tun txgap: n=6228 empty=0 gt20us=0 gt50us=0 gt200us=0 max_us=0 p99_us=0 mean_us=0.0 idle_batch=0
qpsk_tun stats: tunA_rx=8 tunA_tx=0 tunB_rx=0 tunB_tx=811264 dma_tx=878148 dma_rx_ok=811264 crc_drop=43257 seq_gap=24925 idle_tx=878140 idle_rx=23045 tun_drop=0 oversize=0 tx_stall=0 b_drop=0 retx=0 dups=0 recovered=0 naks_tx=0 naks_rx=0 arq_lost=0
qpsk_tun txgap: n=6228 empty=0 gt20us=0 gt50us=0 gt200us=0 max_us=0 p99_us=0 mean_us=0.0 idle_batch=0
qpsk_tun stats: tunA_rx=8 tunA_tx=0 tunB_rx=0 tunB_tx=817276 dma_tx=884376 dma_rx_ok=817276 crc_drop=43473 seq_gap=25102 idle_tx=884368 idle_rx=23045 tun_drop=0 oversize=0 tx_stall=0 b_drop=0 retx=0 dups=0 recovered=0 naks_tx=0 naks_rx=0 arq_lost=0
qpsk_tun txgap: n=6228 empty=0 gt20us=0 gt50us=0 gt200us=0 max_us=0 p99_us=0 mean_us=0.0 idle_batch=0
qpsk_tun stats: tunA_rx=8 tunA_tx=0 tunB_rx=0 tunB_tx=823287 dma_tx=890604 dma_rx_ok=823287 crc_drop=43690 seq_gap=25286 idle_tx=890596 idle_rx=23045 tun_drop=0 oversize=0 tx_stall=0 b_drop=0 retx=0 dups=0 recovered=0 naks_tx=0 naks_rx=0 arq_lost=0
qpsk_tun txgap: n=6228 empty=0 gt20us=0 gt50us=0 gt200us=0 max_us=0 p99_us=0 mean_us=0.0 idle_batch=0
qpsk_tun stats: tunA_rx=8 tunA_tx=0 tunB_rx=0 tunB_tx=829277 dma_tx=896832 dma_rx_ok=829277 crc_drop=43917 seq_gap=25471 idle_tx=896824 idle_rx=23045 tun_drop=0 oversize=0 tx_stall=0 b_drop=0 retx=0 dups=0 recovered=0 naks_tx=0 naks_rx=0 arq_lost=0
qpsk_tun txgap: n=6228 empty=0 gt20us=0 gt50us=0 gt200us=0 max_us=0 p99_us=0 mean_us=0.0 idle_batch=0
qpsk_tun stats: tunA_rx=8 tunA_tx=0 tunB_rx=0 tunB_tx=835268 dma_tx=903060 dma_rx_ok=835268 crc_drop=44149 seq_gap=25654 idle_tx=903052 idle_rx=23045 tun_drop=0 oversize=0 tx_stall=0 b_drop=0 retx=0 dups=0 recovered=0 naks_tx=0 naks_rx=0 arq_lost=0
qpsk_tun txgap: n=6228 empty=0 gt20us=0 gt50us=0 gt200us=0 max_us=0 p99_us=0 mean_us=0.0 idle_batch=0
qpsk_tun stats: tunA_rx=8 tunA_tx=0 tunB_rx=0 tunB_tx=841227 dma_tx=909288 dma_rx_ok=841227 crc_drop=44398 seq_gap=25855 idle_tx=909280 idle_rx=23045 tun_drop=0 oversize=0 tx_stall=0 b_drop=0 retx=0 dups=0 recovered=0 naks_tx=0 naks_rx=0 arq_lost=0
qpsk_tun txgap: n=6228 empty=0 gt20us=0 gt50us=0 gt200us=0 max_us=0 p99_us=0 mean_us=0.0 idle_batch=0
qpsk_tun stats: tunA_rx=8 tunA_tx=0 tunB_rx=0 tunB_tx=847202 dma_tx=915516 dma_rx_ok=847202 crc_drop=44642 seq_gap=26050 idle_tx=915508 idle_rx=23045 tun_drop=0 oversize=0 tx_stall=0 b_drop=0 retx=0 dups=0 recovered=0 naks_tx=0 naks_rx=0 arq_lost=0
qpsk_tun txgap: n=6228 empty=0 gt20us=0 gt50us=0 gt200us=0 max_us=0 p99_us=0 mean_us=0.0 idle_batch=0
qpsk_tun stats: tunA_rx=8 tunA_tx=0 tunB_rx=0 tunB_tx=853197 dma_tx=921744 dma_rx_ok=853197 crc_drop=44866 seq_gap=26237 idle_tx=921736 idle_rx=23045 tun_drop=0 oversize=0 tx_stall=0 b_drop=0 retx=0 dups=0 recovered=0 naks_tx=0 naks_rx=0 arq_lost=0
qpsk_tun txgap: n=6228 empty=0 gt20us=0 gt50us=0 gt200us=0 max_us=0 p99_us=0 mean_us=0.0 idle_batch=0
qpsk_tun stats: tunA_rx=8 tunA_tx=0 tunB_rx=0 tunB_tx=859197 dma_tx=927972 dma_rx_ok=859197 crc_drop=45088 seq_gap=26420 idle_tx=927964 idle_rx=23045 tun_drop=0 oversize=0 tx_stall=0 b_drop=0 retx=0 dups=0 recovered=0 naks_tx=0 naks_rx=0 arq_lost=0
qpsk_tun txgap: n=6228 empty=0 gt20us=0 gt50us=0 gt200us=0 max_us=0 p99_us=0 mean_us=0.0 idle_batch=0
qpsk_tun stats: tunA_rx=8 tunA_tx=0 tunB_rx=0 tunB_tx=865191 dma_tx=934200 dma_rx_ok=865191 crc_drop=45320 seq_gap=26602 idle_tx=934192 idle_rx=23045 tun_drop=0 oversize=0 tx_stall=0 b_drop=0 retx=0 dups=0 recovered=0 naks_tx=0 naks_rx=0 arq_lost=0
qpsk_tun txgap: n=6228 empty=14 gt20us=14 gt50us=14 gt200us=14 max_us=581 p99_us=767 mean_us=517.5 idle_batch=0
qpsk_tun stats: tunA_rx=8 tunA_tx=0 tunB_rx=0 tunB_tx=871199 dma_tx=940428 dma_rx_ok=871199 crc_drop=45540 seq_gap=26779 idle_tx=940420 idle_rx=23045 tun_drop=0 oversize=0 tx_stall=0 b_drop=0 retx=0 dups=0 recovered=0 naks_tx=0 naks_rx=0 arq_lost=0
qpsk_tun txgap: n=6228 empty=12 gt20us=12 gt50us=12 gt200us=12 max_us=612 p99_us=767 mean_us=547.0 idle_batch=0
qpsk_tun stats: tunA_rx=8 tunA_tx=0 tunB_rx=0 tunB_tx=877201 dma_tx=946656 dma_rx_ok=877201 crc_drop=45766 seq_gap=26962 idle_tx=946648 idle_rx=23045 tun_drop=0 oversize=0 tx_stall=0 b_drop=0 retx=0 dups=0 recovered=0 naks_tx=0 naks_rx=0 arq_lost=0
qpsk_tun txgap: n=6228 empty=2 gt20us=2 gt50us=2 gt200us=2 max_us=609 p99_us=767 mean_us=586.0 idle_batch=0
qpsk_tun stats: tunA_rx=8 tunA_tx=0 tunB_rx=0 tunB_tx=883216 dma_tx=952884 dma_rx_ok=883216 crc_drop=45979 seq_gap=27136 idle_tx=952876 idle_rx=23045 tun_drop=0 oversize=0 tx_stall=0 b_drop=0 retx=0 dups=0 recovered=0 naks_tx=0 naks_rx=0 arq_lost=0
qpsk_tun txgap: n=6228 empty=0 gt20us=0 gt50us=0 gt200us=0 max_us=0 p99_us=0 mean_us=0.0 idle_batch=0
qpsk_tun stats: tunA_rx=8 tunA_tx=0 tunB_rx=0 tunB_tx=888069 dma_tx=959112 dma_rx_ok=888069 crc_drop=46194 seq_gap=27285 idle_tx=959104 idle_rx=24205 tun_drop=0 oversize=0 tx_stall=0 b_drop=0 retx=0 dups=0 recovered=0 naks_tx=0 naks_rx=0 arq_lost=0
qpsk_tun txgap: n=6228 empty=0 gt20us=0 gt50us=0 gt200us=0 max_us=0 p99_us=0 mean_us=0.0 idle_batch=0
qpsk_tun stats: tunA_rx=8 tunA_tx=0 tunB_rx=0 tunB_tx=888069 dma_tx=965340 dma_rx_ok=888069 crc_drop=46345 seq_gap=27285 idle_tx=965332 idle_rx=30281 tun_drop=0 oversize=0 tx_stall=0 b_drop=0 retx=0 dups=0 recovered=0 naks_tx=0 naks_rx=0 arq_lost=0
qpsk_tun txgap: n=6228 empty=0 gt20us=0 gt50us=0 gt200us=0 max_us=0 p99_us=0 mean_us=0.0 idle_batch=0
qpsk_tun stats: tunA_rx=8 tunA_tx=0 tunB_rx=0 tunB_tx=888069 dma_tx=971568 dma_rx_ok=888069 crc_drop=46505 seq_gap=27285 idle_tx=971560 idle_rx=36350 tun_drop=0 oversize=0 tx_stall=0 b_drop=0 retx=0 dups=0 recovered=0 naks_tx=0 naks_rx=0 arq_lost=0
qpsk_tun txgap: n=6228 empty=0 gt20us=0 gt50us=0 gt200us=0 max_us=0 p99_us=0 mean_us=0.0 idle_batch=0
qpsk_tun stats: tunA_rx=8 tunA_tx=0 tunB_rx=0 tunB_tx=888069 dma_tx=977796 dma_rx_ok=888069 crc_drop=46675 seq_gap=27285 idle_tx=977788 idle_rx=42401 tun_drop=0 oversize=0 tx_stall=0 b_drop=0 retx=0 dups=0 recovered=0 naks_tx=0 naks_rx=0 arq_lost=0
qpsk_tun txgap: n=6228 empty=0 gt20us=0 gt50us=0 gt200us=0 max_us=0 p99_us=0 mean_us=0.0 idle_batch=0
qpsk_tun stats: tunA_rx=8 tunA_tx=0 tunB_rx=0 tunB_tx=888069 dma_tx=984024 dma_rx_ok=888069 crc_drop=46838 seq_gap=27285 idle_tx=984016 idle_rx=48473 tun_drop=0 oversize=0 tx_stall=0 b_drop=0 retx=0 dups=0 recovered=0 naks_tx=0 naks_rx=0 arq_lost=0
qpsk_tun txgap: n=6228 empty=0 gt20us=0 gt50us=0 gt200us=0 max_us=0 p99_us=0 mean_us=0.0 idle_batch=0
qpsk_tun stats: tunA_rx=8 tunA_tx=0 tunB_rx=0 tunB_tx=888069 dma_tx=988074 dma_rx_ok=888069 crc_drop=46945 seq_gap=27285 idle_tx=988066 idle_rx=52416 tun_drop=0 oversize=0 tx_stall=0 b_drop=0 retx=0 dups=0 recovered=0 naks_tx=0 naks_rx=0 arq_lost=0
qpsk_tun txgap: n=4050 empty=0 gt20us=0 gt50us=0 gt200us=0 max_us=0 p99_us=0 mean_us=0.0 idle_batch=0
qpsk_tun txlog: wrote 927250 records (of 927250 submits) to /dev/shm/txlog.bin
qpsk_tun stats: tunA_rx=8 tunA_tx=0 tunB_rx=0 tunB_tx=888069 dma_tx=989994 dma_rx_ok=888069 crc_drop=47032 seq_gap=27285 idle_tx=989986 idle_rx=53867 tun_drop=0 oversize=0 tx_stall=0 b_drop=0 retx=0 dups=0 recovered=0 naks_tx=0 naks_rx=0 arq_lost=0
qpsk_tun txgap: n=1920 empty=2 gt20us=2 gt50us=2 gt200us=2 max_us=239044 p99_us=262143 mean_us=120062.4 idle_batch=0
qpsk_tun stats: tunA_rx=8 tunA_tx=0 tunB_rx=0 tunB_tx=888069 dma_tx=996222 dma_rx_ok=888069 crc_drop=49152 seq_gap=27285 idle_tx=996214 idle_rx=53867 tun_drop=0 oversize=0 tx_stall=0 b_drop=0 retx=0 dups=0 recovered=0 naks_tx=0 naks_rx=0 arq_lost=0
qpsk_tun txgap: n=6228 empty=0 gt20us=0 gt50us=0 gt200us=0 max_us=0 p99_us=0 mean_us=0.0 idle_batch=0
