RX drain budget: 4 slices/pump call (0 = unbounded; TX can be fed between chunks)
RX queued-request mode ON (no reset between transfers; wdog 3.0s)
QPSK_TXLOG: ring of last 1048576 tx frames (32 MiB, 32 B/rec) -> /dev/shm/txlog.bin (also on SIGUSR1)
QPSK_FAILHDR: ring of last 65536 failed headers (2 MiB, 32 B/rec) -> /dev/shm/failhdr.bin
framelog: /dev/shm/frames.bin (48 B/frame)
irq mode: uio2/uio1
READY tun0
rx_queued: no ENGINE event for 3.0s -- re-arming (recovery #1)
qpsk_tun stats: tunA_rx=2 tunA_tx=0 tunB_rx=0 tunB_tx=0 dma_tx=6228 dma_rx_ok=0 crc_drop=6216 seq_gap=0 idle_tx=6226 idle_rx=0 tun_drop=0 oversize=0 tx_stall=0 b_drop=0 retx=0 dups=0 recovered=0 naks_tx=0 naks_rx=0 arq_lost=0
qpsk_tun txgap: n=6228 empty=0 gt20us=0 gt50us=0 gt200us=0 max_us=0 p99_us=0 mean_us=0.0 idle_batch=0
qpsk_tun stats: tunA_rx=2 tunA_tx=0 tunB_rx=0 tunB_tx=0 dma_tx=12456 dma_rx_ok=0 crc_drop=10553 seq_gap=0 idle_tx=12454 idle_rx=1895 tun_drop=0 oversize=0 tx_stall=0 b_drop=0 retx=0 dups=0 recovered=0 naks_tx=0 naks_rx=0 arq_lost=0
qpsk_tun txgap: n=6228 empty=0 gt20us=0 gt50us=0 gt200us=0 max_us=0 p99_us=0 mean_us=0.0 idle_batch=0
qpsk_tun stats: tunA_rx=3 tunA_tx=0 tunB_rx=0 tunB_tx=0 dma_tx=18684 dma_rx_ok=0 crc_drop=11914 seq_gap=0 idle_tx=18681 idle_rx=6742 tun_drop=0 oversize=0 tx_stall=0 b_drop=0 retx=0 dups=0 recovered=0 naks_tx=0 naks_rx=0 arq_lost=0
qpsk_tun txgap: n=6228 empty=2 gt20us=2 gt50us=2 gt200us=0 max_us=65 p99_us=95 mean_us=62.0 idle_batch=0
qpsk_tun stats: tunA_rx=3 tunA_tx=0 tunB_rx=0 tunB_tx=0 dma_tx=24912 dma_rx_ok=0 crc_drop=12477 seq_gap=0 idle_tx=24909 idle_rx=12422 tun_drop=0 oversize=0 tx_stall=0 b_drop=0 retx=0 dups=0 recovered=0 naks_tx=0 naks_rx=0 arq_lost=0
qpsk_tun txgap: n=6228 empty=0 gt20us=0 gt50us=0 gt200us=0 max_us=0 p99_us=0 mean_us=0.0 idle_batch=0
qpsk_tun stats: tunA_rx=3 tunA_tx=0 tunB_rx=0 tunB_tx=0 dma_tx=31140 dma_rx_ok=0 crc_drop=12632 seq_gap=0 idle_tx=31137 idle_rx=18494 tun_drop=0 oversize=0 tx_stall=0 b_drop=0 retx=0 dups=0 recovered=0 naks_tx=0 naks_rx=0 arq_lost=0
qpsk_tun txgap: n=6228 empty=0 gt20us=0 gt50us=0 gt200us=0 max_us=0 p99_us=0 mean_us=0.0 idle_batch=0
qpsk_tun stats: tunA_rx=3 tunA_tx=0 tunB_rx=0 tunB_tx=1134 dma_tx=37368 dma_rx_ok=1134 crc_drop=12820 seq_gap=37 idle_tx=37365 idle_rx=23399 tun_drop=0 oversize=0 tx_stall=0 b_drop=0 retx=0 dups=0 recovered=0 naks_tx=0 naks_rx=0 arq_lost=0
qpsk_tun txgap: n=6228 empty=0 gt20us=0 gt50us=0 gt200us=0 max_us=0 p99_us=0 mean_us=0.0 idle_batch=0
qpsk_tun stats: tunA_rx=4 tunA_tx=0 tunB_rx=0 tunB_tx=7147 dma_tx=43596 dma_rx_ok=7147 crc_drop=13033 seq_gap=216 idle_tx=43592 idle_rx=23399 tun_drop=0 oversize=0 tx_stall=0 b_drop=0 retx=0 dups=0 recovered=0 naks_tx=0 naks_rx=0 arq_lost=0
qpsk_tun txgap: n=6228 empty=0 gt20us=0 gt50us=0 gt200us=0 max_us=0 p99_us=0 mean_us=0.0 idle_batch=0
qpsk_tun stats: tunA_rx=4 tunA_tx=0 tunB_rx=0 tunB_tx=13141 dma_tx=49824 dma_rx_ok=13141 crc_drop=13258 seq_gap=397 idle_tx=49820 idle_rx=23399 tun_drop=0 oversize=0 tx_stall=0 b_drop=0 retx=0 dups=0 recovered=0 naks_tx=0 naks_rx=0 arq_lost=0
qpsk_tun txgap: n=6228 empty=106 gt20us=61 gt50us=55 gt200us=49 max_us=1114 p99_us=1535 mean_us=349.1 idle_batch=0
qpsk_tun stats: tunA_rx=4 tunA_tx=0 tunB_rx=0 tunB_tx=19163 dma_tx=56052 dma_rx_ok=19163 crc_drop=13472 seq_gap=577 idle_tx=56048 idle_rx=23399 tun_drop=0 oversize=0 tx_stall=0 b_drop=0 retx=0 dups=0 recovered=0 naks_tx=0 naks_rx=0 arq_lost=0
qpsk_tun txgap: n=6228 empty=146 gt20us=101 gt50us=99 gt200us=99 max_us=1127 p99_us=1535 mean_us=520.2 idle_batch=0
qpsk_tun stats: tunA_rx=4 tunA_tx=0 tunB_rx=0 tunB_tx=22292 dma_tx=62243 dma_rx_ok=22292 crc_drop=18013 seq_gap=677 idle_tx=62239 idle_rx=23399 tun_drop=0 oversize=0 tx_stall=0 b_drop=0 retx=0 dups=0 recovered=0 naks_tx=0 naks_rx=0 arq_lost=0
qpsk_tun txgap: n=6191 empty=47 gt20us=47 gt50us=47 gt200us=47 max_us=61586 p99_us=65535 mean_us=2063.4 idle_batch=0
qpsk_tun stats: tunA_rx=4 tunA_tx=0 tunB_rx=0 tunB_tx=22292 dma_tx=68471 dma_rx_ok=22292 crc_drop=42925 seq_gap=677 idle_tx=68467 idle_rx=23399 tun_drop=0 oversize=0 tx_stall=0 b_drop=0 retx=0 dups=0 recovered=0 naks_tx=0 naks_rx=0 arq_lost=0
qpsk_tun txgap: n=6228 empty=0 gt20us=0 gt50us=0 gt200us=0 max_us=0 p99_us=0 mean_us=0.0 idle_batch=0
rx_queued: completions but NO DELIVERY for 10.0s -- re-arming (recovery #2)
qpsk_tun stats: tunA_rx=4 tunA_tx=0 tunB_rx=0 tunB_tx=22292 dma_tx=74699 dma_rx_ok=22292 crc_drop=57089 seq_gap=677 idle_tx=74695 idle_rx=23399 tun_drop=0 oversize=0 tx_stall=0 b_drop=0 retx=0 dups=0 recovered=0 naks_tx=0 naks_rx=0 arq_lost=0
qpsk_tun txgap: n=6228 empty=0 gt20us=0 gt50us=0 gt200us=0 max_us=0 p99_us=0 mean_us=0.0 idle_batch=0
qpsk_tun stats: tunA_rx=4 tunA_tx=0 tunB_rx=0 tunB_tx=22292 dma_tx=80927 dma_rx_ok=22292 crc_drop=59393 seq_gap=677 idle_tx=80923 idle_rx=23399 tun_drop=0 oversize=0 tx_stall=0 b_drop=0 retx=0 dups=0 recovered=0 naks_tx=0 naks_rx=0 arq_lost=0
qpsk_tun txgap: n=6228 empty=0 gt20us=0 gt50us=0 gt200us=0 max_us=0 p99_us=0 mean_us=0.0 idle_batch=0
rx_queued: completions but NO DELIVERY for 10.0s -- re-arming (recovery #3)
qpsk_tun stats: tunA_rx=4 tunA_tx=0 tunB_rx=0 tunB_tx=22292 dma_tx=87155 dma_rx_ok=22292 crc_drop=61713 seq_gap=677 idle_tx=87151 idle_rx=23399 tun_drop=0 oversize=0 tx_stall=0 b_drop=0 retx=0 dups=0 recovered=0 naks_tx=0 naks_rx=0 arq_lost=0
qpsk_tun txgap: n=6228 empty=0 gt20us=0 gt50us=0 gt200us=0 max_us=0 p99_us=0 mean_us=0.0 idle_batch=0
qpsk_tun stats: tunA_rx=5 tunA_tx=0 tunB_rx=0 tunB_tx=22292 dma_tx=93382 dma_rx_ok=22292 crc_drop=63957 seq_gap=677 idle_tx=93377 idle_rx=23399 tun_drop=0 oversize=0 tx_stall=0 b_drop=0 retx=0 dups=0 recovered=0 naks_tx=0 naks_rx=0 arq_lost=0
qpsk_tun txgap: n=6227 empty=0 gt20us=0 gt50us=0 gt200us=0 max_us=0 p99_us=0 mean_us=0.0 idle_batch=0
qpsk_tun stats: tunA_rx=5 tunA_tx=0 tunB_rx=0 tunB_tx=22292 dma_tx=96453 dma_rx_ok=22292 crc_drop=65105 seq_gap=677 idle_tx=96448 idle_rx=23399 tun_drop=0 oversize=0 tx_stall=0 b_drop=0 retx=0 dups=0 recovered=0 naks_tx=0 naks_rx=0 arq_lost=0
qpsk_tun txgap: n=3071 empty=0 gt20us=0 gt50us=0 gt200us=0 max_us=0 p99_us=0 mean_us=0.0 idle_batch=0
qpsk_tun txlog: wrote 35168 records (of 35168 submits) to /dev/shm/txlog.bin
rx_queued: completions but NO DELIVERY for 10.0s -- re-arming (recovery #4)
qpsk_tun stats: tunA_rx=5 tunA_tx=0 tunB_rx=0 tunB_tx=22292 dma_tx=99610 dma_rx_ok=22292 crc_drop=66305 seq_gap=677 idle_tx=99605 idle_rx=23399 tun_drop=0 oversize=0 tx_stall=0 b_drop=0 retx=0 dups=0 recovered=0 naks_tx=0 naks_rx=0 arq_lost=0
qpsk_tun txgap: n=3157 empty=2 gt20us=2 gt50us=2 gt200us=2 max_us=11667 p99_us=12287 mean_us=5966.2 idle_batch=0
qpsk_tun stats: tunA_rx=5 tunA_tx=0 tunB_rx=0 tunB_tx=22292 dma_tx=105838 dma_rx_ok=22292 crc_drop=68593 seq_gap=677 idle_tx=105833 idle_rx=23399 tun_drop=0 oversize=0 tx_stall=0 b_drop=0 retx=0 dups=0 recovered=0 naks_tx=0 naks_rx=0 arq_lost=0
qpsk_tun txgap: n=6228 empty=0 gt20us=0 gt50us=0 gt200us=0 max_us=0 p99_us=0 mean_us=0.0 idle_batch=0
