RX drain budget: 4 slices/pump call (0 = unbounded; TX can be fed between chunks)
RX queued-request mode ON (no reset between transfers; wdog 3.0s)
QPSK_TXLOG: ring of last 1048576 tx frames (32 MiB, 32 B/rec) -> /dev/shm/txlog.bin (also on SIGUSR1)
QPSK_FAILHDR: ring of last 65536 failed headers (2 MiB, 32 B/rec) -> /dev/shm/failhdr.bin
framelog: /dev/shm/frames.bin (48 B/frame)
irq mode: uio2/uio1
READY tun0
rx_queued: no ENGINE event for 3.0s -- re-arming (recovery #1)
qpsk_tun stats: tunA_rx=2 tunA_tx=0 tunB_rx=0 tunB_tx=0 dma_tx=6228 dma_rx_ok=0 crc_drop=6216 seq_gap=0 idle_tx=6226 idle_rx=0 tun_drop=0 oversize=0 tx_stall=0 b_drop=0 retx=0 dups=0 recovered=0 naks_tx=0 naks_rx=0 arq_lost=0
qpsk_tun txgap: n=6228 empty=0 gt20us=0 gt50us=0 gt200us=0 max_us=0 p99_us=0 mean_us=0.0 idle_batch=0
qpsk_tun stats: tunA_rx=2 tunA_tx=0 tunB_rx=0 tunB_tx=0 dma_tx=12456 dma_rx_ok=0 crc_drop=10459 seq_gap=0 idle_tx=12454 idle_rx=1990 tun_drop=0 oversize=0 tx_stall=0 b_drop=0 retx=0 dups=0 recovered=0 naks_tx=0 naks_rx=0 arq_lost=0
qpsk_tun txgap: n=6228 empty=1 gt20us=1 gt50us=1 gt200us=0 max_us=75 p99_us=95 mean_us=74.6 idle_batch=0
qpsk_tun stats: tunA_rx=3 tunA_tx=0 tunB_rx=0 tunB_tx=0 dma_tx=18684 dma_rx_ok=0 crc_drop=11993 seq_gap=0 idle_tx=18681 idle_rx=6667 tun_drop=0 oversize=0 tx_stall=0 b_drop=0 retx=0 dups=0 recovered=0 naks_tx=0 naks_rx=0 arq_lost=0
qpsk_tun txgap: n=6228 empty=3 gt20us=3 gt50us=2 gt200us=0 max_us=62 p99_us=63 mean_us=54.6 idle_batch=0
qpsk_tun stats: tunA_rx=3 tunA_tx=0 tunB_rx=0 tunB_tx=0 dma_tx=24912 dma_rx_ok=0 crc_drop=12368 seq_gap=0 idle_tx=24909 idle_rx=12531 tun_drop=0 oversize=0 tx_stall=0 b_drop=0 retx=0 dups=0 recovered=0 naks_tx=0 naks_rx=0 arq_lost=0
qpsk_tun txgap: n=6228 empty=0 gt20us=0 gt50us=0 gt200us=0 max_us=0 p99_us=0 mean_us=0.0 idle_batch=0
qpsk_tun stats: tunA_rx=3 tunA_tx=0 tunB_rx=0 tunB_tx=0 dma_tx=31140 dma_rx_ok=0 crc_drop=12537 seq_gap=0 idle_tx=31137 idle_rx=18592 tun_drop=0 oversize=0 tx_stall=0 b_drop=0 retx=0 dups=0 recovered=0 naks_tx=0 naks_rx=0 arq_lost=0
qpsk_tun txgap: n=6228 empty=0 gt20us=0 gt50us=0 gt200us=0 max_us=0 p99_us=0 mean_us=0.0 idle_batch=0
qpsk_tun stats: tunA_rx=4 tunA_tx=0 tunB_rx=0 tunB_tx=1501 dma_tx=37368 dma_rx_ok=1501 crc_drop=12737 seq_gap=47 idle_tx=37364 idle_rx=23116 tun_drop=0 oversize=0 tx_stall=0 b_drop=0 retx=0 dups=0 recovered=0 naks_tx=0 naks_rx=0 arq_lost=0
qpsk_tun txgap: n=6228 empty=0 gt20us=0 gt50us=0 gt200us=0 max_us=0 p99_us=0 mean_us=0.0 idle_batch=0
qpsk_tun stats: tunA_rx=4 tunA_tx=0 tunB_rx=0 tunB_tx=7489 dma_tx=43596 dma_rx_ok=7489 crc_drop=12965 seq_gap=243 idle_tx=43592 idle_rx=23116 tun_drop=0 oversize=0 tx_stall=0 b_drop=0 retx=0 dups=0 recovered=0 naks_tx=0 naks_rx=0 arq_lost=0
qpsk_tun txgap: n=6228 empty=2 gt20us=2 gt50us=2 gt200us=2 max_us=1068 p99_us=1535 mean_us=1059.6 idle_batch=0
qpsk_tun stats: tunA_rx=4 tunA_tx=0 tunB_rx=0 tunB_tx=13494 dma_tx=49824 dma_rx_ok=13494 crc_drop=13182 seq_gap=427 idle_tx=49820 idle_rx=23116 tun_drop=0 oversize=0 tx_stall=0 b_drop=0 retx=0 dups=0 recovered=0 naks_tx=0 naks_rx=0 arq_lost=0
qpsk_tun txgap: n=6228 empty=0 gt20us=0 gt50us=0 gt200us=0 max_us=0 p99_us=0 mean_us=0.0 idle_batch=0
qpsk_tun stats: tunA_rx=4 tunA_tx=0 tunB_rx=0 tunB_tx=19510 dma_tx=56052 dma_rx_ok=19510 crc_drop=13394 seq_gap=605 idle_tx=56048 idle_rx=23116 tun_drop=0 oversize=0 tx_stall=0 b_drop=0 retx=0 dups=0 recovered=0 naks_tx=0 naks_rx=0 arq_lost=0
qpsk_tun txgap: n=6228 empty=0 gt20us=0 gt50us=0 gt200us=0 max_us=0 p99_us=0 mean_us=0.0 idle_batch=0
qpsk_tun stats: tunA_rx=4 tunA_tx=0 tunB_rx=0 tunB_tx=25522 dma_tx=62280 dma_rx_ok=25522 crc_drop=13606 seq_gap=780 idle_tx=62276 idle_rx=23116 tun_drop=0 oversize=0 tx_stall=0 b_drop=0 retx=0 dups=0 recovered=0 naks_tx=0 naks_rx=0 arq_lost=0
qpsk_tun txgap: n=6228 empty=1 gt20us=1 gt50us=1 gt200us=1 max_us=21031 p99_us=24575 mean_us=21030.7 idle_batch=0
qpsk_tun stats: tunA_rx=4 tunA_tx=0 tunB_rx=0 tunB_tx=31537 dma_tx=68508 dma_rx_ok=31537 crc_drop=13817 seq_gap=947 idle_tx=68504 idle_rx=23116 tun_drop=0 oversize=0 tx_stall=0 b_drop=0 retx=0 dups=0 recovered=0 naks_tx=0 naks_rx=0 arq_lost=0
qpsk_tun txgap: n=6228 empty=1 gt20us=1 gt50us=1 gt200us=1 max_us=648 p99_us=767 mean_us=648.3 idle_batch=0
qpsk_tun stats: tunA_rx=4 tunA_tx=0 tunB_rx=0 tunB_tx=37536 dma_tx=74736 dma_rx_ok=37536 crc_drop=14046 seq_gap=1130 idle_tx=74732 idle_rx=23116 tun_drop=0 oversize=0 tx_stall=0 b_drop=0 retx=0 dups=0 recovered=0 naks_tx=0 naks_rx=0 arq_lost=0
qpsk_tun txgap: n=6228 empty=325 gt20us=70 gt50us=67 gt200us=59 max_us=1064 p99_us=1023 mean_us=135.4 idle_batch=0
qpsk_tun stats: tunA_rx=5 tunA_tx=0 tunB_rx=0 tunB_tx=43550 dma_tx=80964 dma_rx_ok=43550 crc_drop=14254 seq_gap=1313 idle_tx=80959 idle_rx=23116 tun_drop=0 oversize=0 tx_stall=0 b_drop=0 retx=0 dups=0 recovered=0 naks_tx=0 naks_rx=0 arq_lost=0
qpsk_tun txgap: n=6228 empty=144 gt20us=102 gt50us=99 gt200us=94 max_us=1144 p99_us=1535 mean_us=502.4 idle_batch=0
qpsk_tun stats: tunA_rx=5 tunA_tx=0 tunB_rx=0 tunB_tx=49556 dma_tx=87192 dma_rx_ok=49556 crc_drop=14471 seq_gap=1494 idle_tx=87187 idle_rx=23116 tun_drop=0 oversize=0 tx_stall=0 b_drop=0 retx=0 dups=0 recovered=0 naks_tx=0 naks_rx=0 arq_lost=0
qpsk_tun txgap: n=6228 empty=93 gt20us=93 gt50us=93 gt200us=93 max_us=1127 p99_us=1535 mean_us=775.5 idle_batch=0
qpsk_tun stats: tunA_rx=5 tunA_tx=0 tunB_rx=0 tunB_tx=55547 dma_tx=93420 dma_rx_ok=55547 crc_drop=14689 seq_gap=1690 idle_tx=93415 idle_rx=23116 tun_drop=0 oversize=0 tx_stall=0 b_drop=0 retx=0 dups=0 recovered=0 naks_tx=0 naks_rx=0 arq_lost=0
qpsk_tun txgap: n=6228 empty=79 gt20us=79 gt50us=79 gt200us=79 max_us=1185 p99_us=1535 mean_us=839.3 idle_batch=0
qpsk_tun stats: tunA_rx=5 tunA_tx=0 tunB_rx=0 tunB_tx=61546 dma_tx=99648 dma_rx_ok=61546 crc_drop=14912 seq_gap=1883 idle_tx=99643 idle_rx=23116 tun_drop=0 oversize=0 tx_stall=0 b_drop=0 retx=0 dups=0 recovered=0 naks_tx=0 naks_rx=0 arq_lost=0
qpsk_tun txgap: n=6228 empty=86 gt20us=86 gt50us=86 gt200us=86 max_us=1155 p99_us=1535 mean_us=845.6 idle_batch=0
qpsk_tun stats: tunA_rx=5 tunA_tx=0 tunB_rx=0 tunB_tx=67527 dma_tx=105876 dma_rx_ok=67527 crc_drop=15152 seq_gap=2073 idle_tx=105871 idle_rx=23116 tun_drop=0 oversize=0 tx_stall=0 b_drop=0 retx=0 dups=0 recovered=0 naks_tx=0 naks_rx=0 arq_lost=0
qpsk_tun txgap: n=6228 empty=70 gt20us=70 gt50us=70 gt200us=70 max_us=1074 p99_us=1535 mean_us=837.9 idle_batch=0
qpsk_tun stats: tunA_rx=5 tunA_tx=0 tunB_rx=0 tunB_tx=73540 dma_tx=112104 dma_rx_ok=73540 crc_drop=15367 seq_gap=2251 idle_tx=112099 idle_rx=23116 tun_drop=0 oversize=0 tx_stall=0 b_drop=0 retx=0 dups=0 recovered=0 naks_tx=0 naks_rx=0 arq_lost=0
qpsk_tun txgap: n=6228 empty=53 gt20us=53 gt50us=53 gt200us=53 max_us=1128 p99_us=1535 mean_us=880.2 idle_batch=0
qpsk_tun stats: tunA_rx=5 tunA_tx=0 tunB_rx=0 tunB_tx=79535 dma_tx=118332 dma_rx_ok=79535 crc_drop=15599 seq_gap=2432 idle_tx=118327 idle_rx=23116 tun_drop=0 oversize=0 tx_stall=0 b_drop=0 retx=0 dups=0 recovered=0 naks_tx=0 naks_rx=0 arq_lost=0
qpsk_tun txgap: n=6228 empty=40 gt20us=40 gt50us=40 gt200us=39 max_us=1146 p99_us=1535 mean_us=896.5 idle_batch=0
qpsk_tun stats: tunA_rx=5 tunA_tx=0 tunB_rx=0 tunB_tx=85529 dma_tx=124560 dma_rx_ok=85529 crc_drop=15832 seq_gap=2614 idle_tx=124555 idle_rx=23116 tun_drop=0 oversize=0 tx_stall=0 b_drop=0 retx=0 dups=0 recovered=0 naks_tx=0 naks_rx=0 arq_lost=0
qpsk_tun txgap: n=6228 empty=31 gt20us=31 gt50us=31 gt200us=30 max_us=1139 p99_us=1535 mean_us=888.9 idle_batch=0
qpsk_tun stats: tunA_rx=5 tunA_tx=0 tunB_rx=0 tunB_tx=91537 dma_tx=130788 dma_rx_ok=91537 crc_drop=16052 seq_gap=2790 idle_tx=130783 idle_rx=23116 tun_drop=0 oversize=0 tx_stall=0 b_drop=0 retx=0 dups=0 recovered=0 naks_tx=0 naks_rx=0 arq_lost=0
qpsk_tun txgap: n=6228 empty=26 gt20us=26 gt50us=26 gt200us=26 max_us=1040 p99_us=1535 mean_us=935.7 idle_batch=0
qpsk_tun stats: tunA_rx=5 tunA_tx=0 tunB_rx=0 tunB_tx=97534 dma_tx=137016 dma_rx_ok=97534 crc_drop=16282 seq_gap=2972 idle_tx=137011 idle_rx=23116 tun_drop=0 oversize=0 tx_stall=0 b_drop=0 retx=0 dups=0 recovered=0 naks_tx=0 naks_rx=0 arq_lost=0
qpsk_tun txgap: n=6228 empty=15 gt20us=15 gt50us=15 gt200us=15 max_us=1096 p99_us=1535 mean_us=964.7 idle_batch=0
qpsk_tun stats: tunA_rx=5 tunA_tx=0 tunB_rx=0 tunB_tx=103539 dma_tx=143244 dma_rx_ok=103539 crc_drop=16505 seq_gap=3155 idle_tx=143239 idle_rx=23116 tun_drop=0 oversize=0 tx_stall=0 b_drop=0 retx=0 dups=0 recovered=0 naks_tx=0 naks_rx=0 arq_lost=0
qpsk_tun txgap: n=6228 empty=2 gt20us=2 gt50us=2 gt200us=2 max_us=983 p99_us=1023 mean_us=971.1 idle_batch=0
qpsk_tun stats: tunA_rx=5 tunA_tx=0 tunB_rx=0 tunB_tx=109552 dma_tx=149472 dma_rx_ok=109552 crc_drop=16720 seq_gap=3337 idle_tx=149467 idle_rx=23116 tun_drop=0 oversize=0 tx_stall=0 b_drop=0 retx=0 dups=0 recovered=0 naks_tx=0 naks_rx=0 arq_lost=0
qpsk_tun txgap: n=6228 empty=3 gt20us=3 gt50us=3 gt200us=3 max_us=1065 p99_us=1535 mean_us=1049.0 idle_batch=0
qpsk_tun stats: tunA_rx=6 tunA_tx=0 tunB_rx=0 tunB_tx=115562 dma_tx=155700 dma_rx_ok=115562 crc_drop=16938 seq_gap=3516 idle_tx=155694 idle_rx=23116 tun_drop=0 oversize=0 tx_stall=0 b_drop=0 retx=0 dups=0 recovered=0 naks_tx=0 naks_rx=0 arq_lost=0
qpsk_tun txgap: n=6228 empty=3 gt20us=3 gt50us=3 gt200us=3 max_us=1091 p99_us=1535 mean_us=1068.5 idle_batch=0
qpsk_tun stats: tunA_rx=6 tunA_tx=0 tunB_rx=0 tunB_tx=121572 dma_tx=161928 dma_rx_ok=121572 crc_drop=17153 seq_gap=3701 idle_tx=161922 idle_rx=23116 tun_drop=0 oversize=0 tx_stall=0 b_drop=0 retx=0 dups=0 recovered=0 naks_tx=0 naks_rx=0 arq_lost=0
qpsk_tun txgap: n=6228 empty=0 gt20us=0 gt50us=0 gt200us=0 max_us=0 p99_us=0 mean_us=0.0 idle_batch=0
qpsk_tun stats: tunA_rx=6 tunA_tx=0 tunB_rx=0 tunB_tx=127557 dma_tx=168156 dma_rx_ok=127557 crc_drop=17395 seq_gap=3883 idle_tx=168150 idle_rx=23116 tun_drop=0 oversize=0 tx_stall=0 b_drop=0 retx=0 dups=0 recovered=0 naks_tx=0 naks_rx=0 arq_lost=0
qpsk_tun txgap: n=6228 empty=0 gt20us=0 gt50us=0 gt200us=0 max_us=0 p99_us=0 mean_us=0.0 idle_batch=0
qpsk_tun stats: tunA_rx=6 tunA_tx=0 tunB_rx=0 tunB_tx=133573 dma_tx=174384 dma_rx_ok=133573 crc_drop=17607 seq_gap=4059 idle_tx=174378 idle_rx=23116 tun_drop=0 oversize=0 tx_stall=0 b_drop=0 retx=0 dups=0 recovered=0 naks_tx=0 naks_rx=0 arq_lost=0
qpsk_tun txgap: n=6228 empty=0 gt20us=0 gt50us=0 gt200us=0 max_us=0 p99_us=0 mean_us=0.0 idle_batch=0
qpsk_tun stats: tunA_rx=6 tunA_tx=0 tunB_rx=0 tunB_tx=139572 dma_tx=180612 dma_rx_ok=139572 crc_drop=17834 seq_gap=4241 idle_tx=180606 idle_rx=23116 tun_drop=0 oversize=0 tx_stall=0 b_drop=0 retx=0 dups=0 recovered=0 naks_tx=0 naks_rx=0 arq_lost=0
qpsk_tun txgap: n=6228 empty=30 gt20us=16 gt50us=16 gt200us=16 max_us=927 p99_us=1023 mean_us=379.8 idle_batch=0
qpsk_tun stats: tunA_rx=6 tunA_tx=0 tunB_rx=0 tunB_tx=145580 dma_tx=186840 dma_rx_ok=145580 crc_drop=18056 seq_gap=4420 idle_tx=186834 idle_rx=23116 tun_drop=0 oversize=0 tx_stall=0 b_drop=0 retx=0 dups=0 recovered=0 naks_tx=0 naks_rx=0 arq_lost=0
qpsk_tun txgap: n=6228 empty=104 gt20us=100 gt50us=100 gt200us=100 max_us=1054 p99_us=1023 mean_us=717.3 idle_batch=0
qpsk_tun stats: tunA_rx=6 tunA_tx=0 tunB_rx=0 tunB_tx=151584 dma_tx=193068 dma_rx_ok=151584 crc_drop=18280 seq_gap=4603 idle_tx=193062 idle_rx=23116 tun_drop=0 oversize=0 tx_stall=0 b_drop=0 retx=0 dups=0 recovered=0 naks_tx=0 naks_rx=0 arq_lost=0
qpsk_tun txgap: n=6228 empty=135 gt20us=81 gt50us=79 gt200us=79 max_us=1083 p99_us=1535 mean_us=461.4 idle_batch=0
qpsk_tun stats: tunA_rx=6 tunA_tx=0 tunB_rx=0 tunB_tx=157596 dma_tx=199296 dma_rx_ok=157596 crc_drop=18496 seq_gap=4780 idle_tx=199290 idle_rx=23116 tun_drop=0 oversize=0 tx_stall=0 b_drop=0 retx=0 dups=0 recovered=0 naks_tx=0 naks_rx=0 arq_lost=0
qpsk_tun txgap: n=6228 empty=70 gt20us=70 gt50us=70 gt200us=70 max_us=1178 p99_us=1535 mean_us=834.3 idle_batch=0
qpsk_tun stats: tunA_rx=6 tunA_tx=0 tunB_rx=0 tunB_tx=163542 dma_tx=205524 dma_rx_ok=163542 crc_drop=18728 seq_gap=4980 idle_tx=205518 idle_rx=23116 tun_drop=0 oversize=0 tx_stall=0 b_drop=0 retx=0 dups=0 recovered=0 naks_tx=0 naks_rx=0 arq_lost=0
qpsk_tun txgap: n=6228 empty=68 gt20us=68 gt50us=68 gt200us=68 max_us=1032 p99_us=1535 mean_us=843.6 idle_batch=0
qpsk_tun stats: tunA_rx=6 tunA_tx=0 tunB_rx=0 tunB_tx=169549 dma_tx=211752 dma_rx_ok=169549 crc_drop=18949 seq_gap=5157 idle_tx=211746 idle_rx=23116 tun_drop=0 oversize=0 tx_stall=0 b_drop=0 retx=0 dups=0 recovered=0 naks_tx=0 naks_rx=0 arq_lost=0
qpsk_tun txgap: n=6228 empty=58 gt20us=58 gt50us=58 gt200us=58 max_us=1090 p99_us=1535 mean_us=861.5 idle_batch=0
qpsk_tun stats: tunA_rx=6 tunA_tx=0 tunB_rx=0 tunB_tx=175562 dma_tx=217980 dma_rx_ok=175562 crc_drop=19164 seq_gap=5341 idle_tx=217974 idle_rx=23116 tun_drop=0 oversize=0 tx_stall=0 b_drop=0 retx=0 dups=0 recovered=0 naks_tx=0 naks_rx=0 arq_lost=0
qpsk_tun txgap: n=6228 empty=47 gt20us=47 gt50us=47 gt200us=47 max_us=1059 p99_us=1535 mean_us=891.1 idle_batch=0
qpsk_tun stats: tunA_rx=6 tunA_tx=0 tunB_rx=0 tunB_tx=181564 dma_tx=224208 dma_rx_ok=181564 crc_drop=19388 seq_gap=5523 idle_tx=224202 idle_rx=23116 tun_drop=0 oversize=0 tx_stall=0 b_drop=0 retx=0 dups=0 recovered=0 naks_tx=0 naks_rx=0 arq_lost=0
qpsk_tun txgap: n=6228 empty=46 gt20us=46 gt50us=46 gt200us=46 max_us=1012 p99_us=1023 mean_us=920.9 idle_batch=0
qpsk_tun stats: tunA_rx=6 tunA_tx=0 tunB_rx=0 tunB_tx=187573 dma_tx=230436 dma_rx_ok=187573 crc_drop=19604 seq_gap=5704 idle_tx=230430 idle_rx=23116 tun_drop=0 oversize=0 tx_stall=0 b_drop=0 retx=0 dups=0 recovered=0 naks_tx=0 naks_rx=0 arq_lost=0
qpsk_tun txgap: n=6228 empty=31 gt20us=31 gt50us=31 gt200us=31 max_us=1064 p99_us=1535 mean_us=950.7 idle_batch=0
qpsk_tun stats: tunA_rx=6 tunA_tx=0 tunB_rx=0 tunB_tx=193525 dma_tx=236664 dma_rx_ok=193525 crc_drop=19880 seq_gap=5894 idle_tx=236658 idle_rx=23116 tun_drop=0 oversize=0 tx_stall=0 b_drop=0 retx=0 dups=0 recovered=0 naks_tx=0 naks_rx=0 arq_lost=0
qpsk_tun txgap: n=6228 empty=32 gt20us=32 gt50us=32 gt200us=32 max_us=1122 p99_us=1535 mean_us=990.5 idle_batch=0
qpsk_tun stats: tunA_rx=6 tunA_tx=0 tunB_rx=0 tunB_tx=199528 dma_tx=242892 dma_rx_ok=199528 crc_drop=20099 seq_gap=6067 idle_tx=242886 idle_rx=23116 tun_drop=0 oversize=0 tx_stall=0 b_drop=0 retx=0 dups=0 recovered=0 naks_tx=0 naks_rx=0 arq_lost=0
qpsk_tun txgap: n=6228 empty=14 gt20us=14 gt50us=14 gt200us=14 max_us=1030 p99_us=1535 mean_us=989.9 idle_batch=0
qpsk_tun stats: tunA_rx=6 tunA_tx=0 tunB_rx=0 tunB_tx=205515 dma_tx=249120 dma_rx_ok=205515 crc_drop=20336 seq_gap=6250 idle_tx=249114 idle_rx=23116 tun_drop=0 oversize=0 tx_stall=0 b_drop=0 retx=0 dups=0 recovered=0 naks_tx=0 naks_rx=0 arq_lost=0
qpsk_tun txgap: n=6228 empty=11 gt20us=11 gt50us=11 gt200us=11 max_us=1142 p99_us=1535 mean_us=1065.4 idle_batch=0
qpsk_tun stats: tunA_rx=6 tunA_tx=0 tunB_rx=0 tunB_tx=211535 dma_tx=255348 dma_rx_ok=211535 crc_drop=20552 seq_gap=6427 idle_tx=255342 idle_rx=23116 tun_drop=0 oversize=0 tx_stall=0 b_drop=0 retx=0 dups=0 recovered=0 naks_tx=0 naks_rx=0 arq_lost=0
qpsk_tun txgap: n=6228 empty=2 gt20us=2 gt50us=2 gt200us=2 max_us=1103 p99_us=1535 mean_us=1086.0 idle_batch=0
qpsk_tun stats: tunA_rx=6 tunA_tx=0 tunB_rx=0 tunB_tx=217512 dma_tx=261576 dma_rx_ok=217512 crc_drop=20797 seq_gap=6619 idle_tx=261570 idle_rx=23116 tun_drop=0 oversize=0 tx_stall=0 b_drop=0 retx=0 dups=0 recovered=0 naks_tx=0 naks_rx=0 arq_lost=0
qpsk_tun txgap: n=6228 empty=2 gt20us=2 gt50us=2 gt200us=2 max_us=1128 p99_us=1535 mean_us=1105.2 idle_batch=0
qpsk_tun stats: tunA_rx=6 tunA_tx=0 tunB_rx=0 tunB_tx=223504 dma_tx=267804 dma_rx_ok=223504 crc_drop=21023 seq_gap=6808 idle_tx=267798 idle_rx=23116 tun_drop=0 oversize=0 tx_stall=0 b_drop=0 retx=0 dups=0 recovered=0 naks_tx=0 naks_rx=0 arq_lost=0
qpsk_tun txgap: n=6228 empty=0 gt20us=0 gt50us=0 gt200us=0 max_us=0 p99_us=0 mean_us=0.0 idle_batch=0
qpsk_tun stats: tunA_rx=6 tunA_tx=0 tunB_rx=0 tunB_tx=229504 dma_tx=274032 dma_rx_ok=229504 crc_drop=21243 seq_gap=6992 idle_tx=274026 idle_rx=23116 tun_drop=0 oversize=0 tx_stall=0 b_drop=0 retx=0 dups=0 recovered=0 naks_tx=0 naks_rx=0 arq_lost=0
qpsk_tun txgap: n=6228 empty=0 gt20us=0 gt50us=0 gt200us=0 max_us=0 p99_us=0 mean_us=0.0 idle_batch=0
qpsk_tun stats: tunA_rx=6 tunA_tx=0 tunB_rx=0 tunB_tx=235502 dma_tx=280260 dma_rx_ok=235502 crc_drop=21464 seq_gap=7183 idle_tx=280254 idle_rx=23116 tun_drop=0 oversize=0 tx_stall=0 b_drop=0 retx=0 dups=0 recovered=0 naks_tx=0 naks_rx=0 arq_lost=0
qpsk_tun txgap: n=6228 empty=0 gt20us=0 gt50us=0 gt200us=0 max_us=0 p99_us=0 mean_us=0.0 idle_batch=0
qpsk_tun stats: tunA_rx=6 tunA_tx=0 tunB_rx=0 tunB_tx=241483 dma_tx=286488 dma_rx_ok=241483 crc_drop=21698 seq_gap=7381 idle_tx=286482 idle_rx=23116 tun_drop=0 oversize=0 tx_stall=0 b_drop=0 retx=0 dups=0 recovered=0 naks_tx=0 naks_rx=0 arq_lost=0
qpsk_tun txgap: n=6228 empty=14 gt20us=14 gt50us=14 gt200us=14 max_us=987 p99_us=1023 mean_us=856.6 idle_batch=0
qpsk_tun stats: tunA_rx=6 tunA_tx=0 tunB_rx=0 tunB_tx=247489 dma_tx=292716 dma_rx_ok=247489 crc_drop=21917 seq_gap=7556 idle_tx=292710 idle_rx=23116 tun_drop=0 oversize=0 tx_stall=0 b_drop=0 retx=0 dups=0 recovered=0 naks_tx=0 naks_rx=0 arq_lost=0
qpsk_tun txgap: n=6228 empty=98 gt20us=98 gt50us=98 gt200us=98 max_us=1029 p99_us=1535 mean_us=736.1 idle_batch=0
qpsk_tun stats: tunA_rx=6 tunA_tx=0 tunB_rx=0 tunB_tx=253488 dma_tx=298944 dma_rx_ok=253488 crc_drop=22142 seq_gap=7738 idle_tx=298938 idle_rx=23116 tun_drop=0 oversize=0 tx_stall=0 b_drop=0 retx=0 dups=0 recovered=0 naks_tx=0 naks_rx=0 arq_lost=0
qpsk_tun txgap: n=6228 empty=105 gt20us=87 gt50us=86 gt200us=86 max_us=1094 p99_us=1535 mean_us=638.1 idle_batch=0
qpsk_tun stats: tunA_rx=7 tunA_tx=0 tunB_rx=0 tunB_tx=259482 dma_tx=305172 dma_rx_ok=259482 crc_drop=22376 seq_gap=7922 idle_tx=305165 idle_rx=23116 tun_drop=0 oversize=0 tx_stall=0 b_drop=0 retx=0 dups=0 recovered=0 naks_tx=0 naks_rx=0 arq_lost=0
qpsk_tun txgap: n=6228 empty=92 gt20us=92 gt50us=92 gt200us=92 max_us=1113 p99_us=1535 mean_us=807.7 idle_batch=0
qpsk_tun stats: tunA_rx=7 tunA_tx=0 tunB_rx=0 tunB_tx=265492 dma_tx=311400 dma_rx_ok=265492 crc_drop=22594 seq_gap=8102 idle_tx=311393 idle_rx=23116 tun_drop=0 oversize=0 tx_stall=0 b_drop=0 retx=0 dups=0 recovered=0 naks_tx=0 naks_rx=0 arq_lost=0
qpsk_tun txgap: n=6228 empty=79 gt20us=79 gt50us=79 gt200us=79 max_us=974 p99_us=1023 mean_us=802.7 idle_batch=0
qpsk_tun stats: tunA_rx=7 tunA_tx=0 tunB_rx=0 tunB_tx=271493 dma_tx=317628 dma_rx_ok=271493 crc_drop=22821 seq_gap=8277 idle_tx=317621 idle_rx=23116 tun_drop=0 oversize=0 tx_stall=0 b_drop=0 retx=0 dups=0 recovered=0 naks_tx=0 naks_rx=0 arq_lost=0
qpsk_tun txgap: n=6228 empty=62 gt20us=62 gt50us=62 gt200us=62 max_us=1029 p99_us=1535 mean_us=846.0 idle_batch=0
qpsk_tun stats: tunA_rx=7 tunA_tx=0 tunB_rx=0 tunB_tx=277482 dma_tx=323856 dma_rx_ok=277482 crc_drop=23056 seq_gap=8465 idle_tx=323849 idle_rx=23116 tun_drop=0 oversize=0 tx_stall=0 b_drop=0 retx=0 dups=0 recovered=0 naks_tx=0 naks_rx=0 arq_lost=0
qpsk_tun txgap: n=6228 empty=57 gt20us=57 gt50us=57 gt200us=56 max_us=1135 p99_us=1535 mean_us=866.1 idle_batch=0
qpsk_tun stats: tunA_rx=7 tunA_tx=0 tunB_rx=0 tunB_tx=283476 dma_tx=330084 dma_rx_ok=283476 crc_drop=23282 seq_gap=8650 idle_tx=330077 idle_rx=23116 tun_drop=0 oversize=0 tx_stall=0 b_drop=0 retx=0 dups=0 recovered=0 naks_tx=0 naks_rx=0 arq_lost=0
qpsk_tun txgap: n=6228 empty=53 gt20us=53 gt50us=53 gt200us=53 max_us=1090 p99_us=1535 mean_us=903.4 idle_batch=0
qpsk_tun stats: tunA_rx=7 tunA_tx=0 tunB_rx=0 tunB_tx=289473 dma_tx=336312 dma_rx_ok=289473 crc_drop=23505 seq_gap=8839 idle_tx=336305 idle_rx=23116 tun_drop=0 oversize=0 tx_stall=0 b_drop=0 retx=0 dups=0 recovered=0 naks_tx=0 naks_rx=0 arq_lost=0
qpsk_tun txgap: n=6228 empty=28 gt20us=28 gt50us=28 gt200us=26 max_us=1012 p99_us=1023 mean_us=859.5 idle_batch=0
qpsk_tun stats: tunA_rx=7 tunA_tx=0 tunB_rx=0 tunB_tx=295464 dma_tx=342540 dma_rx_ok=295464 crc_drop=23732 seq_gap=9031 idle_tx=342533 idle_rx=23116 tun_drop=0 oversize=0 tx_stall=0 b_drop=0 retx=0 dups=0 recovered=0 naks_tx=0 naks_rx=0 arq_lost=0
qpsk_tun txgap: n=6228 empty=27 gt20us=27 gt50us=27 gt200us=27 max_us=1103 p99_us=1535 mean_us=963.4 idle_batch=0
qpsk_tun stats: tunA_rx=7 tunA_tx=0 tunB_rx=0 tunB_tx=301438 dma_tx=348768 dma_rx_ok=301438 crc_drop=23961 seq_gap=9229 idle_tx=348761 idle_rx=23116 tun_drop=0 oversize=0 tx_stall=0 b_drop=0 retx=0 dups=0 recovered=0 naks_tx=0 naks_rx=0 arq_lost=0
qpsk_tun txgap: n=6228 empty=10 gt20us=10 gt50us=10 gt200us=10 max_us=1097 p99_us=1535 mean_us=975.5 idle_batch=0
qpsk_tun stats: tunA_rx=7 tunA_tx=0 tunB_rx=0 tunB_tx=307429 dma_tx=354996 dma_rx_ok=307429 crc_drop=24193 seq_gap=9415 idle_tx=354989 idle_rx=23116 tun_drop=0 oversize=0 tx_stall=0 b_drop=0 retx=0 dups=0 recovered=0 naks_tx=0 naks_rx=0 arq_lost=0
qpsk_tun txgap: n=6228 empty=3 gt20us=3 gt50us=3 gt200us=3 max_us=1054 p99_us=1535 mean_us=1017.6 idle_batch=0
qpsk_tun stats: tunA_rx=7 tunA_tx=0 tunB_rx=0 tunB_tx=313450 dma_tx=361224 dma_rx_ok=313450 crc_drop=24410 seq_gap=9596 idle_tx=361217 idle_rx=23116 tun_drop=0 oversize=0 tx_stall=0 b_drop=0 retx=0 dups=0 recovered=0 naks_tx=0 naks_rx=0 arq_lost=0
qpsk_tun txgap: n=6228 empty=1 gt20us=1 gt50us=1 gt200us=1 max_us=1073 p99_us=1535 mean_us=1072.7 idle_batch=0
qpsk_tun stats: tunA_rx=7 tunA_tx=0 tunB_rx=0 tunB_tx=319441 dma_tx=367452 dma_rx_ok=319441 crc_drop=24644 seq_gap=9779 idle_tx=367445 idle_rx=23116 tun_drop=0 oversize=0 tx_stall=0 b_drop=0 retx=0 dups=0 recovered=0 naks_tx=0 naks_rx=0 arq_lost=0
qpsk_tun txgap: n=6228 empty=4 gt20us=4 gt50us=4 gt200us=4 max_us=1149 p99_us=1535 mean_us=1118.0 idle_batch=0
qpsk_tun stats: tunA_rx=7 tunA_tx=0 tunB_rx=0 tunB_tx=325454 dma_tx=373680 dma_rx_ok=325454 crc_drop=24859 seq_gap=9956 idle_tx=373673 idle_rx=23116 tun_drop=0 oversize=0 tx_stall=0 b_drop=0 retx=0 dups=0 recovered=0 naks_tx=0 naks_rx=0 arq_lost=0
qpsk_tun txgap: n=6228 empty=0 gt20us=0 gt50us=0 gt200us=0 max_us=0 p99_us=0 mean_us=0.0 idle_batch=0
qpsk_tun stats: tunA_rx=7 tunA_tx=0 tunB_rx=0 tunB_tx=331449 dma_tx=379908 dma_rx_ok=331449 crc_drop=25092 seq_gap=10139 idle_tx=379901 idle_rx=23116 tun_drop=0 oversize=0 tx_stall=0 b_drop=0 retx=0 dups=0 recovered=0 naks_tx=0 naks_rx=0 arq_lost=0
qpsk_tun txgap: n=6228 empty=1 gt20us=1 gt50us=1 gt200us=1 max_us=1183 p99_us=1535 mean_us=1182.8 idle_batch=0
qpsk_tun stats: tunA_rx=7 tunA_tx=0 tunB_rx=0 tunB_tx=337451 dma_tx=386136 dma_rx_ok=337451 crc_drop=25314 seq_gap=10322 idle_tx=386129 idle_rx=23116 tun_drop=0 oversize=0 tx_stall=0 b_drop=0 retx=0 dups=0 recovered=0 naks_tx=0 naks_rx=0 arq_lost=0
qpsk_tun txgap: n=6228 empty=1 gt20us=1 gt50us=1 gt200us=1 max_us=726 p99_us=767 mean_us=726.2 idle_batch=0
qpsk_tun stats: tunA_rx=7 tunA_tx=0 tunB_rx=0 tunB_tx=343458 dma_tx=392364 dma_rx_ok=343458 crc_drop=25538 seq_gap=10507 idle_tx=392357 idle_rx=23116 tun_drop=0 oversize=0 tx_stall=0 b_drop=0 retx=0 dups=0 recovered=0 naks_tx=0 naks_rx=0 arq_lost=0
qpsk_tun txgap: n=6228 empty=301 gt20us=65 gt50us=55 gt200us=48 max_us=965 p99_us=1023 mean_us=113.4 idle_batch=0
qpsk_tun stats: tunA_rx=7 tunA_tx=0 tunB_rx=0 tunB_tx=349447 dma_tx=398592 dma_rx_ok=349447 crc_drop=25775 seq_gap=10687 idle_tx=398585 idle_rx=23116 tun_drop=0 oversize=0 tx_stall=0 b_drop=0 retx=0 dups=0 recovered=0 naks_tx=0 naks_rx=0 arq_lost=0
qpsk_tun txgap: n=6228 empty=117 gt20us=113 gt50us=112 gt200us=111 max_us=1191 p99_us=1535 mean_us=755.7 idle_batch=0
qpsk_tun stats: tunA_rx=7 tunA_tx=0 tunB_rx=0 tunB_tx=355447 dma_tx=404820 dma_rx_ok=355447 crc_drop=26003 seq_gap=10870 idle_tx=404813 idle_rx=23116 tun_drop=0 oversize=0 tx_stall=0 b_drop=0 retx=0 dups=0 recovered=0 naks_tx=0 naks_rx=0 arq_lost=0
qpsk_tun txgap: n=6228 empty=132 gt20us=97 gt50us=97 gt200us=96 max_us=954 p99_us=1023 mean_us=564.1 idle_batch=0
qpsk_tun stats: tunA_rx=7 tunA_tx=0 tunB_rx=0 tunB_tx=361438 dma_tx=411048 dma_rx_ok=361438 crc_drop=26234 seq_gap=11054 idle_tx=411041 idle_rx=23116 tun_drop=0 oversize=0 tx_stall=0 b_drop=0 retx=0 dups=0 recovered=0 naks_tx=0 naks_rx=0 arq_lost=0
qpsk_tun txgap: n=6228 empty=77 gt20us=77 gt50us=77 gt200us=77 max_us=990 p99_us=1023 mean_us=798.1 idle_batch=0
qpsk_tun stats: tunA_rx=7 tunA_tx=0 tunB_rx=0 tunB_tx=367454 dma_tx=417276 dma_rx_ok=367454 crc_drop=26450 seq_gap=11239 idle_tx=417269 idle_rx=23116 tun_drop=0 oversize=0 tx_stall=0 b_drop=0 retx=0 dups=0 recovered=0 naks_tx=0 naks_rx=0 arq_lost=0
qpsk_tun txgap: n=6228 empty=72 gt20us=72 gt50us=72 gt200us=72 max_us=1022 p99_us=1023 mean_us=820.1 idle_batch=0
qpsk_tun stats: tunA_rx=7 tunA_tx=0 tunB_rx=0 tunB_tx=373439 dma_tx=423504 dma_rx_ok=373439 crc_drop=26690 seq_gap=11421 idle_tx=423497 idle_rx=23116 tun_drop=0 oversize=0 tx_stall=0 b_drop=0 retx=0 dups=0 recovered=0 naks_tx=0 naks_rx=0 arq_lost=0
qpsk_tun txgap: n=6228 empty=60 gt20us=60 gt50us=60 gt200us=60 max_us=1023 p99_us=1535 mean_us=819.4 idle_batch=0
qpsk_tun stats: tunA_rx=7 tunA_tx=0 tunB_rx=0 tunB_tx=379414 dma_tx=429732 dma_rx_ok=379414 crc_drop=26935 seq_gap=11601 idle_tx=429725 idle_rx=23116 tun_drop=0 oversize=0 tx_stall=0 b_drop=0 retx=0 dups=0 recovered=0 naks_tx=0 naks_rx=0 arq_lost=0
qpsk_tun txgap: n=6228 empty=58 gt20us=58 gt50us=58 gt200us=56 max_us=1053 p99_us=1535 mean_us=849.9 idle_batch=0
qpsk_tun stats: tunA_rx=7 tunA_tx=0 tunB_rx=0 tunB_tx=385426 dma_tx=435960 dma_rx_ok=385426 crc_drop=27155 seq_gap=11790 idle_tx=435953 idle_rx=23116 tun_drop=0 oversize=0 tx_stall=0 b_drop=0 retx=0 dups=0 recovered=0 naks_tx=0 naks_rx=0 arq_lost=0
qpsk_tun txgap: n=6228 empty=44 gt20us=44 gt50us=44 gt200us=43 max_us=1086 p99_us=1535 mean_us=914.7 idle_batch=0
qpsk_tun stats: tunA_rx=7 tunA_tx=0 tunB_rx=0 tunB_tx=391448 dma_tx=442188 dma_rx_ok=391448 crc_drop=27360 seq_gap=11956 idle_tx=442181 idle_rx=23116 tun_drop=0 oversize=0 tx_stall=0 b_drop=0 retx=0 dups=0 recovered=0 naks_tx=0 naks_rx=0 arq_lost=0
qpsk_tun txgap: n=6228 empty=27 gt20us=27 gt50us=27 gt200us=26 max_us=1104 p99_us=1535 mean_us=945.3 idle_batch=0
qpsk_tun stats: tunA_rx=7 tunA_tx=0 tunB_rx=0 tunB_tx=397452 dma_tx=448416 dma_rx_ok=397452 crc_drop=27584 seq_gap=12138 idle_tx=448409 idle_rx=23116 tun_drop=0 oversize=0 tx_stall=0 b_drop=0 retx=0 dups=0 recovered=0 naks_tx=0 naks_rx=0 arq_lost=0
qpsk_tun txgap: n=6228 empty=21 gt20us=21 gt50us=21 gt200us=21 max_us=1051 p99_us=1535 mean_us=954.0 idle_batch=0
qpsk_tun stats: tunA_rx=7 tunA_tx=0 tunB_rx=0 tunB_tx=403455 dma_tx=454644 dma_rx_ok=403455 crc_drop=27809 seq_gap=12319 idle_tx=454637 idle_rx=23116 tun_drop=0 oversize=0 tx_stall=0 b_drop=0 retx=0 dups=0 recovered=0 naks_tx=0 naks_rx=0 arq_lost=0
qpsk_tun txgap: n=6228 empty=14 gt20us=14 gt50us=14 gt200us=14 max_us=1028 p99_us=1535 mean_us=978.5 idle_batch=0
qpsk_tun stats: tunA_rx=7 tunA_tx=0 tunB_rx=0 tunB_tx=409460 dma_tx=460872 dma_rx_ok=409460 crc_drop=28031 seq_gap=12504 idle_tx=460865 idle_rx=23116 tun_drop=0 oversize=0 tx_stall=0 b_drop=0 retx=0 dups=0 recovered=0 naks_tx=0 naks_rx=0 arq_lost=0
qpsk_tun txgap: n=6228 empty=2 gt20us=2 gt50us=2 gt200us=2 max_us=1030 p99_us=1535 mean_us=1025.4 idle_batch=0
qpsk_tun stats: tunA_rx=7 tunA_tx=0 tunB_rx=0 tunB_tx=415466 dma_tx=467100 dma_rx_ok=415466 crc_drop=28253 seq_gap=12685 idle_tx=467093 idle_rx=23116 tun_drop=0 oversize=0 tx_stall=0 b_drop=0 retx=0 dups=0 recovered=0 naks_tx=0 naks_rx=0 arq_lost=0
qpsk_tun txgap: n=6228 empty=0 gt20us=0 gt50us=0 gt200us=0 max_us=0 p99_us=0 mean_us=0.0 idle_batch=0
qpsk_tun stats: tunA_rx=7 tunA_tx=0 tunB_rx=0 tunB_tx=421475 dma_tx=473328 dma_rx_ok=421475 crc_drop=28472 seq_gap=12868 idle_tx=473321 idle_rx=23116 tun_drop=0 oversize=0 tx_stall=0 b_drop=0 retx=0 dups=0 recovered=0 naks_tx=0 naks_rx=0 arq_lost=0
qpsk_tun txgap: n=6228 empty=0 gt20us=0 gt50us=0 gt200us=0 max_us=0 p99_us=0 mean_us=0.0 idle_batch=0
qpsk_tun stats: tunA_rx=7 tunA_tx=0 tunB_rx=0 tunB_tx=427469 dma_tx=479556 dma_rx_ok=427469 crc_drop=28695 seq_gap=13051 idle_tx=479549 idle_rx=23116 tun_drop=0 oversize=0 tx_stall=0 b_drop=0 retx=0 dups=0 recovered=0 naks_tx=0 naks_rx=0 arq_lost=0
qpsk_tun txgap: n=6228 empty=0 gt20us=0 gt50us=0 gt200us=0 max_us=0 p99_us=0 mean_us=0.0 idle_batch=0
qpsk_tun stats: tunA_rx=7 tunA_tx=0 tunB_rx=0 tunB_tx=433489 dma_tx=485784 dma_rx_ok=433489 crc_drop=28914 seq_gap=13238 idle_tx=485777 idle_rx=23116 tun_drop=0 oversize=0 tx_stall=0 b_drop=0 retx=0 dups=0 recovered=0 naks_tx=0 naks_rx=0 arq_lost=0
qpsk_tun txgap: n=6228 empty=0 gt20us=0 gt50us=0 gt200us=0 max_us=0 p99_us=0 mean_us=0.0 idle_batch=0
qpsk_tun stats: tunA_rx=7 tunA_tx=0 tunB_rx=0 tunB_tx=439491 dma_tx=492012 dma_rx_ok=439491 crc_drop=29140 seq_gap=13424 idle_tx=492005 idle_rx=23116 tun_drop=0 oversize=0 tx_stall=0 b_drop=0 retx=0 dups=0 recovered=0 naks_tx=0 naks_rx=0 arq_lost=0
qpsk_tun txgap: n=6228 empty=0 gt20us=0 gt50us=0 gt200us=0 max_us=0 p99_us=0 mean_us=0.0 idle_batch=0
qpsk_tun stats: tunA_rx=7 tunA_tx=0 tunB_rx=0 tunB_tx=445496 dma_tx=498240 dma_rx_ok=445496 crc_drop=29363 seq_gap=13606 idle_tx=498233 idle_rx=23116 tun_drop=0 oversize=0 tx_stall=0 b_drop=0 retx=0 dups=0 recovered=0 naks_tx=0 naks_rx=0 arq_lost=0
qpsk_tun txgap: n=6228 empty=48 gt20us=48 gt50us=48 gt200us=48 max_us=1136 p99_us=1535 mean_us=984.4 idle_batch=0
qpsk_tun stats: tunA_rx=7 tunA_tx=0 tunB_rx=0 tunB_tx=451494 dma_tx=504468 dma_rx_ok=451494 crc_drop=29584 seq_gap=13787 idle_tx=504461 idle_rx=23116 tun_drop=0 oversize=0 tx_stall=0 b_drop=0 retx=0 dups=0 recovered=0 naks_tx=0 naks_rx=0 arq_lost=0
qpsk_tun txgap: n=6228 empty=195 gt20us=179 gt50us=179 gt200us=179 max_us=1171 p99_us=1535 mean_us=798.7 idle_batch=0
qpsk_tun stats: tunA_rx=7 tunA_tx=0 tunB_rx=0 tunB_tx=457495 dma_tx=510696 dma_rx_ok=457495 crc_drop=29814 seq_gap=13974 idle_tx=510689 idle_rx=23116 tun_drop=0 oversize=0 tx_stall=0 b_drop=0 retx=0 dups=0 recovered=0 naks_tx=0 naks_rx=0 arq_lost=0
qpsk_tun txgap: n=6228 empty=183 gt20us=183 gt50us=183 gt200us=183 max_us=1036 p99_us=1535 mean_us=862.5 idle_batch=0
qpsk_tun stats: tunA_rx=7 tunA_tx=0 tunB_rx=0 tunB_tx=463463 dma_tx=516924 dma_rx_ok=463463 crc_drop=30064 seq_gap=14167 idle_tx=516917 idle_rx=23116 tun_drop=0 oversize=0 tx_stall=0 b_drop=0 retx=0 dups=0 recovered=0 naks_tx=0 naks_rx=0 arq_lost=0
qpsk_tun txgap: n=6228 empty=86 gt20us=86 gt50us=86 gt200us=86 max_us=1186 p99_us=1535 mean_us=998.4 idle_batch=0
qpsk_tun stats: tunA_rx=7 tunA_tx=0 tunB_rx=0 tunB_tx=469429 dma_tx=523152 dma_rx_ok=469429 crc_drop=30317 seq_gap=14356 idle_tx=523145 idle_rx=23116 tun_drop=0 oversize=0 tx_stall=0 b_drop=0 retx=0 dups=0 recovered=0 naks_tx=0 naks_rx=0 arq_lost=0
qpsk_tun txgap: n=6228 empty=0 gt20us=0 gt50us=0 gt200us=0 max_us=0 p99_us=0 mean_us=0.0 idle_batch=0
qpsk_tun stats: tunA_rx=7 tunA_tx=0 tunB_rx=0 tunB_tx=475428 dma_tx=529380 dma_rx_ok=475428 crc_drop=30538 seq_gap=14548 idle_tx=529373 idle_rx=23116 tun_drop=0 oversize=0 tx_stall=0 b_drop=0 retx=0 dups=0 recovered=0 naks_tx=0 naks_rx=0 arq_lost=0
qpsk_tun txgap: n=6228 empty=0 gt20us=0 gt50us=0 gt200us=0 max_us=0 p99_us=0 mean_us=0.0 idle_batch=0
qpsk_tun stats: tunA_rx=7 tunA_tx=0 tunB_rx=0 tunB_tx=481407 dma_tx=535608 dma_rx_ok=481407 crc_drop=30782 seq_gap=14740 idle_tx=535601 idle_rx=23116 tun_drop=0 oversize=0 tx_stall=0 b_drop=0 retx=0 dups=0 recovered=0 naks_tx=0 naks_rx=0 arq_lost=0
qpsk_tun txgap: n=6228 empty=0 gt20us=0 gt50us=0 gt200us=0 max_us=0 p99_us=0 mean_us=0.0 idle_batch=0
qpsk_tun stats: tunA_rx=7 tunA_tx=0 tunB_rx=0 tunB_tx=487410 dma_tx=541836 dma_rx_ok=487410 crc_drop=31001 seq_gap=14928 idle_tx=541829 idle_rx=23116 tun_drop=0 oversize=0 tx_stall=0 b_drop=0 retx=0 dups=0 recovered=0 naks_tx=0 naks_rx=0 arq_lost=0
qpsk_tun txgap: n=6228 empty=0 gt20us=0 gt50us=0 gt200us=0 max_us=0 p99_us=0 mean_us=0.0 idle_batch=0
qpsk_tun stats: tunA_rx=7 tunA_tx=0 tunB_rx=0 tunB_tx=493417 dma_tx=548064 dma_rx_ok=493417 crc_drop=31221 seq_gap=15106 idle_tx=548057 idle_rx=23116 tun_drop=0 oversize=0 tx_stall=0 b_drop=0 retx=0 dups=0 recovered=0 naks_tx=0 naks_rx=0 arq_lost=0
qpsk_tun txgap: n=6228 empty=0 gt20us=0 gt50us=0 gt200us=0 max_us=0 p99_us=0 mean_us=0.0 idle_batch=0
qpsk_tun stats: tunA_rx=7 tunA_tx=0 tunB_rx=0 tunB_tx=499431 dma_tx=554292 dma_rx_ok=499431 crc_drop=31434 seq_gap=15288 idle_tx=554285 idle_rx=23116 tun_drop=0 oversize=0 tx_stall=0 b_drop=0 retx=0 dups=0 recovered=0 naks_tx=0 naks_rx=0 arq_lost=0
qpsk_tun txgap: n=6228 empty=0 gt20us=0 gt50us=0 gt200us=0 max_us=0 p99_us=0 mean_us=0.0 idle_batch=0
qpsk_tun stats: tunA_rx=7 tunA_tx=0 tunB_rx=0 tunB_tx=505422 dma_tx=560520 dma_rx_ok=505422 crc_drop=31672 seq_gap=15473 idle_tx=560513 idle_rx=23116 tun_drop=0 oversize=0 tx_stall=0 b_drop=0 retx=0 dups=0 recovered=0 naks_tx=0 naks_rx=0 arq_lost=0
qpsk_tun txgap: n=6228 empty=0 gt20us=0 gt50us=0 gt200us=0 max_us=0 p99_us=0 mean_us=0.0 idle_batch=0
qpsk_tun stats: tunA_rx=7 tunA_tx=0 tunB_rx=0 tunB_tx=511410 dma_tx=566748 dma_rx_ok=511410 crc_drop=31906 seq_gap=15661 idle_tx=566741 idle_rx=23116 tun_drop=0 oversize=0 tx_stall=0 b_drop=0 retx=0 dups=0 recovered=0 naks_tx=0 naks_rx=0 arq_lost=0
qpsk_tun txgap: n=6228 empty=4 gt20us=4 gt50us=4 gt200us=4 max_us=1110 p99_us=1535 mean_us=1083.8 idle_batch=0
qpsk_tun stats: tunA_rx=7 tunA_tx=0 tunB_rx=0 tunB_tx=517422 dma_tx=572976 dma_rx_ok=517422 crc_drop=32128 seq_gap=15845 idle_tx=572969 idle_rx=23116 tun_drop=0 oversize=0 tx_stall=0 b_drop=0 retx=0 dups=0 recovered=0 naks_tx=0 naks_rx=0 arq_lost=0
qpsk_tun txgap: n=6228 empty=2 gt20us=2 gt50us=2 gt200us=2 max_us=1105 p99_us=1535 mean_us=1100.1 idle_batch=0
qpsk_tun stats: tunA_rx=7 tunA_tx=0 tunB_rx=0 tunB_tx=523414 dma_tx=579204 dma_rx_ok=523414 crc_drop=32354 seq_gap=16027 idle_tx=579197 idle_rx=23116 tun_drop=0 oversize=0 tx_stall=0 b_drop=0 retx=0 dups=0 recovered=0 naks_tx=0 naks_rx=0 arq_lost=0
qpsk_tun txgap: n=6228 empty=0 gt20us=0 gt50us=0 gt200us=0 max_us=0 p99_us=0 mean_us=0.0 idle_batch=0
qpsk_tun stats: tunA_rx=7 tunA_tx=0 tunB_rx=0 tunB_tx=529434 dma_tx=585432 dma_rx_ok=529434 crc_drop=32572 seq_gap=16209 idle_tx=585425 idle_rx=23116 tun_drop=0 oversize=0 tx_stall=0 b_drop=0 retx=0 dups=0 recovered=0 naks_tx=0 naks_rx=0 arq_lost=0
qpsk_tun txgap: n=6228 empty=0 gt20us=0 gt50us=0 gt200us=0 max_us=0 p99_us=0 mean_us=0.0 idle_batch=0
qpsk_tun stats: tunA_rx=7 tunA_tx=0 tunB_rx=0 tunB_tx=535469 dma_tx=591660 dma_rx_ok=535469 crc_drop=32765 seq_gap=16370 idle_tx=591653 idle_rx=23116 tun_drop=0 oversize=0 tx_stall=0 b_drop=0 retx=0 dups=0 recovered=0 naks_tx=0 naks_rx=0 arq_lost=0
qpsk_tun txgap: n=6228 empty=102 gt20us=14 gt50us=9 gt200us=6 max_us=706 p99_us=767 mean_us=44.5 idle_batch=0
qpsk_tun stats: tunA_rx=8 tunA_tx=0 tunB_rx=0 tunB_tx=541422 dma_tx=597888 dma_rx_ok=541422 crc_drop=32985 seq_gap=16567 idle_tx=597880 idle_rx=23116 tun_drop=0 oversize=0 tx_stall=0 b_drop=0 retx=0 dups=0 recovered=0 naks_tx=0 naks_rx=0 arq_lost=0
qpsk_tun txgap: n=6228 empty=186 gt20us=176 gt50us=176 gt200us=176 max_us=1105 p99_us=1023 mean_us=636.5 idle_batch=0
qpsk_tun stats: tunA_rx=8 tunA_tx=0 tunB_rx=0 tunB_tx=547416 dma_tx=604116 dma_rx_ok=547416 crc_drop=33225 seq_gap=16752 idle_tx=604108 idle_rx=23116 tun_drop=0 oversize=0 tx_stall=0 b_drop=0 retx=0 dups=0 recovered=0 naks_tx=0 naks_rx=0 arq_lost=0
qpsk_tun txgap: n=6228 empty=267 gt20us=188 gt50us=186 gt200us=185 max_us=1045 p99_us=1023 mean_us=603.7 idle_batch=0
qpsk_tun stats: tunA_rx=8 tunA_tx=0 tunB_rx=0 tunB_tx=553412 dma_tx=610344 dma_rx_ok=553412 crc_drop=33457 seq_gap=16935 idle_tx=610336 idle_rx=23116 tun_drop=0 oversize=0 tx_stall=0 b_drop=0 retx=0 dups=0 recovered=0 naks_tx=0 naks_rx=0 arq_lost=0
qpsk_tun txgap: n=6228 empty=44 gt20us=44 gt50us=44 gt200us=44 max_us=1160 p99_us=1535 mean_us=1010.0 idle_batch=0
qpsk_tun stats: tunA_rx=8 tunA_tx=0 tunB_rx=0 tunB_tx=559425 dma_tx=616572 dma_rx_ok=559425 crc_drop=33672 seq_gap=17116 idle_tx=616564 idle_rx=23116 tun_drop=0 oversize=0 tx_stall=0 b_drop=0 retx=0 dups=0 recovered=0 naks_tx=0 naks_rx=0 arq_lost=0
qpsk_tun txgap: n=6228 empty=0 gt20us=0 gt50us=0 gt200us=0 max_us=0 p99_us=0 mean_us=0.0 idle_batch=0
qpsk_tun stats: tunA_rx=8 tunA_tx=0 tunB_rx=0 tunB_tx=565422 dma_tx=622800 dma_rx_ok=565422 crc_drop=33901 seq_gap=17300 idle_tx=622792 idle_rx=23116 tun_drop=0 oversize=0 tx_stall=0 b_drop=0 retx=0 dups=0 recovered=0 naks_tx=0 naks_rx=0 arq_lost=0
qpsk_tun txgap: n=6228 empty=0 gt20us=0 gt50us=0 gt200us=0 max_us=0 p99_us=0 mean_us=0.0 idle_batch=0
qpsk_tun stats: tunA_rx=8 tunA_tx=0 tunB_rx=0 tunB_tx=571419 dma_tx=629028 dma_rx_ok=571419 crc_drop=34132 seq_gap=17477 idle_tx=629020 idle_rx=23116 tun_drop=0 oversize=0 tx_stall=0 b_drop=0 retx=0 dups=0 recovered=0 naks_tx=0 naks_rx=0 arq_lost=0
qpsk_tun txgap: n=6228 empty=4 gt20us=4 gt50us=4 gt200us=4 max_us=881 p99_us=1023 mean_us=846.8 idle_batch=0
qpsk_tun stats: tunA_rx=8 tunA_tx=0 tunB_rx=0 tunB_tx=577407 dma_tx=635256 dma_rx_ok=577407 crc_drop=34362 seq_gap=17670 idle_tx=635248 idle_rx=23116 tun_drop=0 oversize=0 tx_stall=0 b_drop=0 retx=0 dups=0 recovered=0 naks_tx=0 naks_rx=0 arq_lost=0
qpsk_tun txgap: n=6228 empty=60 gt20us=60 gt50us=60 gt200us=60 max_us=1128 p99_us=1535 mean_us=912.9 idle_batch=0
qpsk_tun stats: tunA_rx=8 tunA_tx=0 tunB_rx=0 tunB_tx=583408 dma_tx=641484 dma_rx_ok=583408 crc_drop=34570 seq_gap=17863 idle_tx=641476 idle_rx=23116 tun_drop=0 oversize=0 tx_stall=0 b_drop=0 retx=0 dups=0 recovered=0 naks_tx=0 naks_rx=0 arq_lost=0
qpsk_tun txgap: n=6228 empty=71 gt20us=71 gt50us=71 gt200us=71 max_us=1227 p99_us=1535 mean_us=1006.6 idle_batch=0
qpsk_tun stats: tunA_rx=8 tunA_tx=0 tunB_rx=0 tunB_tx=589364 dma_tx=647712 dma_rx_ok=589364 crc_drop=34822 seq_gap=18075 idle_tx=647704 idle_rx=23116 tun_drop=0 oversize=0 tx_stall=0 b_drop=0 retx=0 dups=0 recovered=0 naks_tx=0 naks_rx=0 arq_lost=0
qpsk_tun txgap: n=6228 empty=33 gt20us=33 gt50us=33 gt200us=33 max_us=1161 p99_us=1535 mean_us=989.1 idle_batch=0
qpsk_tun stats: tunA_rx=8 tunA_tx=0 tunB_rx=0 tunB_tx=595345 dma_tx=653940 dma_rx_ok=595345 crc_drop=35060 seq_gap=18258 idle_tx=653932 idle_rx=23116 tun_drop=0 oversize=0 tx_stall=0 b_drop=0 retx=0 dups=0 recovered=0 naks_tx=0 naks_rx=0 arq_lost=0
qpsk_tun txgap: n=6228 empty=32 gt20us=32 gt50us=32 gt200us=32 max_us=1159 p99_us=1535 mean_us=986.9 idle_batch=0
qpsk_tun stats: tunA_rx=8 tunA_tx=0 tunB_rx=0 tunB_tx=601321 dma_tx=660168 dma_rx_ok=601321 crc_drop=35308 seq_gap=18441 idle_tx=660160 idle_rx=23116 tun_drop=0 oversize=0 tx_stall=0 b_drop=0 retx=0 dups=0 recovered=0 naks_tx=0 naks_rx=0 arq_lost=0
qpsk_tun txgap: n=6228 empty=0 gt20us=0 gt50us=0 gt200us=0 max_us=0 p99_us=0 mean_us=0.0 idle_batch=0
qpsk_tun stats: tunA_rx=8 tunA_tx=0 tunB_rx=0 tunB_tx=607323 dma_tx=666396 dma_rx_ok=607323 crc_drop=35534 seq_gap=18626 idle_tx=666388 idle_rx=23116 tun_drop=0 oversize=0 tx_stall=0 b_drop=0 retx=0 dups=0 recovered=0 naks_tx=0 naks_rx=0 arq_lost=0
qpsk_tun txgap: n=6228 empty=0 gt20us=0 gt50us=0 gt200us=0 max_us=0 p99_us=0 mean_us=0.0 idle_batch=0
qpsk_tun stats: tunA_rx=8 tunA_tx=0 tunB_rx=0 tunB_tx=613330 dma_tx=672624 dma_rx_ok=613330 crc_drop=35755 seq_gap=18808 idle_tx=672616 idle_rx=23116 tun_drop=0 oversize=0 tx_stall=0 b_drop=0 retx=0 dups=0 recovered=0 naks_tx=0 naks_rx=0 arq_lost=0
qpsk_tun txgap: n=6228 empty=0 gt20us=0 gt50us=0 gt200us=0 max_us=0 p99_us=0 mean_us=0.0 idle_batch=0
qpsk_tun stats: tunA_rx=8 tunA_tx=0 tunB_rx=0 tunB_tx=619325 dma_tx=678852 dma_rx_ok=619325 crc_drop=35987 seq_gap=18994 idle_tx=678844 idle_rx=23116 tun_drop=0 oversize=0 tx_stall=0 b_drop=0 retx=0 dups=0 recovered=0 naks_tx=0 naks_rx=0 arq_lost=0
qpsk_tun txgap: n=6228 empty=0 gt20us=0 gt50us=0 gt200us=0 max_us=0 p99_us=0 mean_us=0.0 idle_batch=0
qpsk_tun stats: tunA_rx=8 tunA_tx=0 tunB_rx=0 tunB_tx=625283 dma_tx=685080 dma_rx_ok=625283 crc_drop=36247 seq_gap=19189 idle_tx=685072 idle_rx=23116 tun_drop=0 oversize=0 tx_stall=0 b_drop=0 retx=0 dups=0 recovered=0 naks_tx=0 naks_rx=0 arq_lost=0
qpsk_tun txgap: n=6228 empty=0 gt20us=0 gt50us=0 gt200us=0 max_us=0 p99_us=0 mean_us=0.0 idle_batch=0
qpsk_tun stats: tunA_rx=8 tunA_tx=0 tunB_rx=0 tunB_tx=631272 dma_tx=691308 dma_rx_ok=631272 crc_drop=36478 seq_gap=19378 idle_tx=691300 idle_rx=23116 tun_drop=0 oversize=0 tx_stall=0 b_drop=0 retx=0 dups=0 recovered=0 naks_tx=0 naks_rx=0 arq_lost=0
qpsk_tun txgap: n=6228 empty=21 gt20us=10 gt50us=10 gt200us=10 max_us=918 p99_us=1023 mean_us=399.2 idle_batch=0
qpsk_tun stats: tunA_rx=8 tunA_tx=0 tunB_rx=0 tunB_tx=637256 dma_tx=697536 dma_rx_ok=637256 crc_drop=36711 seq_gap=19574 idle_tx=697528 idle_rx=23116 tun_drop=0 oversize=0 tx_stall=0 b_drop=0 retx=0 dups=0 recovered=0 naks_tx=0 naks_rx=0 arq_lost=0
qpsk_tun txgap: n=6228 empty=117 gt20us=111 gt50us=111 gt200us=111 max_us=994 p99_us=1023 mean_us=772.0 idle_batch=0
qpsk_tun stats: tunA_rx=8 tunA_tx=0 tunB_rx=0 tunB_tx=643242 dma_tx=703764 dma_rx_ok=643242 crc_drop=36939 seq_gap=19769 idle_tx=703756 idle_rx=23116 tun_drop=0 oversize=0 tx_stall=0 b_drop=0 retx=0 dups=0 recovered=0 naks_tx=0 naks_rx=0 arq_lost=0
qpsk_tun txgap: n=6228 empty=93 gt20us=90 gt50us=89 gt200us=89 max_us=893 p99_us=1023 mean_us=745.6 idle_batch=0
qpsk_tun stats: tunA_rx=8 tunA_tx=0 tunB_rx=0 tunB_tx=648942 dma_tx=709992 dma_rx_ok=648942 crc_drop=37174 seq_gap=19960 idle_tx=709984 idle_rx=23116 tun_drop=0 oversize=0 tx_stall=0 b_drop=0 retx=0 dups=0 recovered=0 naks_tx=0 naks_rx=0 arq_lost=0
qpsk_tun txgap: n=6228 empty=91 gt20us=91 gt50us=91 gt200us=91 max_us=1099 p99_us=1535 mean_us=847.8 idle_batch=0
qpsk_tun stats: tunA_rx=8 tunA_tx=0 tunB_rx=0 tunB_tx=648942 dma_tx=716220 dma_rx_ok=648942 crc_drop=37222 seq_gap=19960 idle_tx=716212 idle_rx=23116 tun_drop=0 oversize=0 tx_stall=0 b_drop=0 retx=0 dups=0 recovered=0 naks_tx=0 naks_rx=0 arq_lost=0
qpsk_tun txgap: n=6228 empty=0 gt20us=0 gt50us=0 gt200us=0 max_us=0 p99_us=0 mean_us=0.0 idle_batch=0
rx_queued: completions but NO DELIVERY for 10.0s -- re-arming (recovery #2)
qpsk_tun stats: tunA_rx=8 tunA_tx=0 tunB_rx=0 tunB_tx=648942 dma_tx=722448 dma_rx_ok=648942 crc_drop=37302 seq_gap=19960 idle_tx=722440 idle_rx=23116 tun_drop=0 oversize=0 tx_stall=0 b_drop=0 retx=0 dups=0 recovered=0 naks_tx=0 naks_rx=0 arq_lost=0
qpsk_tun txgap: n=6228 empty=0 gt20us=0 gt50us=0 gt200us=0 max_us=0 p99_us=0 mean_us=0.0 idle_batch=0
qpsk_tun stats: tunA_rx=8 tunA_tx=0 tunB_rx=0 tunB_tx=648942 dma_tx=728676 dma_rx_ok=648942 crc_drop=37542 seq_gap=19960 idle_tx=728668 idle_rx=23116 tun_drop=0 oversize=0 tx_stall=0 b_drop=0 retx=0 dups=0 recovered=0 naks_tx=0 naks_rx=0 arq_lost=0
qpsk_tun txgap: n=6228 empty=0 gt20us=0 gt50us=0 gt200us=0 max_us=0 p99_us=0 mean_us=0.0 idle_batch=0
rx_queued: completions but NO DELIVERY for 10.0s -- re-arming (recovery #3)
qpsk_tun stats: tunA_rx=8 tunA_tx=0 tunB_rx=0 tunB_tx=648942 dma_tx=734904 dma_rx_ok=648942 crc_drop=37814 seq_gap=19960 idle_tx=734896 idle_rx=23116 tun_drop=0 oversize=0 tx_stall=0 b_drop=0 retx=0 dups=0 recovered=0 naks_tx=0 naks_rx=0 arq_lost=0
qpsk_tun txgap: n=6228 empty=0 gt20us=0 gt50us=0 gt200us=0 max_us=0 p99_us=0 mean_us=0.0 idle_batch=0
qpsk_tun stats: tunA_rx=8 tunA_tx=0 tunB_rx=0 tunB_tx=648942 dma_tx=735697 dma_rx_ok=648942 crc_drop=37846 seq_gap=19960 idle_tx=735689 idle_rx=23116 tun_drop=0 oversize=0 tx_stall=0 b_drop=0 retx=0 dups=0 recovered=0 naks_tx=0 naks_rx=0 arq_lost=0
qpsk_tun txgap: n=793 empty=0 gt20us=0 gt50us=0 gt200us=0 max_us=0 p99_us=0 mean_us=0.0 idle_batch=0
qpsk_tun txlog: wrote 674905 records (of 674905 submits) to /dev/shm/txlog.bin
qpsk_tun stats: tunA_rx=8 tunA_tx=0 tunB_rx=0 tunB_tx=648942 dma_tx=740957 dma_rx_ok=648942 crc_drop=39206 seq_gap=19960 idle_tx=740949 idle_rx=23116 tun_drop=0 oversize=0 tx_stall=0 b_drop=0 retx=0 dups=0 recovered=0 naks_tx=0 naks_rx=0 arq_lost=0
qpsk_tun txgap: n=5260 empty=2 gt20us=2 gt50us=2 gt200us=2 max_us=172094 p99_us=196607 mean_us=86180.4 idle_batch=0
