Running as unit: txfix-gate-g0-u-1788445099-4089468-32083.service; invocation ID: 8d693f82ea1f4a8590495b4c925c8ca8
LAUNCHED txfix-gate-g0-u-1788445099-4089468-32083 -> /mnt/onetb/scratch/qpsk-jupiter-modem/jupiter_240k5_byte/rtl_sim/beat_runs/txfix_gate_G0_g0_none_U.log
Running as unit: watch-txfix-gate-g0-u-1788445099-4089468-32083.service; invocation ID: 5bae55b55d524fd2b19f358a2d5f2340
Running as unit: txfix-gate-g1-u-1788445099-4089468-13340.service; invocation ID: 8e2ddc42975e4276a82fc69bdf883e9f
LAUNCHED txfix-gate-g1-u-1788445099-4089468-13340 -> /mnt/onetb/scratch/qpsk-jupiter-modem/jupiter_240k5_byte/rtl_sim/beat_runs/txfix_gate_G1_g1_popabort_U_k0.log
Running as unit: watch-txfix-gate-g1-u-1788445099-4089468-13340.service; invocation ID: a7c2e59420424d1e8cb419afeb303a54
Running as unit: txfix-gate-g2-u-1788445099-4089468-1937.service; invocation ID: b8dc6c2363804feaaaf8e1d2fc733574
LAUNCHED txfix-gate-g2-u-1788445099-4089468-1937 -> /mnt/onetb/scratch/qpsk-jupiter-modem/jupiter_240k5_byte/rtl_sim/beat_runs/txfix_gate_G2_g2_fcbase3_U.log
Running as unit: watch-txfix-gate-g2-u-1788445099-4089468-1937.service; invocation ID: 0aa8e21506574f3f9a4cab41c0a75232
Running as unit: txfix-gate-g3-f1-1788445099-4089468-603.service; invocation ID: d04d26006979423aacab3be8fad36496
LAUNCHED txfix-gate-g3-f1-1788445099-4089468-603 -> /mnt/onetb/scratch/qpsk-jupiter-modem/jupiter_240k5_byte/rtl_sim/beat_runs/txfix_gate_G3_g3_none_F1.log
Running as unit: watch-txfix-gate-g3-f1-1788445099-4089468-603.service; invocation ID: b06e2f9e733d4c65ac427d575afb9252
Running as unit: txfix-gate-g3-f2-1788445099-4089468-15348.service; invocation ID: e78df7fee6714607aa3b4aceeec481b9
LAUNCHED txfix-gate-g3-f2-1788445099-4089468-15348 -> /mnt/onetb/scratch/qpsk-jupiter-modem/jupiter_240k5_byte/rtl_sim/beat_runs/txfix_gate_G3_g3_none_F2.log
Running as unit: watch-txfix-gate-g3-f2-1788445099-4089468-15348.service; invocation ID: 3a15c5bae42f41a990bde944f04e93de
Running as unit: txfix-gate-g3-f3-1788445099-4089468-20524.service; invocation ID: c1741d3ec8124d2a861e429e21f73970
LAUNCHED txfix-gate-g3-f3-1788445099-4089468-20524 -> /mnt/onetb/scratch/qpsk-jupiter-modem/jupiter_240k5_byte/rtl_sim/beat_runs/txfix_gate_G3_g3_none_F3.log
Running as unit: watch-txfix-gate-g3-f3-1788445099-4089468-20524.service; invocation ID: dc79501dce764e64b8dc8c7cee34e6dd
Running as unit: txfix-gate-g4-f1-1788445099-4089468-23449.service; invocation ID: ac874201a21e4856956e2d95fd213645
LAUNCHED txfix-gate-g4-f1-1788445099-4089468-23449 -> /mnt/onetb/scratch/qpsk-jupiter-modem/jupiter_240k5_byte/rtl_sim/beat_runs/txfix_gate_G4_g4_popabort_F1_k0.log
Running as unit: watch-txfix-gate-g4-f1-1788445099-4089468-23449.service; invocation ID: 314a1aed0e614fb1aead1eaa3dc56a69
Running as unit: txfix-gate-g4-f1-1788445099-4089468-6437.service; invocation ID: 1067c0d843044761b3a657fb872a627d
LAUNCHED txfix-gate-g4-f1-1788445099-4089468-6437 -> /mnt/onetb/scratch/qpsk-jupiter-modem/jupiter_240k5_byte/rtl_sim/beat_runs/txfix_gate_G4_g4_popabort_F1_k6.log
Running as unit: watch-txfix-gate-g4-f1-1788445099-4089468-6437.service; invocation ID: c8ccbcf263f942129628f7ec63c40e8a
Running as unit: txfix-gate-g4-f2-1788445099-4089468-31919.service; invocation ID: e247c2e9b4544331966b43a1af5a926e
LAUNCHED txfix-gate-g4-f2-1788445099-4089468-31919 -> /mnt/onetb/scratch/qpsk-jupiter-modem/jupiter_240k5_byte/rtl_sim/beat_runs/txfix_gate_G4_g4_popabort_F2_k0.log
Running as unit: watch-txfix-gate-g4-f2-1788445099-4089468-31919.service; invocation ID: de90d45cf36046ea899dd2359ebe04f4
Running as unit: txfix-gate-g4-f2-1788445099-4089468-24365.service; invocation ID: 504fb09fb46b426793e406a08d680817
LAUNCHED txfix-gate-g4-f2-1788445099-4089468-24365 -> /mnt/onetb/scratch/qpsk-jupiter-modem/jupiter_240k5_byte/rtl_sim/beat_runs/txfix_gate_G4_g4_popabort_F2_k6.log
Running as unit: watch-txfix-gate-g4-f2-1788445099-4089468-24365.service; invocation ID: 07165fb4e3cd44d19b078b328a4fbbd0
Running as unit: txfix-gate-g4-f3-1788445099-4089468-6874.service; invocation ID: c037f2389f274842a821e67da12e2851
LAUNCHED txfix-gate-g4-f3-1788445099-4089468-6874 -> /mnt/onetb/scratch/qpsk-jupiter-modem/jupiter_240k5_byte/rtl_sim/beat_runs/txfix_gate_G4_g4_popabort_F3_k0.log
Running as unit: watch-txfix-gate-g4-f3-1788445099-4089468-6874.service; invocation ID: 77f3cb7cfb704173bf63291c1df93727
Running as unit: txfix-gate-g4-f3-1788445099-4089468-27133.service; invocation ID: 0ae624a587b74fa2a0528b8927e02e01
LAUNCHED txfix-gate-g4-f3-1788445099-4089468-27133 -> /mnt/onetb/scratch/qpsk-jupiter-modem/jupiter_240k5_byte/rtl_sim/beat_runs/txfix_gate_G4_g4_popabort_F3_k6.log
Running as unit: watch-txfix-gate-g4-f3-1788445099-4089468-27133.service; invocation ID: 9dd33569c0134d039e44cf0812738a44
Running as unit: txfix-gate-g6-f1-1788445099-4089468-15763.service; invocation ID: b16e2163e8ce4852878a40ae9bd1e4ab
LAUNCHED txfix-gate-g6-f1-1788445099-4089468-15763 -> /mnt/onetb/scratch/qpsk-jupiter-modem/jupiter_240k5_byte/rtl_sim/beat_runs/txfix_gate_G6_g6_latchforce_F1.log
Running as unit: watch-txfix-gate-g6-f1-1788445099-4089468-15763.service; invocation ID: 31c02d8742d54aa9a336977ccff16463
Running as unit: txfix-gate-g6-f2-1788445099-4089468-3749.service; invocation ID: 5c377f7cb81f418f875f3adda79cd440
LAUNCHED txfix-gate-g6-f2-1788445099-4089468-3749 -> /mnt/onetb/scratch/qpsk-jupiter-modem/jupiter_240k5_byte/rtl_sim/beat_runs/txfix_gate_G6_g6_latchforce_F2.log
Running as unit: watch-txfix-gate-g6-f2-1788445099-4089468-3749.service; invocation ID: 163ff46230a246b5a51ab2f4c908d8d0
Running as unit: txfix-gate-g6-f3-1788445099-4089468-30100.service; invocation ID: dceec461a53145c594b250fe8b4b7a50
LAUNCHED txfix-gate-g6-f3-1788445099-4089468-30100 -> /mnt/onetb/scratch/qpsk-jupiter-modem/jupiter_240k5_byte/rtl_sim/beat_runs/txfix_gate_G6_g6_latchforce_F3.log
Running as unit: watch-txfix-gate-g6-f3-1788445099-4089468-30100.service; invocation ID: 47129bfcd5b74226970d4bb5ed8bd093
Running as unit: txfix-gate-g7-f1-1788445099-4089468-6874.service; invocation ID: 2b7298367ac0406e85ce7e2fb06d75f3
LAUNCHED txfix-gate-g7-f1-1788445099-4089468-6874 -> /mnt/onetb/scratch/qpsk-jupiter-modem/jupiter_240k5_byte/rtl_sim/beat_runs/txfix_gate_G7_g7_latchforce_pre_F1.log
Running as unit: watch-txfix-gate-g7-f1-1788445099-4089468-6874.service; invocation ID: 354b2db492784c19aebc26eb09306de6
Running as unit: txfix-gate-g7-f2-1788445099-4089468-25458.service; invocation ID: a4813cd409864bdc90f1ec682b4cb915
LAUNCHED txfix-gate-g7-f2-1788445099-4089468-25458 -> /mnt/onetb/scratch/qpsk-jupiter-modem/jupiter_240k5_byte/rtl_sim/beat_runs/txfix_gate_G7_g7_latchforce_pre_F2.log
Running as unit: watch-txfix-gate-g7-f2-1788445099-4089468-25458.service; invocation ID: 756ee5b7242048ffa4f18eece828626b
Running as unit: txfix-gate-g7-f3-1788445099-4089468-12393.service; invocation ID: 550d2e0601de4690b92842e45575eaad
LAUNCHED txfix-gate-g7-f3-1788445099-4089468-12393 -> /mnt/onetb/scratch/qpsk-jupiter-modem/jupiter_240k5_byte/rtl_sim/beat_runs/txfix_gate_G7_g7_latchforce_pre_F3.log
Running as unit: watch-txfix-gate-g7-f3-1788445099-4089468-12393.service; invocation ID: 928def17af70462383f15431477412fa
Running as unit: txfix-gate-g8-f1-1788445099-4089468-21787.service; invocation ID: ec4f877f5f1248269b3e3afc2ad0097c
LAUNCHED txfix-gate-g8-f1-1788445099-4089468-21787 -> /mnt/onetb/scratch/qpsk-jupiter-modem/jupiter_240k5_byte/rtl_sim/beat_runs/txfix_gate_G8_g8_fcbase3_F1.log
Running as unit: watch-txfix-gate-g8-f1-1788445099-4089468-21787.service; invocation ID: 0d24d1862c5940169e8ff40529610a7b
Running as unit: txfix-gate-g9-f2-1788445099-4089468-27367.service; invocation ID: 4e48f0668b464c4ca3cb82c3f6265423
LAUNCHED txfix-gate-g9-f2-1788445099-4089468-27367 -> /mnt/onetb/scratch/qpsk-jupiter-modem/jupiter_240k5_byte/rtl_sim/beat_runs/txfix_gate_G9_g9_fcbase3_F2.log
Running as unit: watch-txfix-gate-g9-f2-1788445099-4089468-27367.service; invocation ID: 48d943e009f44ab5a68f1ec760882a76
Running as unit: txfix-gate-g9-f3-1788445099-4089468-23980.service; invocation ID: 0e8ccb606d344aca9df3f085378acae4
LAUNCHED txfix-gate-g9-f3-1788445099-4089468-23980 -> /mnt/onetb/scratch/qpsk-jupiter-modem/jupiter_240k5_byte/rtl_sim/beat_runs/txfix_gate_G9_g9_fcbase3_F3.log
Running as unit: watch-txfix-gate-g9-f3-1788445099-4089468-23980.service; invocation ID: 54f17d482e084ea68a0cff169a701682
Running as unit: txfix-gate-g10-f2-1788445099-4089468-30235.service; invocation ID: 2106b862d5f348468affa61dca5d5b89
LAUNCHED txfix-gate-g10-f2-1788445099-4089468-30235 -> /mnt/onetb/scratch/qpsk-jupiter-modem/jupiter_240k5_byte/rtl_sim/beat_runs/txfix_gate_G10_g10_frcwrap_F2.log
Running as unit: watch-txfix-gate-g10-f2-1788445099-4089468-30235.service; invocation ID: 876584f2596e4802b4e8bc393f2a5782
Running as unit: txfix-gate-g10-f3-1788445099-4089468-28862.service; invocation ID: 33876165a47a427da28541c20bcc4f96
LAUNCHED txfix-gate-g10-f3-1788445099-4089468-28862 -> /mnt/onetb/scratch/qpsk-jupiter-modem/jupiter_240k5_byte/rtl_sim/beat_runs/txfix_gate_G10_g10_frcwrap_F3.log
Running as unit: watch-txfix-gate-g10-f3-1788445099-4089468-28862.service; invocation ID: f7f56094313442d3bc31493be15f8acf
Running as unit: txfix-gate-g11-f3-1788445099-4089468-28231.service; invocation ID: e750811078b7415d9464fa7ed49be4ea
LAUNCHED txfix-gate-g11-f3-1788445099-4089468-28231 -> /mnt/onetb/scratch/qpsk-jupiter-modem/jupiter_240k5_byte/rtl_sim/beat_runs/txfix_gate_G11_g11_nearfull_F3.log
Running as unit: watch-txfix-gate-g11-f3-1788445099-4089468-28231.service; invocation ID: c042e8d0c3d84d369ce3a0df1e3c30ae
Running as unit: txfix-gate-g12-f1-1788445099-4089468-19094.service; invocation ID: c11b347d55c34c95bc9a9a02e8eb89ed
LAUNCHED txfix-gate-g12-f1-1788445099-4089468-19094 -> /mnt/onetb/scratch/qpsk-jupiter-modem/jupiter_240k5_byte/rtl_sim/beat_runs/txfix_gate_G12_g12_nearfull_F1.log
Running as unit: watch-txfix-gate-g12-f1-1788445099-4089468-19094.service; invocation ID: 8ee53dd94f93400ba1c28ba575094e77
Running as unit: txfix-gate-g12-f2-1788445099-4089468-23942.service; invocation ID: e75377fe25534074bf59178ca53bacd6
LAUNCHED txfix-gate-g12-f2-1788445099-4089468-23942 -> /mnt/onetb/scratch/qpsk-jupiter-modem/jupiter_240k5_byte/rtl_sim/beat_runs/txfix_gate_G12_g12_nearfull_F2.log
Running as unit: watch-txfix-gate-g12-f2-1788445099-4089468-23942.service; invocation ID: 81bf8b5f7aeb4d6d9e4bd663a3f6d00f
TXFIX_GATE_LAUNCH_DONE n=26
