%Warning-WIDTHEXPAND: FIFO.v:225:59: Operator COND expects 15 bits on the Conditional False, but Conditional False's SEL generates 14 bits.
                                   : ... note: In instance 'TxRxComposite.u_Receiver.u_QPSK_Rx.u_Frequency_and_Time_Synchronizer.u_Preamble_Detector.u_FIFO'
  225 |   wire [13:0] wit_addr_diff = (wit_diff_raw >= 15'd12333) ? (wit_diff_raw - 15'd12333) : wit_diff_raw[13:0];
      |                                                           ^
                      Preamble_Detector.v:328:1: ... note: In file included from 'Preamble_Detector.v'
                      Frequency_and_Time_Synchronizer.v:190:1: ... note: In file included from 'Frequency_and_Time_Synchronizer.v'
                      QPSK_Rx.v:297:1: ... note: In file included from 'QPSK_Rx.v'
                      Receiver.v:410:1: ... note: In file included from 'Receiver.v'
                      TxRxComposite.v:784:1: ... note: In file included from 'TxRxComposite.v'
                      ... For warning description see https://verilator.org/warn/WIDTHEXPAND?v=5.020
                      ... Use "/* verilator lint_off WIDTHEXPAND */" and lint_on around source to disable this message.
%Warning-WIDTHTRUNC: FIFO.v:225:29: Operator ASSIGNW expects 14 bits on the Assign RHS, but Assign RHS's COND generates 15 bits.
                                  : ... note: In instance 'TxRxComposite.u_Receiver.u_QPSK_Rx.u_Frequency_and_Time_Synchronizer.u_Preamble_Detector.u_FIFO'
  225 |   wire [13:0] wit_addr_diff = (wit_diff_raw >= 15'd12333) ? (wit_diff_raw - 15'd12333) : wit_diff_raw[13:0];
      |                             ^
                     Preamble_Detector.v:328:1: ... note: In file included from 'Preamble_Detector.v'
                     Frequency_and_Time_Synchronizer.v:190:1: ... note: In file included from 'Frequency_and_Time_Synchronizer.v'
                     QPSK_Rx.v:297:1: ... note: In file included from 'QPSK_Rx.v'
                     Receiver.v:410:1: ... note: In file included from 'Receiver.v'
                     TxRxComposite.v:784:1: ... note: In file included from 'TxRxComposite.v'
%Warning-WIDTHEXPAND: Interpolation_Filter.v:981:54: Operator ADD expects 16 bits on the RHS, but RHS's SIGNED generates 2 bits.
                                                   : ... note: In instance 'TxRxComposite.u_Receiver.u_QPSK_Rx.u_Frequency_and_Time_Synchronizer.u_Symbol_Synchronizer.u_Interpolation_Filter'
  981 |   assign Product1_out1_re = Product1_mul_temp[26:11] + $signed({1'b0, Product1_mul_temp[26] & (|Product1_mul_temp[10:0])});
      |                                                      ^
                      Symbol_Synchronizer.v:385:1: ... note: In file included from 'Symbol_Synchronizer.v'
                      Frequency_and_Time_Synchronizer.v:142:1: ... note: In file included from 'Frequency_and_Time_Synchronizer.v'
                      QPSK_Rx.v:297:1: ... note: In file included from 'QPSK_Rx.v'
                      Receiver.v:410:1: ... note: In file included from 'Receiver.v'
                      TxRxComposite.v:784:1: ... note: In file included from 'TxRxComposite.v'
%Warning-WIDTHEXPAND: Interpolation_Filter.v:983:56: Operator ADD expects 16 bits on the RHS, but RHS's SIGNED generates 2 bits.
                                                   : ... note: In instance 'TxRxComposite.u_Receiver.u_QPSK_Rx.u_Frequency_and_Time_Synchronizer.u_Symbol_Synchronizer.u_Interpolation_Filter'
  983 |   assign Product1_out1_im = Product1_mul_temp_1[26:11] + $signed({1'b0, Product1_mul_temp_1[26] & (|Product1_mul_temp_1[10:0])});
      |                                                        ^
                      Symbol_Synchronizer.v:385:1: ... note: In file included from 'Symbol_Synchronizer.v'
                      Frequency_and_Time_Synchronizer.v:142:1: ... note: In file included from 'Frequency_and_Time_Synchronizer.v'
                      QPSK_Rx.v:297:1: ... note: In file included from 'QPSK_Rx.v'
                      Receiver.v:410:1: ... note: In file included from 'Receiver.v'
                      TxRxComposite.v:784:1: ... note: In file included from 'TxRxComposite.v'
%Warning-WIDTHEXPAND: Interpolation_Filter.v:1120:54: Operator ADD expects 16 bits on the RHS, but RHS's SIGNED generates 2 bits.
                                                    : ... note: In instance 'TxRxComposite.u_Receiver.u_QPSK_Rx.u_Frequency_and_Time_Synchronizer.u_Symbol_Synchronizer.u_Interpolation_Filter'
 1120 |   assign Product2_out1_re = Product2_mul_temp[25:10] + $signed({1'b0, Product2_mul_temp[26] & (|Product2_mul_temp[9:0])});
      |                                                      ^
                      Symbol_Synchronizer.v:385:1: ... note: In file included from 'Symbol_Synchronizer.v'
                      Frequency_and_Time_Synchronizer.v:142:1: ... note: In file included from 'Frequency_and_Time_Synchronizer.v'
                      QPSK_Rx.v:297:1: ... note: In file included from 'QPSK_Rx.v'
                      Receiver.v:410:1: ... note: In file included from 'Receiver.v'
                      TxRxComposite.v:784:1: ... note: In file included from 'TxRxComposite.v'
%Warning-WIDTHEXPAND: Interpolation_Filter.v:1122:56: Operator ADD expects 16 bits on the RHS, but RHS's SIGNED generates 2 bits.
                                                    : ... note: In instance 'TxRxComposite.u_Receiver.u_QPSK_Rx.u_Frequency_and_Time_Synchronizer.u_Symbol_Synchronizer.u_Interpolation_Filter'
 1122 |   assign Product2_out1_im = Product2_mul_temp_1[25:10] + $signed({1'b0, Product2_mul_temp_1[26] & (|Product2_mul_temp_1[9:0])});
      |                                                        ^
                      Symbol_Synchronizer.v:385:1: ... note: In file included from 'Symbol_Synchronizer.v'
                      Frequency_and_Time_Synchronizer.v:142:1: ... note: In file included from 'Frequency_and_Time_Synchronizer.v'
                      QPSK_Rx.v:297:1: ... note: In file included from 'QPSK_Rx.v'
                      Receiver.v:410:1: ... note: In file included from 'Receiver.v'
                      TxRxComposite.v:784:1: ... note: In file included from 'TxRxComposite.v'
%Warning-WIDTHEXPAND: TxInterleaveK5.v:334:61: Operator SUB expects 32 bits on the LHS, but LHS's SIGNED generates 17 bits.
                                             : ... note: In instance 'TxRxComposite.u_Transmitter.u_Input_Data.u_FEC_Tx_Encoder_K5.u_TxInterleaveK5'
  334 |   assign dataOut_3 = p102dataOut_1[$signed({1'b0, beatIdx}) - 32'sd24592];
      |                                                             ^
                      FEC_Tx_Encoder_K5.v:85:1: ... note: In file included from 'FEC_Tx_Encoder_K5.v'
                      Input_Data.v:128:1: ... note: In file included from 'Input_Data.v'
                      Transmitter.v:131:1: ... note: In file included from 'Transmitter.v'
                      TxRxComposite.v:652:1: ... note: In file included from 'TxRxComposite.v'
%Warning-WIDTHEXPAND: MATLAB_Function_block3.v:936:26: Operator ADD expects 64 bits on the RHS, but RHS's VARREF 'bb' generates 32 bits.
                                                     : ... note: In instance 'TxRxComposite.u_Transmitter.u_Input_Data.u_Message_Generator.u_MATLAB_Function'
  936 |         msgbits[add_cast + bb] = wv[bm1] != 1'b0;
      |                          ^
                      Message_Generator.v:49:1: ... note: In file included from 'Message_Generator.v'
                      Input_Data.v:92:1: ... note: In file included from 'Input_Data.v'
                      Transmitter.v:131:1: ... note: In file included from 'Transmitter.v'
                      TxRxComposite.v:652:1: ... note: In file included from 'TxRxComposite.v'
%Warning-WIDTHTRUNC: MATLAB_Function_block3.v:936:16: Bit extraction of var[24639:0] requires 15 bit index, not 64 bits.
                                                    : ... note: In instance 'TxRxComposite.u_Transmitter.u_Input_Data.u_Message_Generator.u_MATLAB_Function'
  936 |         msgbits[add_cast + bb] = wv[bm1] != 1'b0;
      |                ^
                     Message_Generator.v:49:1: ... note: In file included from 'Message_Generator.v'
                     Input_Data.v:92:1: ... note: In file included from 'Input_Data.v'
                     Transmitter.v:131:1: ... note: In file included from 'Transmitter.v'
                     TxRxComposite.v:652:1: ... note: In file included from 'TxRxComposite.v'
%Warning-WIDTHTRUNC: MATLAB_Function_block3.v:936:36: Bit extraction of var[31:0] requires 5 bit index, not 8 bits.
                                                    : ... note: In instance 'TxRxComposite.u_Transmitter.u_Input_Data.u_Message_Generator.u_MATLAB_Function'
  936 |         msgbits[add_cast + bb] = wv[bm1] != 1'b0;
      |                                    ^
                     Message_Generator.v:49:1: ... note: In file included from 'Message_Generator.v'
                     Input_Data.v:92:1: ... note: In file included from 'Input_Data.v'
                     Transmitter.v:131:1: ... note: In file included from 'Transmitter.v'
                     TxRxComposite.v:652:1: ... note: In file included from 'TxRxComposite.v'
%Warning-WIDTHTRUNC: MATLAB_Function_block3.v:955:24: Bit extraction of var[24639:0] requires 15 bit index, not 33 bits.
                                                    : ... note: In instance 'TxRxComposite.u_Transmitter.u_Input_Data.u_Message_Generator.u_MATLAB_Function'
  955 |         out_1 = msgbits[$signed({1'b0, sub_cast}) - 32'sd1];
      |                        ^
                     Message_Generator.v:49:1: ... note: In file included from 'Message_Generator.v'
                     Input_Data.v:92:1: ... note: In file included from 'Input_Data.v'
                     Transmitter.v:131:1: ... note: In file included from 'Transmitter.v'
                     TxRxComposite.v:652:1: ... note: In file included from 'TxRxComposite.v'
%Warning-WIDTHTRUNC: MATLAB_Function.v:334:36: Bit extraction of array[119:0] requires 7 bit index, not 33 bits.
                                             : ... note: In instance 'TxRxComposite.u_Receiver.u_Capture_Data_Bits.u_MATLAB_Function'
  334 |   assign p12tmp_2 = {{24{p12tmp_tmp[$signed({1'b0, tmp_3}) - 32'sd1][7]}}, p12tmp_tmp[$signed({1'b0, tmp_3}) - 32'sd1]};
      |                                    ^
                     Capture_Data_Bits.v:78:1: ... note: In file included from 'Capture_Data_Bits.v'
                     Receiver.v:478:1: ... note: In file included from 'Receiver.v'
                     TxRxComposite.v:784:1: ... note: In file included from 'TxRxComposite.v'
%Warning-WIDTHTRUNC: MATLAB_Function.v:334:86: Bit extraction of array[119:0] requires 7 bit index, not 33 bits.
                                             : ... note: In instance 'TxRxComposite.u_Receiver.u_Capture_Data_Bits.u_MATLAB_Function'
  334 |   assign p12tmp_2 = {{24{p12tmp_tmp[$signed({1'b0, tmp_3}) - 32'sd1][7]}}, p12tmp_tmp[$signed({1'b0, tmp_3}) - 32'sd1]};
      |                                                                                      ^
                     Capture_Data_Bits.v:78:1: ... note: In file included from 'Capture_Data_Bits.v'
                     Receiver.v:478:1: ... note: In file included from 'Receiver.v'
                     TxRxComposite.v:784:1: ... note: In file included from 'TxRxComposite.v'
%Warning-WIDTHEXPAND: BeatObs.v:105:35: Operator AND expects 64 bits on the LHS, but LHS's VARREF 's_9' generates 32 bits.
                                      : ... note: In instance 'TxRxComposite.u_Receiver.u_QPSK_Rx.u_BeatObs'
  105 |   assign mul_temp = 32'd32 * (s_9 & 32'd3);
      |                                   ^
                      QPSK_Rx.v:658:1: ... note: In file included from 'QPSK_Rx.v'
                      Receiver.v:410:1: ... note: In file included from 'Receiver.v'
                      TxRxComposite.v:784:1: ... note: In file included from 'TxRxComposite.v'
%Warning-WIDTHEXPAND: BeatObs.v:105:35: Operator AND expects 64 bits on the RHS, but RHS's CONST '32'h3' generates 32 bits.
                                      : ... note: In instance 'TxRxComposite.u_Receiver.u_QPSK_Rx.u_BeatObs'
  105 |   assign mul_temp = 32'd32 * (s_9 & 32'd3);
      |                                   ^
                      QPSK_Rx.v:658:1: ... note: In file included from 'QPSK_Rx.v'
                      Receiver.v:410:1: ... note: In file included from 'Receiver.v'
                      TxRxComposite.v:784:1: ... note: In file included from 'TxRxComposite.v'
%Warning-WIDTHEXPAND: BeatObs.v:112:39: Operator AND expects 64 bits on the LHS, but LHS's VARREF 's_10' generates 32 bits.
                                      : ... note: In instance 'TxRxComposite.u_Receiver.u_QPSK_Rx.u_BeatObs'
  112 |   assign mul_temp_1 = 32'd256 * (s_10 & 32'd255);
      |                                       ^
                      QPSK_Rx.v:658:1: ... note: In file included from 'QPSK_Rx.v'
                      Receiver.v:410:1: ... note: In file included from 'Receiver.v'
                      TxRxComposite.v:784:1: ... note: In file included from 'TxRxComposite.v'
%Warning-WIDTHEXPAND: BeatObs.v:112:39: Operator AND expects 64 bits on the RHS, but RHS's CONST '32'hff' generates 32 bits.
                                      : ... note: In instance 'TxRxComposite.u_Receiver.u_QPSK_Rx.u_BeatObs'
  112 |   assign mul_temp_1 = 32'd256 * (s_10 & 32'd255);
      |                                       ^
                      QPSK_Rx.v:658:1: ... note: In file included from 'QPSK_Rx.v'
                      Receiver.v:410:1: ... note: In file included from 'Receiver.v'
                      TxRxComposite.v:784:1: ... note: In file included from 'TxRxComposite.v'
%Warning-WIDTHTRUNC: ByteBitShifter.v:231:29: Bit extraction of var[63:0] requires 6 bit index, not 64 bits.
                                            : ... note: In instance 'TxRxComposite.u_Transmitter.u_Input_Data.u_ByteBitShifter'
  231 |         bit_rsvd_1 = byteVal[bm1] != 1'b0;
      |                             ^
                     Input_Data.v:115:1: ... note: In file included from 'Input_Data.v'
                     Transmitter.v:131:1: ... note: In file included from 'Transmitter.v'
                     TxRxComposite.v:652:1: ... note: In file included from 'TxRxComposite.v'
%Warning-WIDTHTRUNC: FrameStatFifo.v:232:17: Bit extraction of array[63:0] requires 6 bit index, not 16 bits.
                                           : ... note: In instance 'TxRxComposite.u_FrameStatFifo'
  232 |         mem_temp[wr] = rec;
      |                 ^
                     TxRxComposite.v:1763:1: ... note: In file included from 'TxRxComposite.v'
%Warning-WIDTHTRUNC: FrameStatFifo.v:251:20: Bit extraction of array[63:0] requires 6 bit index, not 16 bits.
                                           : ... note: In instance 'TxRxComposite.u_FrameStatFifo'
  251 |     head = mem_temp[rd_temp];
      |                    ^
                     TxRxComposite.v:1763:1: ... note: In file included from 'TxRxComposite.v'
%Warning-WIDTHTRUNC: ByteRxFifo.v:274:15: Bit extraction of array[63:0] requires 6 bit index, not 16 bits.
                                        : ... note: In instance 'TxRxComposite.u_ByteRxFifo'
  274 |       mem_temp[wr] = word;
      |               ^
                     TxRxComposite.v:1614:1: ... note: In file included from 'TxRxComposite.v'
%Warning-WIDTHTRUNC: ByteRxFifo.v:280:17: Bit extraction of array[63:0] requires 6 bit index, not 16 bits.
                                        : ... note: In instance 'TxRxComposite.u_ByteRxFifo'
  280 |       memFl_temp[wr] = add_temp_0[7:0];
      |                 ^
                     TxRxComposite.v:1614:1: ... note: In file included from 'TxRxComposite.v'
%Warning-WIDTHTRUNC: ByteRxFifo.v:284:25: Bit extraction of array[63:0] requires 6 bit index, not 16 bits.
                                        : ... note: In instance 'TxRxComposite.u_ByteRxFifo'
  284 |     outWord_1 = mem_temp[rd_temp];
      |                         ^
                     TxRxComposite.v:1614:1: ... note: In file included from 'TxRxComposite.v'
%Warning-WIDTHTRUNC: ByteRxFifo.v:285:20: Bit extraction of array[63:0] requires 6 bit index, not 16 bits.
                                        : ... note: In instance 'TxRxComposite.u_ByteRxFifo'
  285 |     fl = memFl_temp[rd_temp];
      |                    ^
                     TxRxComposite.v:1614:1: ... note: In file included from 'TxRxComposite.v'
%Warning-WIDTHEXPAND: REP_TxQ.v:1563:33: Operator ADD expects 16 bits on the RHS, but RHS's SIGNED generates 2 bits.
                                       : ... note: In instance 'TxRxComposite.u_REP_TxQ'
 1563 |               addtree_24[30:15] + $signed({1'b0, addtree_24[14]})));
      |                                 ^
                      TxRxComposite.v:1139:1: ... note: In file included from 'TxRxComposite.v'
%Warning-WIDTHEXPAND: REP_TxI.v:1563:33: Operator ADD expects 16 bits on the RHS, but RHS's SIGNED generates 2 bits.
                                       : ... note: In instance 'TxRxComposite.u_REP_TxI'
 1563 |               addtree_24[30:15] + $signed({1'b0, addtree_24[14]})));
      |                                 ^
                      TxRxComposite.v:1072:1: ... note: In file included from 'TxRxComposite.v'
%Warning-WIDTHEXPAND: ByteWordBuffer.v:242:52: Operator SUB expects 32 bits on the LHS, but LHS's SIGNED generates 9 bits.
                                             : ... note: In instance 'TxRxComposite.u_ByteWordBuffer'
  242 |     word_1 = state_buf_1[$signed({1'b0, sub_cast}) - 32'sd1];
      |                                                    ^
                      TxRxComposite.v:624:1: ... note: In file included from 'TxRxComposite.v'
%Warning-WIDTHEXPAND: ByteWordBuffer.v:251:60: Operator SUB expects 32 bits on the LHS, but LHS's SIGNED generates 9 bits.
                                             : ... note: In instance 'TxRxComposite.u_ByteWordBuffer'
  251 |     wordFirst_1 = state_bufF_1[$signed({1'b0, sub_cast_0}) - 32'sd1];
      |                                                            ^
                      TxRxComposite.v:624:1: ... note: In file included from 'TxRxComposite.v'
%Warning-WIDTHTRUNC: ByteWordBuffer.v:270:18: Bit extraction of array[15:0] requires 4 bit index, not 8 bits.
                                            : ... note: In instance 'TxRxComposite.u_ByteWordBuffer'
  270 |       state_buf_1[wr] = dataIn;
      |                  ^
                     TxRxComposite.v:624:1: ... note: In file included from 'TxRxComposite.v'
%Warning-WIDTHTRUNC: ByteWordBuffer.v:271:19: Bit extraction of var[15:0] requires 4 bit index, not 8 bits.
                                            : ... note: In instance 'TxRxComposite.u_ByteWordBuffer'
  271 |       state_bufF_1[wr] = firstIn;
      |                   ^
                     TxRxComposite.v:624:1: ... note: In file included from 'TxRxComposite.v'
%Warning-WIDTHCONCAT: Preamble_Detector.v:312:30: More than a 8k bit replication is probably wrong: 49332
                                                : ... note: In instance 'TxRxComposite.u_Receiver.u_QPSK_Rx.u_Frequency_and_Time_Synchronizer.u_Preamble_Detector'
  312 |         Delay10_reg <= {49332{1'b0}};
      |                              ^
                      Frequency_and_Time_Synchronizer.v:190:1: ... note: In file included from 'Frequency_and_Time_Synchronizer.v'
                      QPSK_Rx.v:297:1: ... note: In file included from 'QPSK_Rx.v'
                      Receiver.v:410:1: ... note: In file included from 'Receiver.v'
                      TxRxComposite.v:784:1: ... note: In file included from 'TxRxComposite.v'
%Warning-LATCH: FrameStatChecksum.v:112:3: Latch inferred for signal 'TxRxComposite.u_FrameStatChecksum.t_1' (not all control paths of combinational always assign a value)
                                         : ... Suggest use of always_latch for intentional latches
  112 |   always @(acc, prevStr, prevTog, strobe, word, wordTog) begin
      |   ^~~~~~
                TxRxComposite.v:1740:1: ... note: In file included from 'TxRxComposite.v'
%Warning-LATCH: FrameStatChecksum.v:112:3: Latch inferred for signal 'TxRxComposite.u_FrameStatChecksum.t_3' (not all control paths of combinational always assign a value)
                                         : ... Suggest use of always_latch for intentional latches
  112 |   always @(acc, prevStr, prevTog, strobe, word, wordTog) begin
      |   ^~~~~~
                TxRxComposite.v:1740:1: ... note: In file included from 'TxRxComposite.v'
%Warning-LATCH: FrameStatChecksum.v:112:3: Latch inferred for signal 'TxRxComposite.u_FrameStatChecksum.t_4' (not all control paths of combinational always assign a value)
                                         : ... Suggest use of always_latch for intentional latches
  112 |   always @(acc, prevStr, prevTog, strobe, word, wordTog) begin
      |   ^~~~~~
                TxRxComposite.v:1740:1: ... note: In file included from 'TxRxComposite.v'
%Warning-LATCH: FrameStatChecksum.v:112:3: Latch inferred for signal 'TxRxComposite.u_FrameStatChecksum.t_2' (not all control paths of combinational always assign a value)
                                         : ... Suggest use of always_latch for intentional latches
  112 |   always @(acc, prevStr, prevTog, strobe, word, wordTog) begin
      |   ^~~~~~
                TxRxComposite.v:1740:1: ... note: In file included from 'TxRxComposite.v'
%Warning-LATCH: FrameStatChecksum.v:112:3: Latch inferred for signal 'TxRxComposite.u_FrameStatChecksum.prevTog_next' (not all control paths of combinational always assign a value)
                                         : ... Suggest use of always_latch for intentional latches
  112 |   always @(acc, prevStr, prevTog, strobe, word, wordTog) begin
      |   ^~~~~~
                TxRxComposite.v:1740:1: ... note: In file included from 'TxRxComposite.v'
%Warning-LATCH: FrameStatChecksum.v:112:3: Latch inferred for signal 'TxRxComposite.u_FrameStatChecksum.chk_1' (not all control paths of combinational always assign a value)
                                         : ... Suggest use of always_latch for intentional latches
  112 |   always @(acc, prevStr, prevTog, strobe, word, wordTog) begin
      |   ^~~~~~
                TxRxComposite.v:1740:1: ... note: In file included from 'TxRxComposite.v'
%Warning-LATCH: FrameStatChecksum.v:112:3: Latch inferred for signal 'TxRxComposite.u_FrameStatChecksum.acc_next' (not all control paths of combinational always assign a value)
                                         : ... Suggest use of always_latch for intentional latches
  112 |   always @(acc, prevStr, prevTog, strobe, word, wordTog) begin
      |   ^~~~~~
                TxRxComposite.v:1740:1: ... note: In file included from 'TxRxComposite.v'
%Warning-LATCH: FrameStatProbe.v:164:3: Latch inferred for signal 'TxRxComposite.u_FrameStatProbe.t_2' (not all control paths of combinational always assign a value)
                                      : ... Suggest use of always_latch for intentional latches
  164 |   always @(adcFor, cfcEst_1, chk, pktCnt, prevRst, prevStr, rec_r, rstcsCnt_1, runMax_1,
      |   ^~~~~~
                TxRxComposite.v:1749:1: ... note: In file included from 'TxRxComposite.v'
%Warning-LATCH: FrameStatProbe.v:164:3: Latch inferred for signal 'TxRxComposite.u_FrameStatProbe.t_3' (not all control paths of combinational always assign a value)
                                      : ... Suggest use of always_latch for intentional latches
  164 |   always @(adcFor, cfcEst_1, chk, pktCnt, prevRst, prevStr, rec_r, rstcsCnt_1, runMax_1,
      |   ^~~~~~
                TxRxComposite.v:1749:1: ... note: In file included from 'TxRxComposite.v'
%Warning-LATCH: FrameStatProbe.v:164:3: Latch inferred for signal 'TxRxComposite.u_FrameStatProbe.t_4' (not all control paths of combinational always assign a value)
                                      : ... Suggest use of always_latch for intentional latches
  164 |   always @(adcFor, cfcEst_1, chk, pktCnt, prevRst, prevStr, rec_r, rstcsCnt_1, runMax_1,
      |   ^~~~~~
                TxRxComposite.v:1749:1: ... note: In file included from 'TxRxComposite.v'
%Warning-LATCH: FrameStatProbe.v:164:3: Latch inferred for signal 'TxRxComposite.u_FrameStatProbe.t_5' (not all control paths of combinational always assign a value)
                                      : ... Suggest use of always_latch for intentional latches
  164 |   always @(adcFor, cfcEst_1, chk, pktCnt, prevRst, prevStr, rec_r, rstcsCnt_1, runMax_1,
      |   ^~~~~~
                TxRxComposite.v:1749:1: ... note: In file included from 'TxRxComposite.v'
%Warning-LATCH: FrameStatProbe.v:164:3: Latch inferred for signal 'TxRxComposite.u_FrameStatProbe.rec_1' (not all control paths of combinational always assign a value)
                                      : ... Suggest use of always_latch for intentional latches
  164 |   always @(adcFor, cfcEst_1, chk, pktCnt, prevRst, prevStr, rec_r, rstcsCnt_1, runMax_1,
      |   ^~~~~~
                TxRxComposite.v:1749:1: ... note: In file included from 'TxRxComposite.v'
%Warning-LATCH: FrameStatProbe.v:164:3: Latch inferred for signal 'TxRxComposite.u_FrameStatProbe.rec_r_next' (not all control paths of combinational always assign a value)
                                      : ... Suggest use of always_latch for intentional latches
  164 |   always @(adcFor, cfcEst_1, chk, pktCnt, prevRst, prevStr, rec_r, rstcsCnt_1, runMax_1,
      |   ^~~~~~
                TxRxComposite.v:1749:1: ... note: In file included from 'TxRxComposite.v'
